Component: ARM Compiler 5.06 update 7 (build 960) Tool: armlink [4d3601]

==============================================================================

Section Cross References

    startup_stm32h743xx.o(RESET) refers to startup_stm32h743xx.o(STACK) for __initial_sp
    startup_stm32h743xx.o(RESET) refers to startup_stm32h743xx.o(.text) for Reset_Handler
    startup_stm32h743xx.o(RESET) refers to stm32h7xx_it.o(i.NMI_Handler) for NMI_Handler
    startup_stm32h743xx.o(RESET) refers to stm32h7xx_it.o(i.HardFault_Handler) for HardFault_Handler
    startup_stm32h743xx.o(RESET) refers to stm32h7xx_it.o(i.MemManage_Handler) for MemManage_Handler
    startup_stm32h743xx.o(RESET) refers to stm32h7xx_it.o(i.BusFault_Handler) for BusFault_Handler
    startup_stm32h743xx.o(RESET) refers to stm32h7xx_it.o(i.UsageFault_Handler) for UsageFault_Handler
    startup_stm32h743xx.o(RESET) refers to port.o(.emb_text) for SVC_Handler
    startup_stm32h743xx.o(RESET) refers to stm32h7xx_it.o(i.DebugMon_Handler) for DebugMon_Handler
    startup_stm32h743xx.o(RESET) refers to cmsis_os2.o(i.SysTick_Handler) for SysTick_Handler
    startup_stm32h743xx.o(RESET) refers to stm32h7xx_it.o(i.USART1_IRQHandler) for USART1_IRQHandler
    startup_stm32h743xx.o(RESET) refers to stm32h7xx_it.o(i.UART5_IRQHandler) for UART5_IRQHandler
    startup_stm32h743xx.o(RESET) refers to stm32h7xx_it.o(i.TIM6_DAC_IRQHandler) for TIM6_DAC_IRQHandler
    startup_stm32h743xx.o(RESET) refers to stm32h7xx_it.o(i.TIM7_IRQHandler) for TIM7_IRQHandler
    startup_stm32h743xx.o(RESET) refers to stm32h7xx_it.o(i.I2C4_EV_IRQHandler) for I2C4_EV_IRQHandler
    startup_stm32h743xx.o(RESET) refers to stm32h7xx_it.o(i.I2C4_ER_IRQHandler) for I2C4_ER_IRQHandler
    startup_stm32h743xx.o(.text) refers to system_stm32h7xx.o(i.SystemInit) for SystemInit
    startup_stm32h743xx.o(.text) refers to entry.o(.ARM.Collect$$$$00000000) for __main
    main.o(i.HAL_TIM_PeriodElapsedCallback) refers to stm32h7xx_hal.o(i.HAL_IncTick) for HAL_IncTick
    main.o(i.HAL_TIM_PeriodElapsedCallback) refers to porttimer.o(i.prvvTIMERExpiredISR) for prvvTIMERExpiredISR
    main.o(i.SystemClock_Config) refers to memseta.o(.text) for __aeabi_memclr4
    main.o(i.SystemClock_Config) refers to stm32h7xx_hal_pwr_ex.o(i.HAL_PWREx_ConfigSupply) for HAL_PWREx_ConfigSupply
    main.o(i.SystemClock_Config) refers to stm32h7xx_hal_rcc.o(i.HAL_RCC_ClockConfig) for HAL_RCC_ClockConfig
    main.o(i.main) refers to stm32h7xx_hal.o(i.HAL_Init) for HAL_Init
    main.o(i.main) refers to main.o(i.SystemClock_Config) for SystemClock_Config
    main.o(i.main) refers to gpio.o(i.MX_GPIO_Init) for MX_GPIO_Init
    main.o(i.main) refers to usart.o(i.MX_USART1_UART_Init) for MX_USART1_UART_Init
    main.o(i.main) refers to i2c.o(i.MX_I2C4_Init) for MX_I2C4_Init
    main.o(i.main) refers to tim.o(i.MX_TIM7_Init) for MX_TIM7_Init
    main.o(i.main) refers to usart.o(i.MX_UART5_Init) for MX_UART5_Init
    main.o(i.main) refers to i2c4.o(i.I2C_Test) for I2C_Test
    main.o(i.main) refers to usart.o(i.Print_CPU_INFO) for Print_CPU_INFO
    main.o(i.main) refers to mb.o(i.eMBInit) for eMBInit
    main.o(i.main) refers to mb.o(i.eMBEnable) for eMBEnable
    main.o(i.main) refers to cmsis_os2.o(i.osKernelInitialize) for osKernelInitialize
    main.o(i.main) refers to freertos.o(i.MX_FREERTOS_Init) for MX_FREERTOS_Init
    main.o(i.main) refers to cmsis_os2.o(i.osKernelStart) for osKernelStart
    gpio.o(i.MX_GPIO_Init) refers to memseta.o(.text) for __aeabi_memclr4
    gpio.o(i.MX_GPIO_Init) refers to stm32h7xx_hal_gpio.o(i.HAL_GPIO_WritePin) for HAL_GPIO_WritePin
    gpio.o(i.MX_GPIO_Init) refers to stm32h7xx_hal_gpio.o(i.HAL_GPIO_Init) for HAL_GPIO_Init
    freertos.o(i.MB_Slave_Task_Entry) refers to cmsis_os2.o(i.osDelay) for osDelay
    freertos.o(i.MX_FREERTOS_Init) refers to cmsis_os2.o(i.osThreadNew) for osThreadNew
    freertos.o(i.MX_FREERTOS_Init) refers to freertos.o(.constdata) for .constdata
    freertos.o(i.MX_FREERTOS_Init) refers to freertos.o(i.StartDefaultTask) for StartDefaultTask
    freertos.o(i.MX_FREERTOS_Init) refers to freertos.o(.data) for .data
    freertos.o(i.MX_FREERTOS_Init) refers to freertos.o(i.StartTask02) for StartTask02
    freertos.o(i.MX_FREERTOS_Init) refers to freertos.o(i.StartTask03) for StartTask03
    freertos.o(i.MX_FREERTOS_Init) refers to freertos.o(i.StartTask04) for StartTask04
    freertos.o(i.MX_FREERTOS_Init) refers to mb_slave_task.o(i.MB_Slave_Task_Entry) for MB_Slave_Task_Entry
    freertos.o(i.StartDefaultTask) refers to cmsis_os2.o(i.osDelay) for osDelay
    freertos.o(i.StartTask02) refers to cmsis_os2.o(i.osDelay) for osDelay
    freertos.o(i.StartTask03) refers to cmsis_os2.o(i.osDelay) for osDelay
    freertos.o(i.StartTask04) refers to cmsis_os2.o(i.osDelay) for osDelay
    freertos.o(.constdata) refers to freertos.o(.conststring) for .conststring
    freertos.o(.constdata) refers to freertos.o(.bss) for myTask02ControlBlock
[...]
    .bss                                     0x240024b4   Section       76  stm32h7xx_hal_timebase_tim.o(.bss)
    .bss                                     0x24002500   Section       64  queue.o(.bss)
    .bss                                     0x24002540   Section     1220  tasks.o(.bss)
    pxReadyTasksLists                        0x24002540   Data        1120  tasks.o(.bss)
    xDelayedTaskList1                        0x240029a0   Data          20  tasks.o(.bss)
    xDelayedTaskList2                        0x240029b4   Data          20  tasks.o(.bss)
    xPendingReadyList                        0x240029c8   Data          20  tasks.o(.bss)
    xTasksWaitingTermination                 0x240029dc   Data          20  tasks.o(.bss)
    xSuspendedTaskList                       0x240029f0   Data          20  tasks.o(.bss)
    .bss                                     0x24002a04   Section      280  timers.o(.bss)
    xStaticTimerQueue                        0x24002a04   Data          80  timers.o(.bss)
    ucStaticTimerQueueStorage                0x24002a54   Data         160  timers.o(.bss)
    xActiveTimerList1                        0x24002af4   Data          20  timers.o(.bss)
    xActiveTimerList2                        0x24002b08   Data          20  timers.o(.bss)
    .bss                                     0x24002b1c   Section     1720  cmsis_os2.o(.bss)
    Idle_TCB                                 0x24002b1c   Data          92  cmsis_os2.o(.bss)
    Idle_Stack                               0x24002b78   Data         512  cmsis_os2.o(.bss)
    Timer_TCB                                0x24002d78   Data          92  cmsis_os2.o(.bss)
    Timer_Stack                              0x24002dd4   Data        1024  cmsis_os2.o(.bss)
    .bss                                     0x240031d4   Section    15360  heap_4.o(.bss)
    ucHeap                                   0x240031d4   Data       15360  heap_4.o(.bss)
    .bss                                     0x24006dd4   Section      256  mbrtu.o(.bss)
    .bss                                     0x24006ed4   Section       32  mbfuncother.o(.bss)
    ucMBSlaveID                              0x24006ed4   Data          32  mbfuncother.o(.bss)
    .bss                                     0x24006ef4   Section      200  mb_slave_task.o(.bss)
    .bss                                     0x24006fbc   Section      512  i2c4.o(.bss)
    STACK                                    0x240071c0   Section     1024  startup_stm32h743xx.o(STACK)

    Global Symbols

    Symbol Name                              Value     Ov Type        Size  Object(Section)

    BuildAttributes$$THM_ISAv4$E$P$D$K$B$S$7EM$VFPv5_D16$PE$PLD8$A:L22UL41UL21$X:L11$S22US41US21$IEEE1$IW$USESV6$~STKCKD$USESV7$~SHL$OSPACE$ROPI$EBA8$MICROLIB$REQ8$PRES8$EABIv2 0x00000000   Number         0  anon$$obj.o ABSOLUTE
    __ARM_use_no_argv                        0x00000000   Number         0  main.o ABSOLUTE
    _printf_a                                0x00000000   Number         0  stubs.o ABSOLUTE
    _printf_c                                0x00000000   Number         0  stubs.o ABSOLUTE
    _printf_charcount                        0x00000000   Number         0  stubs.o ABSOLUTE
    _printf_d                                0x00000000   Number         0  stubs.o ABSOLUTE
    _printf_e                                0x00000000   Number         0  stubs.o ABSOLUTE
    _printf_f                                0x00000000   Number         0  stubs.o ABSOLUTE
    _printf_flags                            0x00000000   Number         0  stubs.o ABSOLUTE
    _printf_fp_dec                           0x00000000   Number         0  stubs.o ABSOLUTE
    _printf_fp_hex                           0x00000000   Number         0  stubs.o ABSOLUTE
    _printf_g                                0x00000000   Number         0  stubs.o ABSOLUTE
    _printf_i                                0x00000000   Number         0  stubs.o ABSOLUTE
    _printf_int_dec                          0x00000000   Number         0  stubs.o ABSOLUTE
    _printf_l                                0x00000000   Number         0  stubs.o ABSOLUTE
    _printf_lc                               0x00000000   Number         0  stubs.o ABSOLUTE
    _printf_ll                               0x00000000   Number         0  stubs.o ABSOLUTE
    _printf_lld                              0x00000000   Number         0  stubs.o ABSOLUTE
    _printf_lli                              0x00000000   Number         0  stubs.o ABSOLUTE
    _printf_llo                              0x00000000   Number         0  stubs.o ABSOLUTE
    _printf_llu                              0x00000000   Number         0  stubs.o ABSOLUTE
    _printf_llx                              0x00000000   Number         0  stubs.o ABSOLUTE
    _printf_longlong_dec                     0x00000000   Number         0  stubs.o ABSOLUTE
    _printf_longlong_hex                     0x00000000   Number         0  stubs.o ABSOLUTE
    _printf_longlong_oct                     0x00000000   Number         0  stubs.o ABSOLUTE
    _printf_ls                               0x00000000   Number         0  stubs.o ABSOLUTE
    _printf_mbtowc                           0x00000000   Number         0  stubs.o ABSOLUTE
    _printf_n                                0x00000000   Number         0  stubs.o ABSOLUTE
    _printf_o                                0x00000000   Number         0  stubs.o ABSOLUTE
    _printf_p                                0x00000000   Number         0  stubs.o ABSOLUTE
    _printf_percent                          0x00000000   Number         0  stubs.o ABSOLUTE
    _printf_pre_padding                      0x00000000   Number         0  stubs.o ABSOLUTE
    _printf_return_value                     0x00000000   Number         0  stubs.o ABSOLUTE
    _printf_s                                0x00000000   Number         0  stubs.o ABSOLUTE
    _printf_sizespec                         0x00000000   Number         0  stubs.o ABSOLUTE
    _printf_str                              0x00000000   Number         0  stubs.o ABSOLUTE
    _printf_truncate_signed                  0x00000000   Number         0  stubs.o ABSOLUTE
    _printf_truncate_unsigned                0x00000000   Number         0  stubs.o ABSOLUTE
    _printf_u                                0x00000000   Number         0  stubs.o ABSOLUTE
    _printf_wc                               0x00000000   Number         0  stubs.o ABSOLUTE
    _printf_wctomb                           0x00000000   Number         0  stubs.o ABSOLUTE
    _printf_widthprec                        0x00000000   Number         0  stubs.o ABSOLUTE
    _printf_x                                0x00000000   Number         0  stubs.o ABSOLUTE
    __arm_fini_                               - Undefined Weak Reference
    __cpp_initialize__aeabi_                  - Undefined Weak Reference
    __cxa_finalize                            - Undefined Weak Reference
    _clock_init                               - Undefined Weak Reference
    _microlib_exit                            - Undefined Weak Reference
    __Vectors_Size                           0x00000298   Number         0  startup_stm32h743xx.o ABSOLUTE
    __Vectors                                0x08000000   Data           4  startup_stm32h743xx.o(RESET)
    __Vectors_End                            0x08000298   Data           0  startup_stm32h743xx.o(RESET)
    __main                                   0x08000299   Thumb Code     0  entry.o(.ARM.Collect$$$$00000000)
    _main_stk                                0x08000299   Thumb Code     0  entry2.o(.ARM.Collect$$$$00000001)
    _main_scatterload                        0x0800029d   Thumb Code     0  entry5.o(.ARM.Collect$$$$00000004)
    __main_after_scatterload                 0x080002a1   Thumb Code     0  entry5.o(.ARM.Collect$$$$00000004)
    _main_clock                              0x080002a1   Thumb Code     0  entry7b.o(.ARM.Collect$$$$00000008)
    _main_cpp_init                           0x080002a1   Thumb Code     0  entry8b.o(.ARM.Collect$$$$0000000A)
    _main_init                               0x080002a1   Thumb Code     0  entry9a.o(.ARM.Collect$$$$0000000B)
    __rt_lib_shutdown_fini                   0x080002a9   Thumb Code     0  entry12b.o(.ARM.Collect$$$$0000000E)
    __rt_final_cpp                           0x080002ad   Thumb Code     0  entry10a.o(.ARM.Collect$$$$0000000F)
    __rt_final_exit                          0x080002ad   Thumb Code     0  entry11a.o(.ARM.Collect$$$$00000011)
    SVC_Handler                              0x080002b1   Thumb Code    28  port.o(.emb_text)
    __asm___6_port_c_39a90d8d__prvStartFirstTask 0x080002d1   Thumb Code    36  port.o(.emb_text)
    __asm___6_port_c_39a90d8d__prvEnableVFP  0x080002f9   Thumb Code    16  port.o(.emb_text)
    PendSV_Handler                           0x0800030d   Thumb Code    88  port.o(.emb_text)
    vPortGetIPSR                             0x08000369   Thumb Code     6  port.o(.emb_text)
    Reset_Handler                            0x08000371   Thumb Code     8  startup_stm32h743xx.o(.text)
    ADC3_IRQHandler                          0x0800038b   Thumb Code     0  startup_stm32h743xx.o(.text)
    ADC_IRQHandler                           0x0800038b   Thumb Code     0  startup_stm32h743xx.o(.text)
    BDMA_Channel0_IRQHandler                 0x0800038b   Thumb Code     0  startup_stm32h743xx.o(.text)
    BDMA_Channel1_IRQHandler                 0x0800038b   Thumb Code     0  startup_stm32h743xx.o(.text)
    BDMA_Channel2_IRQHandler                 0x0800038b   Thumb Code     0  startup_stm32h743xx.o(.text)
    BDMA_Channel3_IRQHandler                 0x0800038b   Thumb Code     0  startup_stm32h743xx.o(.text)
    BDMA_Channel4_IRQHandler                 0x0800038b   Thumb Code     0  startup_stm32h743xx.o(.text)
    BDMA_Channel5_IRQHandler                 0x0800038b   Thumb Code     0  startup_stm32h743xx.o(.text)
    BDMA_Channel6_IRQHandler                 0x0800038b   Thumb Code     0  startup_stm32h743xx.o(.text)
    BDMA_Channel7_IRQHandler                 0x0800038b   Thumb Code     0  startup_stm32h743xx.o(.text)
    CEC_IRQHandler                           0x0800038b   Thumb Code     0  startup_stm32h743xx.o(.text)
    COMP1_IRQHandler                         0x0800038b   Thumb Code     0  startup_stm32h743xx.o(.text)
    CRS_IRQHandler                           0x0800038b   Thumb Code     0  startup_stm32h743xx.o(.text)
    DCMI_IRQHandler                          0x0800038b   Thumb Code     0  startup_stm32h743xx.o(.text)
    DFSDM1_FLT0_IRQHandler                   0x0800038b   Thumb Code     0  startup_stm32h743xx.o(.text)
    DFSDM1_FLT1_IRQHandler                   0x0800038b   Thumb Code     0  startup_stm32h743xx.o(.text)
    DFSDM1_FLT2_IRQHandler                   0x0800038b   Thumb Code     0  startup_stm32h743xx.o(.text)
    DFSDM1_FLT3_IRQHandler                   0x0800038b   Thumb Code     0  startup_stm32h743xx.o(.text)
    DMA1_Stream0_IRQHandler                  0x0800038b   Thumb Code     0  startup_stm32h743xx.o(.text)
    DMA1_Stream1_IRQHandler                  0x0800038b   Thumb Code     0  startup_stm32h743xx.o(.text)
    DMA1_Stream2_IRQHandler                  0x0800038b   Thumb Code     0  startup_stm32h743xx.o(.text)
    DMA1_Stream3_IRQHandler                  0x0800038b   Thumb Code     0  startup_stm32h743xx.o(.text)
    DMA1_Stream4_IRQHandler                  0x0800038b   Thumb Code     0  startup_stm32h743xx.o(.text)
    DMA1_Stream5_IRQHandler                  0x0800038b   Thumb Code     0  startup_stm32h743xx.o(.text)
    DMA1_Stream6_IRQHandler                  0x0800038b   Thumb Code     0  startup_stm32h743xx.o(.text)
    DMA1_Stream7_IRQHandler                  0x0800038b   Thumb Code     0  startup_stm32h743xx.o(.text)
    DMA2D_IRQHandler                         0x0800038b   Thumb Code     0  startup_stm32h743xx.o(.text)
    DMA2_Stream0_IRQHandler                  0x0800038b   Thumb Code     0  startup_stm32h743xx.o(.text)
    DMA2_Stream1_IRQHandler                  0x0800038b   Thumb Code     0  startup_stm32h743xx.o(.text)
    DMA2_Stream2_IRQHandler                  0x0800038b   Thumb Code     0  startup_stm32h743xx.o(.text)
    DMA2_Stream3_IRQHandler                  0x0800038b   Thumb Code     0  startup_stm32h743xx.o(.text)
    DMA2_Stream4_IRQHandler                  0x0800038b   Thumb Code     0  startup_stm32h743xx.o(.text)
    DMA2_Stream5_IRQHandler                  0x0800038b   Thumb Code     0  startup_stm32h743xx.o(.text)
    DMA2_Stream6_IRQHandler                  0x0800038b   Thumb Code     0  startup_stm32h743xx.o(.text)
    DMA2_Stream7_IRQHandler                  0x0800038b   Thumb Code     0  startup_stm32h743xx.o(.text)
    DMAMUX1_OVR_IRQHandler                   0x0800038b   Thumb Code     0  startup_stm32h743xx.o(.text)
    DMAMUX2_OVR_IRQHandler                   0x0800038b   Thumb Code     0  startup_stm32h743xx.o(.text)
    ECC_IRQHandler                           0x0800038b   Thumb Code     0  startup_stm32h743xx.o(.text)
    ETH_IRQHandler                           0x0800038b   Thumb Code     0  startup_stm32h743xx.o(.text)
    ETH_WKUP_IRQHandler                      0x0800038b   Thumb Code     0  startup_stm32h743xx.o(.text)
    EXTI0_IRQHandler                         0x0800038b   Thumb Code     0  startup_stm32h743xx.o(.text)
    EXTI15_10_IRQHandler                     0x0800038b   Thumb Code     0  startup_stm32h743xx.o(.text)
    EXTI1_IRQHandler                         0x0800038b   Thumb Code     0  startup_stm32h743xx.o(.text)
    EXTI2_IRQHandler                         0x0800038b   Thumb Code     0  startup_stm32h743xx.o(.text)
    EXTI3_IRQHandler                         0x0800038b   Thumb Code     0  startup_stm32h743xx.o(.text)
    EXTI4_IRQHandler                         0x0800038b   Thumb Code     0  startup_stm32h743xx.o(.text)
    EXTI9_5_IRQHandler                       0x0800038b   Thumb Code     0  startup_stm32h743xx.o(.text)
    FDCAN1_IT0_IRQHandler                    0x0800038b   Thumb Code     0  startup_stm32h743xx.o(.text)
    FDCAN1_IT1_IRQHandler                    0x0800038b   Thumb Code     0  startup_stm32h743xx.o(.text)
    FDCAN2_IT0_IRQHandler                    0x0800038b   Thumb Code     0  startup_stm32h743xx.o(.text)
    FDCAN2_IT1_IRQHandler                    0x0800038b   Thumb Code     0  startup_stm32h743xx.o(.text)
    FDCAN_CAL_IRQHandler                     0x0800038b   Thumb Code     0  startup_stm32h743xx.o(.text)
    FLASH_IRQHandler                         0x0800038b   Thumb Code     0  startup_stm32h743xx.o(.text)
    FMC_IRQHandler                           0x0800038b   Thumb Code     0  startup_stm32h743xx.o(.text)
    FPU_IRQHandler                           0x0800038b   Thumb Code     0  startup_stm32h743xx.o(.text)
    HRTIM1_FLT_IRQHandler                    0x0800038b   Thumb Code     0  startup_stm32h743xx.o(.text)
    HRTIM1_Master_IRQHandler                 0x0800038b   Thumb Code     0  startup_stm32h743xx.o(.text)
    HRTIM1_TIMA_IRQHandler                   0x0800038b   Thumb Code     0  startup_stm32h743xx.o(.text)
    HRTIM1_TIMB_IRQHandler                   0x0800038b   Thumb Code     0  startup_stm32h743xx.o(.text)
    HRTIM1_TIMC_IRQHandler                   0x0800038b   Thumb Code     0  startup_stm32h743xx.o(.text)
    HRTIM1_TIMD_IRQHandler                   0x0800038b   Thumb Code     0  startup_stm32h743xx.o(.text)
    HRTIM1_TIME_IRQHandler                   0x0800038b   Thumb Code     0  startup_stm32h743xx.o(.text)
    HSEM1_IRQHandler                         0x0800038b   Thumb Code     0  startup_stm32h743xx.o(.text)
    I2C1_ER_IRQHandler                       0x0800038b   Thumb Code     0  startup_stm32h743xx.o(.text)
    I2C1_EV_IRQHandler                       0x0800038b   Thumb Code     0  startup_stm32h743xx.o(.text)
    I2C2_ER_IRQHandler                       0x0800038b   Thumb Code     0  startup_stm32h743xx.o(.text)
    I2C2_EV_IRQHandler                       0x0800038b   Thumb Code     0  startup_stm32h743xx.o(.text)
    I2C3_ER_IRQHandler                       0x0800038b   Thumb Code     0  startup_stm32h743xx.o(.text)
    I2C3_EV_IRQHandler                       0x0800038b   Thumb Code     0  startup_stm32h743xx.o(.text)
    JPEG_IRQHandler                          0x0800038b   Thumb Code     0  startup_stm32h743xx.o(.text)
    LPTIM1_IRQHandler                        0x0800038b   Thumb Code     0  startup_stm32h743xx.o(.text)
    LPTIM2_IRQHandler                        0x0800038b   Thumb Code     0  startup_stm32h743xx.o(.text)
    LPTIM3_IRQHandler                        0x0800038b   Thumb Code     0  startup_stm32h743xx.o(.text)
    LPTIM4_IRQHandler                        0x0800038b   Thumb Code     0  startup_stm32h743xx.o(.text)
    LPTIM5_IRQHandler                        0x0800038b   Thumb Code     0  startup_stm32h743xx.o(.text)
    LPUART1_IRQHandler                       0x0800038b   Thumb Code     0  startup_stm32h743xx.o(.text)
    LTDC_ER_IRQHandler                       0x0800038b   Thumb Code     0  startup_stm32h743xx.o(.text)
    LTDC_IRQHandler                          0x0800038b   Thumb Code     0  startup_stm32h743xx.o(.text)
    MDIOS_IRQHandler                         0x0800038b   Thumb Code     0  startup_stm32h743xx.o(.text)
    MDIOS_WKUP_IRQHandler                    0x0800038b   Thumb Code     0  startup_stm32h743xx.o(.text)
    MDMA_IRQHandler                          0x0800038b   Thumb Code     0  startup_stm32h743xx.o(.text)
    OTG_FS_EP1_IN_IRQHandler                 0x0800038b   Thumb Code     0  startup_stm32h743xx.o(.text)
    OTG_FS_EP1_OUT_IRQHandler                0x0800038b   Thumb Code     0  startup_stm32h743xx.o(.text)
    OTG_FS_IRQHandler                        0x0800038b   Thumb Code     0  startup_stm32h743xx.o(.text)
    OTG_FS_WKUP_IRQHandler                   0x0800038b   Thumb Code     0  startup_stm32h743xx.o(.text)
    OTG_HS_EP1_IN_IRQHandler                 0x0800038b   Thumb Code     0  startup_stm32h743xx.o(.text)
    OTG_HS_EP1_OUT_IRQHandler                0x0800038b   Thumb Code     0  startup_stm32h743xx.o(.text)
    OTG_HS_IRQHandler                        0x0800038b   Thumb Code     0  startup_stm32h743xx.o(.text)
    OTG_HS_WKUP_IRQHandler                   0x0800038b   Thumb Code     0  startup_stm32h743xx.o(.text)
    PVD_AVD_IRQHandler                       0x0800038b   Thumb Code     0  startup_stm32h743xx.o(.text)
    QUADSPI_IRQHandler                       0x0800038b   Thumb Code     0  startup_stm32h743xx.o(.text)
    RCC_IRQHandler                           0x0800038b   Thumb Code     0  startup_stm32h743xx.o(.text)
    RNG_IRQHandler                           0x0800038b   Thumb Code     0  startup_stm32h743xx.o(.text)
    RTC_Alarm_IRQHandler                     0x0800038b   Thumb Code     0  startup_stm32h743xx.o(.text)
    RTC_WKUP_IRQHandler                      0x0800038b   Thumb Code     0  startup_stm32h743xx.o(.text)
    SAI1_IRQHandler                          0x0800038b   Thumb Code     0  startup_stm32h743xx.o(.text)
    SAI2_IRQHandler                          0x0800038b   Thumb Code     0  startup_stm32h743xx.o(.text)
    SAI3_IRQHandler                          0x0800038b   Thumb Code     0  startup_stm32h743xx.o(.text)
    SAI4_IRQHandler                          0x0800038b   Thumb Code     0  startup_stm32h743xx.o(.text)
    SDMMC1_IRQHandler                        0x0800038b   Thumb Code     0  startup_stm32h743xx.o(.text)
    SDMMC2_IRQHandler                        0x0800038b   Thumb Code     0  startup_stm32h743xx.o(.text)
    SPDIF_RX_IRQHandler                      0x0800038b   Thumb Code     0  startup_stm32h743xx.o(.text)
    SPI1_IRQHandler                          0x0800038b   Thumb Code     0  startup_stm32h743xx.o(.text)
    SPI2_IRQHandler                          0x0800038b   Thumb Code     0  startup_stm32h743xx.o(.text)
    SPI3_IRQHandler                          0x0800038b   Thumb Code     0  startup_stm32h743xx.o(.text)
    SPI4_IRQHandler                          0x0800038b   Thumb Code     0  startup_stm32h743xx.o(.text)
    SPI5_IRQHandler                          0x0800038b   Thumb Code     0  startup_stm32h743xx.o(.text)
    SPI6_IRQHandler                          0x0800038b   Thumb Code     0  startup_stm32h743xx.o(.text)
    SWPMI1_IRQHandler                        0x0800038b   Thumb Code     0  startup_stm32h743xx.o(.text)
    TAMP_STAMP_IRQHandler                    0x0800038b   Thumb Code     0  startup_stm32h743xx.o(.text)
    TIM15_IRQHandler                         0x0800038b   Thumb Code     0  startup_stm32h743xx.o(.text)
    TIM16_IRQHandler                         0x0800038b   Thumb Code     0  startup_stm32h743xx.o(.text)
    TIM17_IRQHandler                         0x0800038b   Thumb Code     0  startup_stm32h743xx.o(.text)
    TIM1_BRK_IRQHandler                      0x0800038b   Thumb Code     0  startup_stm32h743xx.o(.text)
    TIM1_CC_IRQHandler                       0x0800038b   Thumb Code     0  startup_stm32h743xx.o(.text)
    TIM1_TRG_COM_IRQHandler                  0x0800038b   Thumb Code     0  startup_stm32h743xx.o(.text)
    TIM1_UP_IRQHandler                       0x0800038b   Thumb Code     0  startup_stm32h743xx.o(.text)
    TIM2_IRQHandler                          0x0800038b   Thumb Code     0  startup_stm32h743xx.o(.text)
    TIM3_IRQHandler                          0x0800038b   Thumb Code     0  startup_stm32h743xx.o(.text)
    TIM4_IRQHandler                          0x0800038b   Thumb Code     0  startup_stm32h743xx.o(.text)
    TIM5_IRQHandler                          0x0800038b   Thumb Code     0  startup_stm32h743xx.o(.text)
    TIM8_BRK_TIM12_IRQHandler                0x0800038b   Thumb Code     0  startup_stm32h743xx.o(.text)
    TIM8_CC_IRQHandler                       0x0800038b   Thumb Code     0  startup_stm32h743xx.o(.text)
    TIM8_TRG_COM_TIM14_IRQHandler            0x0800038b   Thumb Code     0  startup_stm32h743xx.o(.text)
    TIM8_UP_TIM13_IRQHandler                 0x0800038b   Thumb Code     0  startup_stm32h743xx.o(.text)
    UART4_IRQHandler                         0x0800038b   Thumb Code     0  startup_stm32h743xx.o(.text)
    UART7_IRQHandler                         0x0800038b   Thumb Code     0  startup_stm32h743xx.o(.text)
    UART8_IRQHandler                         0x0800038b   Thumb Code     0  startup_stm32h743xx.o(.text)
    USART2_IRQHandler                        0x0800038b   Thumb Code     0  startup_stm32h743xx.o(.text)
    USART3_IRQHandler                        0x0800038b   Thumb Code     0  startup_stm32h743xx.o(.text)
    USART6_IRQHandler                        0x0800038b   Thumb Code     0  startup_stm32h743xx.o(.text)
    WAKEUP_PIN_IRQHandler                    0x0800038b   Thumb Code     0  startup_stm32h743xx.o(.text)
    WWDG_IRQHandler                          0x0800038b   Thumb Code     0  startup_stm32h743xx.o(.text)
    __aeabi_uldivmod                         0x08000395   Thumb Code    98  uldiv.o(.text)
    __aeabi_memcpy                           0x080003f7   Thumb Code    36  memcpya.o(.text)
    __aeabi_memcpy4                          0x080003f7   Thumb Code     0  memcpya.o(.text)
    __aeabi_memcpy8                          0x080003f7   Thumb Code     0  memcpya.o(.text)
    __aeabi_memset                           0x0800041b   Thumb Code    14  memseta.o(.text)
    __aeabi_memset4                          0x0800041b   Thumb Code     0  memseta.o(.text)
    __aeabi_memset8                          0x0800041b   Thumb Code     0  memseta.o(.text)
    __aeabi_memclr                           0x08000429   Thumb Code     4  memseta.o(.text)
    __aeabi_memclr4                          0x08000429   Thumb Code     0  memseta.o(.text)
    __aeabi_memclr8                          0x08000429   Thumb Code     0  memseta.o(.text)
    memset                                   0x0800042d   Thumb Code    18  memseta.o(.text)
    __aeabi_llsl                             0x0800043f   Thumb Code    30  llshl.o(.text)
    _ll_shift_l                              0x0800043f   Thumb Code     0  llshl.o(.text)
    __aeabi_llsr                             0x0800045d   Thumb Code    32  llushr.o(.text)
    _ll_ushift_r                             0x0800045d   Thumb Code     0  llushr.o(.text)
    __scatterload                            0x0800047d   Thumb Code    28  init.o(.text)
    __scatterload_rt2                        0x0800047d   Thumb Code     0  init.o(.text)
    __decompress                             0x080004a1   Thumb Code     0  __dczerorl2.o(.text)
    __decompress1                            0x080004a1   Thumb Code    86  __dczerorl2.o(.text)
    BusFault_Handler                         0x080004f7   Thumb Code     2  stm32h7xx_it.o(i.BusFault_Handler)
    DebugMon_Handler                         0x080004f9   Thumb Code     2  stm32h7xx_it.o(i.DebugMon_Handler)
    Error_Handler                            0x080004fb   Thumb Code     4  main.o(i.Error_Handler)
    HAL_DMA_Abort                            0x08000501   Thumb Code   836  stm32h7xx_hal_dma.o(i.HAL_DMA_Abort)
    HAL_DMA_Abort_IT                         0x08000861   Thumb Code   602  stm32h7xx_hal_dma.o(i.HAL_DMA_Abort_IT)
    HAL_DMA_GetState                         0x08000ae5   Thumb Code     6  stm32h7xx_hal_dma.o(i.HAL_DMA_GetState)
    HAL_GPIO_Init                            0x08000aed   Thumb Code   506  stm32h7xx_hal_gpio.o(i.HAL_GPIO_Init)
    HAL_GPIO_WritePin                        0x08000d19   Thumb Code    10  stm32h7xx_hal_gpio.o(i.HAL_GPIO_WritePin)
    HAL_GetTick                              0x08000d25   Thumb Code     6  stm32h7xx_hal.o(i.HAL_GetTick)
    HAL_I2CEx_ConfigAnalogFilter             0x08000d31   Thumb Code    88  stm32h7xx_hal_i2c_ex.o(i.HAL_I2CEx_ConfigAnalogFilter)
    HAL_I2CEx_ConfigDigitalFilter            0x08000d89   Thumb Code    84  stm32h7xx_hal_i2c_ex.o(i.HAL_I2CEx_ConfigDigitalFilter)
    HAL_I2C_AbortCpltCallback                0x08000ddd   Thumb Code     2  stm32h7xx_hal_i2c.o(i.HAL_I2C_AbortCpltCallback)
    HAL_I2C_AddrCallback                     0x08000ddf   Thumb Code     2  stm32h7xx_hal_i2c.o(i.HAL_I2C_AddrCallback)
    HAL_I2C_ER_IRQHandler                    0x08000de1   Thumb Code   104  stm32h7xx_hal_i2c.o(i.HAL_I2C_ER_IRQHandler)
    HAL_I2C_EV_IRQHandler                    0x08000e49   Thumb Code    16  stm32h7xx_hal_i2c.o(i.HAL_I2C_EV_IRQHandler)
    HAL_I2C_ErrorCallback                    0x08000e59   Thumb Code     2  stm32h7xx_hal_i2c.o(i.HAL_I2C_ErrorCallback)
    HAL_I2C_GetState                         0x08000e5b   Thumb Code     6  stm32h7xx_hal_i2c.o(i.HAL_I2C_GetState)
    HAL_I2C_Init                             0x08000e61   Thumb Code   186  stm32h7xx_hal_i2c.o(i.HAL_I2C_Init)
    HAL_I2C_IsDeviceReady                    0x08000f21   Thumb Code   238  stm32h7xx_hal_i2c.o(i.HAL_I2C_IsDeviceReady)
    HAL_I2C_ListenCpltCallback               0x08001021   Thumb Code     2  stm32h7xx_hal_i2c.o(i.HAL_I2C_ListenCpltCallback)
    HAL_I2C_Mem_Read                         0x08001025   Thumb Code   346  stm32h7xx_hal_i2c.o(i.HAL_I2C_Mem_Read)
    HAL_I2C_Mem_Write                        0x08001189   Thumb Code   340  stm32h7xx_hal_i2c.o(i.HAL_I2C_Mem_Write)
    HAL_I2C_MspInit                          0x080012e1   Thumb Code   158  i2c.o(i.HAL_I2C_MspInit)
    HAL_I2C_SlaveRxCpltCallback              0x0800138d   Thumb Code     2  stm32h7xx_hal_i2c.o(i.HAL_I2C_SlaveRxCpltCallback)
    HAL_I2C_SlaveTxCpltCallback              0x0800138f   Thumb Code     2  stm32h7xx_hal_i2c.o(i.HAL_I2C_SlaveTxCpltCallback)
    HAL_IncTick                              0x08001391   Thumb Code    12  stm32h7xx_hal.o(i.HAL_IncTick)
    HAL_Init                                 0x080013a1   Thumb Code    74  stm32h7xx_hal.o(i.HAL_Init)
    HAL_InitTick                             0x080013fd   Thumb Code   120  stm32h7xx_hal_timebase_tim.o(i.HAL_InitTick)
    HAL_MspInit                              0x08001489   Thumb Code    32  stm32h7xx_hal_msp.o(i.HAL_MspInit)
    HAL_NVIC_ClearPendingIRQ                 0x080014ad   Thumb Code    26  stm32h7xx_hal_cortex.o(i.HAL_NVIC_ClearPendingIRQ)
    HAL_NVIC_EnableIRQ                       0x080014c7   Thumb Code    26  stm32h7xx_hal_cortex.o(i.HAL_NVIC_EnableIRQ)
    HAL_NVIC_SetPriority                     0x080014e1   Thumb Code    60  stm32h7xx_hal_cortex.o(i.HAL_NVIC_SetPriority)
    HAL_NVIC_SetPriorityGrouping             0x08001521   Thumb Code    28  stm32h7xx_hal_cortex.o(i.HAL_NVIC_SetPriorityGrouping)
    HAL_PWREx_ConfigSupply                   0x08001545   Thumb Code    78  stm32h7xx_hal_pwr_ex.o(i.HAL_PWREx_ConfigSupply)
    HAL_RCCEx_GetD3PCLK1Freq                 0x08001599   Thumb Code    26  stm32h7xx_hal_rcc_ex.o(i.HAL_RCCEx_GetD3PCLK1Freq)
    HAL_RCCEx_GetPLL2ClockFreq               0x080015bd   Thumb Code   296  stm32h7xx_hal_rcc_ex.o(i.HAL_RCCEx_GetPLL2ClockFreq)
    HAL_RCCEx_GetPLL3ClockFreq               0x08001701   Thumb Code   296  stm32h7xx_hal_rcc_ex.o(i.HAL_RCCEx_GetPLL3ClockFreq)
    HAL_RCCEx_PeriphCLKConfig                0x08001845   Thumb Code  2472  stm32h7xx_hal_rcc_ex.o(i.HAL_RCCEx_PeriphCLKConfig)
    HAL_RCC_ClockConfig                      0x080021f1   Thumb Code   580  stm32h7xx_hal_rcc.o(i.HAL_RCC_ClockConfig)
    HAL_RCC_GetClockConfig                   0x0800244d   Thumb Code    84  stm32h7xx_hal_rcc.o(i.HAL_RCC_GetClockConfig)
    HAL_RCC_GetHCLKFreq                      0x080024a9   Thumb Code    52  stm32h7xx_hal_rcc.o(i.HAL_RCC_GetHCLKFreq)
    HAL_RCC_GetPCLK1Freq                     0x080024ed   Thumb Code    26  stm32h7xx_hal_rcc.o(i.HAL_RCC_GetPCLK1Freq)
    HAL_RCC_GetPCLK2Freq                     0x08002511   Thumb Code    26  stm32h7xx_hal_rcc.o(i.HAL_RCC_GetPCLK2Freq)
    HAL_RCC_GetSysClockFreq                  0x08002535   Thumb Code   278  stm32h7xx_hal_rcc.o(i.HAL_RCC_GetSysClockFreq)
    HAL_TIMEx_Break2Callback                 0x0800266d   Thumb Code     2  stm32h7xx_hal_tim_ex.o(i.HAL_TIMEx_Break2Callback)
    HAL_TIMEx_BreakCallback                  0x0800266f   Thumb Code     2  stm32h7xx_hal_tim_ex.o(i.HAL_TIMEx_BreakCallback)
    HAL_TIMEx_CommutCallback                 0x08002671   Thumb Code     2  stm32h7xx_hal_tim_ex.o(i.HAL_TIMEx_CommutCallback)
    HAL_TIMEx_MasterConfigSynchronization    0x08002675   Thumb Code   134  stm32h7xx_hal_tim_ex.o(i.HAL_TIMEx_MasterConfigSynchronization)
    HAL_TIM_Base_Init                        0x08002719   Thumb Code    98  stm32h7xx_hal_tim.o(i.HAL_TIM_Base_Init)
    HAL_TIM_Base_MspInit                     0x0800277d   Thumb Code    50  tim.o(i.HAL_TIM_Base_MspInit)
    HAL_TIM_Base_Start_IT                    0x080027b9   Thumb Code   106  stm32h7xx_hal_tim.o(i.HAL_TIM_Base_Start_IT)
    HAL_TIM_IC_CaptureCallback               0x08002845   Thumb Code     2  stm32h7xx_hal_tim.o(i.HAL_TIM_IC_CaptureCallback)
    HAL_TIM_IRQHandler                       0x08002847   Thumb Code   328  stm32h7xx_hal_tim.o(i.HAL_TIM_IRQHandler)
    HAL_TIM_OC_DelayElapsedCallback          0x0800298f   Thumb Code     2  stm32h7xx_hal_tim.o(i.HAL_TIM_OC_DelayElapsedCallback)
    HAL_TIM_PWM_PulseFinishedCallback        0x08002991   Thumb Code     2  stm32h7xx_hal_tim.o(i.HAL_TIM_PWM_PulseFinishedCallback)
    HAL_TIM_PeriodElapsedCallback            0x08002995   Thumb Code    34  main.o(i.HAL_TIM_PeriodElapsedCallback)
    HAL_TIM_TriggerCallback                  0x080029c1   Thumb Code     2  stm32h7xx_hal_tim.o(i.HAL_TIM_TriggerCallback)
    HAL_UARTEx_DisableFifoMode               0x080029c3   Thumb Code    64  stm32h7xx_hal_uart_ex.o(i.HAL_UARTEx_DisableFifoMode)
    HAL_UARTEx_RxEventCallback               0x08002a03   Thumb Code     2  stm32h7xx_hal_uart.o(i.HAL_UARTEx_RxEventCallback)
    HAL_UARTEx_RxFifoFullCallback            0x08002a05   Thumb Code     2  stm32h7xx_hal_uart_ex.o(i.HAL_UARTEx_RxFifoFullCallback)
    HAL_UARTEx_SetRxFifoThreshold            0x08002a07   Thumb Code    76  stm32h7xx_hal_uart_ex.o(i.HAL_UARTEx_SetRxFifoThreshold)
    HAL_UARTEx_SetTxFifoThreshold            0x08002a53   Thumb Code    76  stm32h7xx_hal_uart_ex.o(i.HAL_UARTEx_SetTxFifoThreshold)
    HAL_UARTEx_TxFifoEmptyCallback           0x08002a9f   Thumb Code     2  stm32h7xx_hal_uart_ex.o(i.HAL_UARTEx_TxFifoEmptyCallback)
    HAL_UARTEx_WakeupCallback                0x08002aa1   Thumb Code     2  stm32h7xx_hal_uart_ex.o(i.HAL_UARTEx_WakeupCallback)
    HAL_UART_ErrorCallback                   0x08002aa3   Thumb Code     2  stm32h7xx_hal_uart.o(i.HAL_UART_ErrorCallback)
    HAL_UART_IRQHandler                      0x08002aa5   Thumb Code   878  stm32h7xx_hal_uart.o(i.HAL_UART_IRQHandler)
    HAL_UART_Init                            0x08002e2d   Thumb Code   106  stm32h7xx_hal_uart.o(i.HAL_UART_Init)
    HAL_UART_MspInit                         0x08002e99   Thumb Code   242  usart.o(i.HAL_UART_MspInit)
    HAL_UART_Receive                         0x08002fa1   Thumb Code   232  stm32h7xx_hal_uart.o(i.HAL_UART_Receive)
    HAL_UART_Transmit                        0x08003089   Thumb Code   176  stm32h7xx_hal_uart.o(i.HAL_UART_Transmit)
    HAL_UART_TxCpltCallback                  0x08003139   Thumb Code     2  stm32h7xx_hal_uart.o(i.HAL_UART_TxCpltCallback)
    HardFault_Handler                        0x0800313b   Thumb Code     2  stm32h7xx_it.o(i.HardFault_Handler)
    I2C4_ER_IRQHandler                       0x0800313d   Thumb Code     6  stm32h7xx_it.o(i.I2C4_ER_IRQHandler)
    I2C4_EV_IRQHandler                       0x08003149   Thumb Code     6  stm32h7xx_it.o(i.I2C4_EV_IRQHandler)
    I2C_EE_BufferRead                        0x080031c9   Thumb Code    24  i2c4.o(i.I2C_EE_BufferRead)
    I2C_EE_BufferWrite                       0x080031e5   Thumb Code   136  i2c4.o(i.I2C_EE_BufferWrite)
    I2C_EE_PageWrite                         0x0800326d   Thumb Code    66  i2c4.o(i.I2C_EE_PageWrite)
    I2C_Test                                 0x08003aa5   Thumb Code   134  i2c4.o(i.I2C_Test)
    MB_Slave_Task_Entry                      0x08003d7b   Thumb Code    12  mb_slave_task.o(i.MB_Slave_Task_Entry)
    MX_FREERTOS_Init                         0x08003d89   Thumb Code    74  freertos.o(i.MX_FREERTOS_Init)
    MX_GPIO_Init                             0x08003df1   Thumb Code   130  gpio.o(i.MX_GPIO_Init)
    MX_I2C4_Init                             0x08003e81   Thumb Code    76  i2c.o(i.MX_I2C4_Init)
    MX_TIM7_Init                             0x08003ed9   Thumb Code    62  tim.o(i.MX_TIM7_Init)
    MX_UART5_Init                            0x08003f21   Thumb Code    94  usart.o(i.MX_UART5_Init)
    MX_USART1_UART_Init                      0x08003f89   Thumb Code    94  usart.o(i.MX_USART1_UART_Init)
    MemManage_Handler                        0x08003ff1   Thumb Code     2  stm32h7xx_it.o(i.MemManage_Handler)
    NMI_Handler                              0x08003ff3   Thumb Code     2  stm32h7xx_it.o(i.NMI_Handler)
    Print_CPU_INFO                           0x08003ff5   Thumb Code    58  usart.o(i.Print_CPU_INFO)
    StartDefaultTask                         0x08004305   Thumb Code     8  freertos.o(i.StartDefaultTask)
    StartTask02                              0x0800430d   Thumb Code    10  freertos.o(i.StartTask02)
    StartTask03                              0x08004317   Thumb Code    10  freertos.o(i.StartTask03)
    StartTask04                              0x08004321   Thumb Code    10  freertos.o(i.StartTask04)
    SysTick_Handler                          0x0800432b   Thumb Code    26  cmsis_os2.o(i.SysTick_Handler)
    SystemClock_Config                       0x08004345   Thumb Code   102  main.o(i.SystemClock_Config)
    SystemInit                               0x080043b5   Thumb Code   180  system_stm32h7xx.o(i.SystemInit)
    TIM6_DAC_IRQHandler                      0x08004491   Thumb Code     6  stm32h7xx_it.o(i.TIM6_DAC_IRQHandler)
    TIM7_IRQHandler                          0x0800449d   Thumb Code     6  stm32h7xx_it.o(i.TIM7_IRQHandler)
    TIM_Base_SetConfig                       0x080044a9   Thumb Code   176  stm32h7xx_hal_tim.o(i.TIM_Base_SetConfig)
    UART5_IRQHandler                         0x08004579   Thumb Code    50  stm32h7xx_it.o(i.UART5_IRQHandler)
    UART_AdvFeatureConfig                    0x080045f5   Thumb Code   200  stm32h7xx_hal_uart.o(i.UART_AdvFeatureConfig)
    UART_CheckIdleState                      0x080046bd   Thumb Code   170  stm32h7xx_hal_uart.o(i.UART_CheckIdleState)
    UART_SetConfig                           0x080047d1   Thumb Code   876  stm32h7xx_hal_uart.o(i.UART_SetConfig)
    UART_WaitOnFlagUntilTimeout              0x08004b7d   Thumb Code   148  stm32h7xx_hal_uart.o(i.UART_WaitOnFlagUntilTimeout)
    USART1_IRQHandler                        0x08004c11   Thumb Code     6  stm32h7xx_it.o(i.USART1_IRQHandler)
    UsageFault_Handler                       0x08004c1d   Thumb Code     2  stm32h7xx_it.o(i.UsageFault_Handler)
    __0printf$8                              0x08004c21   Thumb Code    22  printf8.o(i.__0printf$8)
    __1printf$8                              0x08004c21   Thumb Code     0  printf8.o(i.__0printf$8)
    __2printf                                0x08004c21   Thumb Code     0  printf8.o(i.__0printf$8)
    __scatterload_copy                       0x08004c63   Thumb Code    14  handlers.o(i.__scatterload_copy)
    __scatterload_null                       0x08004c71   Thumb Code     2  handlers.o(i.__scatterload_null)
    __scatterload_zeroinit                   0x08004c73   Thumb Code    14  handlers.o(i.__scatterload_zeroinit)
    eMBEnable                                0x080050d9   Thumb Code    28  mb.o(i.eMBEnable)
    eMBFuncReadCoils                         0x080050f9   Thumb Code   116  mbfunccoils.o(i.eMBFuncReadCoils)
    eMBFuncReadDiscreteInputs                0x0800516d   Thumb Code   116  mbfuncdisc.o(i.eMBFuncReadDiscreteInputs)
    eMBFuncReadHoldingRegister               0x080051e1   Thumb Code    90  mbfuncholding.o(i.eMBFuncReadHoldingRegister)
    eMBFuncReadInputRegister                 0x0800523b   Thumb Code    94  mbfuncinput.o(i.eMBFuncReadInputRegister)
    eMBFuncReadWriteMultipleHoldingRegister  0x08005299   Thumb Code   170  mbfuncholding.o(i.eMBFuncReadWriteMultipleHoldingRegister)
    eMBFuncReportSlaveID                     0x08005345   Thumb Code    26  mbfuncother.o(i.eMBFuncReportSlaveID)
    eMBFuncWriteCoil                         0x08005369   Thumb Code    82  mbfunccoils.o(i.eMBFuncWriteCoil)
    eMBFuncWriteHoldingRegister              0x080053bb   Thumb Code    46  mbfuncholding.o(i.eMBFuncWriteHoldingRegister)
    eMBFuncWriteMultipleCoils                0x080053e9   Thumb Code    96  mbfunccoils.o(i.eMBFuncWriteMultipleCoils)
    eMBFuncWriteMultipleHoldingRegister      0x08005449   Thumb Code    78  mbfuncholding.o(i.eMBFuncWriteMultipleHoldingRegister)
    eMBInit                                  0x08005499   Thumb Code    96  mb.o(i.eMBInit)
    eMBPoll                                  0x08005519   Thumb Code   176  mb.o(i.eMBPoll)
    eMBRTUInit                               0x080055cd   Thumb Code    66  mbrtu.o(i.eMBRTUInit)
    eMBRTUReceive                            0x08005615   Thumb Code    82  mbrtu.o(i.eMBRTUReceive)
    eMBRTUSend                               0x08005671   Thumb Code   106  mbrtu.o(i.eMBRTUSend)
    eMBRTUStart                              0x080056e5   Thumb Code    32  mbrtu.o(i.eMBRTUStart)
    eMBRTUStop                               0x08005709   Thumb Code    28  mbrtu.o(i.eMBRTUStop)
    eMBRegCoilsCB                            0x08005725   Thumb Code   112  mb_slave_task.o(i.eMBRegCoilsCB)
    eMBRegDiscreteCB                         0x08005799   Thumb Code    74  mb_slave_task.o(i.eMBRegDiscreteCB)
    eMBRegHoldingCB                          0x080057e9   Thumb Code   108  mb_slave_task.o(i.eMBRegHoldingCB)
    eMBRegInputCB                            0x0800585d   Thumb Code    66  mb_slave_task.o(i.eMBRegInputCB)
    fputc                                    0x080058a9   Thumb Code    20  usart.o(i.fputc)
    main                                     0x080058c1   Thumb Code   196  main.o(i.main)
    osDelay                                  0x0800598d   Thumb Code    28  cmsis_os2.o(i.osDelay)
    osKernelInitialize                       0x080059a9   Thumb Code    32  cmsis_os2.o(i.osKernelInitialize)
    osKernelStart                            0x080059cd   Thumb Code    48  cmsis_os2.o(i.osKernelStart)
    osThreadNew                              0x08005a05   Thumb Code   144  cmsis_os2.o(i.osThreadNew)
    prveMBError2Exception                    0x0800622f   Thumb Code    24  mbutils.o(i.prveMBError2Exception)
    prvvTIMERExpiredISR                      0x08006249   Thumb Code     6  porttimer.o(i.prvvTIMERExpiredISR)
    prvvUARTRxISR                            0x08006255   Thumb Code     6  portserial.o(i.prvvUARTRxISR)
    prvvUARTTxReadyISR                       0x08006261   Thumb Code     6  portserial.o(i.prvvUARTTxReadyISR)
    pvPortMalloc                             0x0800626d   Thumb Code   216  heap_4.o(i.pvPortMalloc)
    pxPortInitialiseStack                    0x08006349   Thumb Code    42  port.o(i.pxPortInitialiseStack)
    usMBCRC16                                0x08006379   Thumb Code    40  mbcrc.o(i.usMBCRC16)
    uxListRemove                             0x080063a5   Thumb Code    38  list.o(i.uxListRemove)
    vApplicationGetIdleTaskMemory            0x080063cd   Thumb Code    18  cmsis_os2.o(i.vApplicationGetIdleTaskMemory)
    vApplicationGetTimerTaskMemory           0x080063e5   Thumb Code    20  cmsis_os2.o(i.vApplicationGetTimerTaskMemory)
    vApplicationIdleHook                     0x080063fd   Thumb Code     2  freertos.o(i.vApplicationIdleHook)
    vApplicationTickHook                     0x080063ff   Thumb Code     2  freertos.o(i.vApplicationTickHook)
    vListInitialise                          0x08006401   Thumb Code    22  list.o(i.vListInitialise)
    vListInitialiseItem                      0x08006417   Thumb Code     6  list.o(i.vListInitialiseItem)
    vListInsert                              0x0800641d   Thumb Code    48  list.o(i.vListInsert)
    vListInsertEnd                           0x0800644d   Thumb Code    24  list.o(i.vListInsertEnd)
    vMBPortSerialEnable                      0x08006465   Thumb Code    44  portserial.o(i.vMBPortSerialEnable)
    vMBPortTimersDisable                     0x08006495   Thumb Code    54  porttimer.o(i.vMBPortTimersDisable)
    vMBPortTimersEnable                      0x080064d1   Thumb Code    38  porttimer.o(i.vMBPortTimersEnable)
    vPortEnterCritical                       0x080064fd   Thumb Code    54  port.o(i.vPortEnterCritical)
    vPortExitCritical                        0x0800653d   Thumb Code    34  port.o(i.vPortExitCritical)
    vPortFree                                0x08006565   Thumb Code    94  heap_4.o(i.vPortFree)
    vPortSetupTimerInterrupt                 0x080065c9   Thumb Code    32  port.o(i.vPortSetupTimerInterrupt)
    vPortValidateInterruptPriority           0x080065ed   Thumb Code    74  port.o(i.vPortValidateInterruptPriority)
    vQueueAddToRegistry                      0x08006641   Thumb Code    34  queue.o(i.vQueueAddToRegistry)
    vQueueWaitForMessageRestricted           0x08006669   Thumb Code    68  queue.o(i.vQueueWaitForMessageRestricted)
    vTaskDelay                               0x080066ad   Thumb Code    66  tasks.o(i.vTaskDelay)
    vTaskInternalSetTimeOutState             0x080066f9   Thumb Code    12  tasks.o(i.vTaskInternalSetTimeOutState)
    vTaskMissedYield                         0x08006709   Thumb Code     8  tasks.o(i.vTaskMissedYield)
    vTaskPlaceOnEventList                    0x08006715   Thumb Code    44  tasks.o(i.vTaskPlaceOnEventList)
    vTaskPlaceOnEventListRestricted          0x08006745   Thumb Code    52  tasks.o(i.vTaskPlaceOnEventListRestricted)
    vTaskStartScheduler                      0x0800677d   Thumb Code   118  tasks.o(i.vTaskStartScheduler)
    vTaskSuspendAll                          0x08006805   Thumb Code    10  tasks.o(i.vTaskSuspendAll)
    vTaskSwitchContext                       0x08006815   Thumb Code    90  tasks.o(i.vTaskSwitchContext)
    xMBPortEventGet                          0x08006879   Thumb Code    26  portevent.o(i.xMBPortEventGet)
    xMBPortEventInit                         0x08006899   Thumb Code    10  portevent.o(i.xMBPortEventInit)
    xMBPortEventPost                         0x080068a9   Thumb Code    12  portevent.o(i.xMBPortEventPost)
    xMBPortSerialGetByte                     0x080068b9   Thumb Code    24  portserial.o(i.xMBPortSerialGetByte)
    xMBPortSerialInit                        0x080068d5   Thumb Code     4  portserial.o(i.xMBPortSerialInit)
    xMBPortSerialPutByte                     0x080068d9   Thumb Code    24  portserial.o(i.xMBPortSerialPutByte)
    xMBPortTimersInit                        0x080068f5   Thumb Code     4  porttimer.o(i.xMBPortTimersInit)
    xMBRTUReceiveFSM                         0x080068f9   Thumb Code    92  mbrtu.o(i.xMBRTUReceiveFSM)
    xMBRTUTimerT35Expired                    0x0800695d   Thumb Code    58  mbrtu.o(i.xMBRTUTimerT35Expired)
    xMBRTUTransmitFSM                        0x0800699d   Thumb Code    86  mbrtu.o(i.xMBRTUTransmitFSM)
    xMBUtilGetBits                           0x080069f9   Thumb Code    34  mbutils.o(i.xMBUtilGetBits)
    xMBUtilSetBits                           0x08006a1b   Thumb Code    54  mbutils.o(i.xMBUtilSetBits)
    xPortStartScheduler                      0x08006a51   Thumb Code   222  port.o(i.xPortStartScheduler)
    xPortSysTickHandler                      0x08006b45   Thumb Code    38  port.o(i.xPortSysTickHandler)
    xQueueGenericCreateStatic                0x08006b71   Thumb Code   102  queue.o(i.xQueueGenericCreateStatic)
    xQueueGenericReset                       0x08006bd9   Thumb Code   144  queue.o(i.xQueueGenericReset)
    xQueueGenericSend                        0x08006c6d   Thumb Code   346  queue.o(i.xQueueGenericSend)
    xQueueGenericSendFromISR                 0x08006dcd   Thumb Code   190  queue.o(i.xQueueGenericSendFromISR)
    xQueueReceive                            0x08006e8d   Thumb Code   310  queue.o(i.xQueueReceive)
    xTaskCheckForTimeOut                     0x08006fc9   Thumb Code   116  tasks.o(i.xTaskCheckForTimeOut)
    xTaskCreate                              0x08007041   Thumb Code    90  tasks.o(i.xTaskCreate)
    xTaskCreateStatic                        0x0800709b   Thumb Code    86  tasks.o(i.xTaskCreateStatic)
    xTaskGetSchedulerState                   0x080070f1   Thumb Code    22  tasks.o(i.xTaskGetSchedulerState)
    xTaskGetTickCount                        0x0800710d   Thumb Code     6  tasks.o(i.xTaskGetTickCount)
    xTaskIncrementTick                       0x08007119   Thumb Code   206  tasks.o(i.xTaskIncrementTick)
    xTaskPriorityDisinherit                  0x080071f1   Thumb Code   116  tasks.o(i.xTaskPriorityDisinherit)
    xTaskRemoveFromEventList                 0x0800726d   Thumb Code   100  tasks.o(i.xTaskRemoveFromEventList)
    xTaskResumeAll                           0x080072dd   Thumb Code   184  tasks.o(i.xTaskResumeAll)
    xTimerCreateTimerTask                    0x080073a1   Thumb Code    78  timers.o(i.xTimerCreateTimerTask)
    xTimerGenericCommand                     0x08007401   Thumb Code    98  timers.o(i.xTimerGenericCommand)
    defaultTask_attributes                   0x08007468   Data          36  freertos.o(.constdata)
    myTask02_attributes                      0x0800748c   Data          36  freertos.o(.constdata)
    myTask03_attributes                      0x080074b0   Data          36  freertos.o(.constdata)
    myTask04_attributes                      0x080074d4   Data          36  freertos.o(.constdata)
    MB_Slave_Task_attributes                 0x080074f8   Data          36  freertos.o(.constdata)
    UARTPrescTable                           0x0800751c   Data          24  stm32h7xx_hal_uart.o(.constdata)
    D1CorePrescTable                         0x08007544   Data          16  system_stm32h7xx.o(.constdata)
    Region$$Table$$Base                      0x08007794   Number         0  anon$$obj.o(Region$$Table)
    Region$$Table$$Limit                     0x080077b4   Number         0  anon$$obj.o(Region$$Table)
    defaultTaskHandle                        0x24000000   Data           4  freertos.o(.data)
    myTask02Handle                           0x24000004   Data           4  freertos.o(.data)
    myTask03Handle                           0x24000008   Data           4  freertos.o(.data)
    myTask04Handle                           0x2400000c   Data           4  freertos.o(.data)
    MB_Slave_TaskHandle                      0x24000010   Data           4  freertos.o(.data)
    uwTickFreq                               0x24000014   Data           1  stm32h7xx_hal.o(.data)
    uwTickPrio                               0x24000018   Data           4  stm32h7xx_hal.o(.data)
    uwTick                                   0x2400001c   Data           4  stm32h7xx_hal.o(.data)
    SystemCoreClock                          0x24000020   Data           4  system_stm32h7xx.o(.data)
    SystemD2Clock                            0x24000024   Data           4  system_stm32h7xx.o(.data)
    pxCurrentTCB                             0x24000028   Data           4  tasks.o(.data)
    pxMBFrameCBByteReceived                  0x240000c8   Data           4  mb.o(.data)
    pxMBFrameCBTransmitterEmpty              0x240000cc   Data           4  mb.o(.data)
    pxMBPortCBTimerExpired                   0x240000d0   Data           4  mb.o(.data)
    usRegHoldingStart                        0x24000162   Data           2  mb_slave_task.o(.data)
    usRegInputStart                          0x24000164   Data           2  mb_slave_task.o(.data)
    ucRegCoilsBuf                            0x24000166   Data           8  mb_slave_task.o(.data)
    ucRegDiscreteBuf                         0x2400016e   Data           8  mb_slave_task.o(.data)
    __stdout                                 0x24000178   Data           4  stdout.o(.data)
    myTask02Buffer                           0x2400017c   Data        2048  freertos.o(.bss)
    myTask02ControlBlock                     0x2400097c   Data          92  freertos.o(.bss)
    myTask03Buffer                           0x240009d8   Data        2048  freertos.o(.bss)
    myTask03ControlBlock                     0x240011d8   Data          92  freertos.o(.bss)
    myTask04Buffer                           0x24001234   Data        2048  freertos.o(.bss)
    myTask04ControlBlock                     0x24001a34   Data          92  freertos.o(.bss)
    MB_Slave_TaskBuffer                      0x24001a90   Data        2048  freertos.o(.bss)
    MB_Slave_TaskControlBlock                0x24002290   Data          92  freertos.o(.bss)
    hi2c4                                    0x240022ec   Data          84  i2c.o(.bss)
    htim7                                    0x24002340   Data          76  tim.o(.bss)
    huart5                                   0x2400238c   Data         148  usart.o(.bss)
    huart1                                   0x24002420   Data         148  usart.o(.bss)
    htim6                                    0x240024b4   Data          76  stm32h7xx_hal_timebase_tim.o(.bss)
    xQueueRegistry                           0x24002500   Data          64  queue.o(.bss)
    ucRTUBuf                                 0x24006dd4   Data         256  mbrtu.o(.bss)
    usRegHoldingBuf                          0x24006ef4   Data         100  mb_slave_task.o(.bss)
    usRegInputBuf                            0x24006f58   Data         100  mb_slave_task.o(.bss)
    I2c_Buf_Write                            0x24006fbc   Data         256  i2c4.o(.bss)
    I2c_Buf_Read                             0x240070bc   Data         256  i2c4.o(.bss)
    __initial_sp                             0x240075c0   Data           0  startup_stm32h743xx.o(STACK)



==============================================================================

Memory Map of the image

  Image Entry point : 0x08000299

  Load Region LR_IROM1 (Base: 0x08000000, Size: 0x00007930, Max: 0x00200000, ABSOLUTE, COMPRESSED[0x00007804])

    Execution Region ER_IROM1 (Exec base: 0x08000000, Load base: 0x08000000, Size: 0x000077b4, Max: 0x00200000, ABSOLUTE)

    Exec Addr    Load Addr    Size         Type   Attr      Idx    E Section Name        Object

    0x08000000   0x08000000   0x00000298   Data   RO            3    RESET               startup_stm32h743xx.o
    0x08000298   0x08000298   0x00000000   Code   RO         7150  * .ARM.Collect$$$$00000000  mc_w.l(entry.o)
    0x08000298   0x08000298   0x00000004   Code   RO         7426    .ARM.Collect$$$$00000001  mc_w.l(entry2.o)
    0x0800029c   0x0800029c   0x00000004   Code   RO         7429    .ARM.Collect$$$$00000004  mc_w.l(entry5.o)
    0x080002a0   0x080002a0   0x00000000   Code   RO         7431    .ARM.Collect$$$$00000008  mc_w.l(entry7b.o)
    0x080002a0   0x080002a0   0x00000000   Code   RO         7433    .ARM.Collect$$$$0000000A  mc_w.l(entry8b.o)
    0x080002a0   0x080002a0   0x00000008   Code   RO         7434    .ARM.Collect$$$$0000000B  mc_w.l(entry9a.o)
    0x080002a8   0x080002a8   0x00000004   Code   RO         7441    .ARM.Collect$$$$0000000E  mc_w.l(entry12b.o)
    0x080002ac   0x080002ac   0x00000000   Code   RO         7436    .ARM.Collect$$$$0000000F  mc_w.l(entry10a.o)
    0x080002ac   0x080002ac   0x00000000   Code   RO         7438    .ARM.Collect$$$$00000011  mc_w.l(entry11a.o)
    0x080002ac   0x080002ac   0x00000004   Code   RO         7427    .ARM.Collect$$$$00002712  mc_w.l(entry2.o)
    0x080002b0   0x080002b0   0x000000be   Code   RO         6374    .emb_text           port.o
    0x0800036e   0x0800036e   0x00000002   PAD
    0x08000370   0x08000370   0x00000024   Code   RO            4    .text               startup_stm32h743xx.o
    0x08000394   0x08000394   0x00000062   Code   RO         7153    .text               mc_w.l(uldiv.o)
    0x080003f6   0x080003f6   0x00000024   Code   RO         7157    .text               mc_w.l(memcpya.o)
    0x0800041a   0x0800041a   0x00000024   Code   RO         7161    .text               mc_w.l(memseta.o)
    0x0800043e   0x0800043e   0x0000001e   Code   RO         7445    .text               mc_w.l(llshl.o)
    0x0800045c   0x0800045c   0x00000020   Code   RO         7447    .text               mc_w.l(llushr.o)
    0x0800047c   0x0800047c   0x00000024   Code   RO         7460    .text               mc_w.l(init.o)
    0x080004a0   0x080004a0   0x00000056   Code   RO         7474    .text               mc_w.l(__dczerorl2.o)
    0x080004f6   0x080004f6   0x00000002   Code   RO          533    i.BusFault_Handler  stm32h7xx_it.o
    0x080004f8   0x080004f8   0x00000002   Code   RO          534    i.DebugMon_Handler  stm32h7xx_it.o
    0x080004fa   0x080004fa   0x00000004   Code   RO           13    i.Error_Handler     main.o
    0x080004fe   0x080004fe   0x00000002   PAD
    0x08000500   0x08000500   0x00000360   Code   RO         1490    i.HAL_DMA_Abort     stm32h7xx_hal_dma.o
    0x08000860   0x08000860   0x00000284   Code   RO         1491    i.HAL_DMA_Abort_IT  stm32h7xx_hal_dma.o
    0x08000ae4   0x08000ae4   0x00000006   Code   RO         1494    i.HAL_DMA_GetState  stm32h7xx_hal_dma.o
    0x08000aea   0x08000aea   0x00000002   PAD
    0x08000aec   0x08000aec   0x0000022c   Code   RO         1338    i.HAL_GPIO_Init     stm32h7xx_hal_gpio.o
    0x08000d18   0x08000d18   0x0000000a   Code   RO         1342    i.HAL_GPIO_WritePin  stm32h7xx_hal_gpio.o
    0x08000d22   0x08000d22   0x00000002   PAD
    0x08000d24   0x08000d24   0x0000000c   Code   RO         2211    i.HAL_GetTick       stm32h7xx_hal.o
    0x08000d30   0x08000d30   0x00000058   Code   RO         2976    i.HAL_I2CEx_ConfigAnalogFilter  stm32h7xx_hal_i2c_ex.o
    0x08000d88   0x08000d88   0x00000054   Code   RO         2977    i.HAL_I2CEx_ConfigDigitalFilter  stm32h7xx_hal_i2c_ex.o
    0x08000ddc   0x08000ddc   0x00000002   Code   RO         2504    i.HAL_I2C_AbortCpltCallback  stm32h7xx_hal_i2c.o
    0x08000dde   0x08000dde   0x00000002   Code   RO         2505    i.HAL_I2C_AddrCallback  stm32h7xx_hal_i2c.o
    0x08000de0   0x08000de0   0x00000068   Code   RO         2508    i.HAL_I2C_ER_IRQHandler  stm32h7xx_hal_i2c.o
    0x08000e48   0x08000e48   0x00000010   Code   RO         2509    i.HAL_I2C_EV_IRQHandler  stm32h7xx_hal_i2c.o
    0x08000e58   0x08000e58   0x00000002   Code   RO         2511    i.HAL_I2C_ErrorCallback  stm32h7xx_hal_i2c.o
    0x08000e5a   0x08000e5a   0x00000006   Code   RO         2514    i.HAL_I2C_GetState  stm32h7xx_hal_i2c.o
    0x08000e60   0x08000e60   0x000000c0   Code   RO         2515    i.HAL_I2C_Init      stm32h7xx_hal_i2c.o
    0x08000f20   0x08000f20   0x00000100   Code   RO         2516    i.HAL_I2C_IsDeviceReady  stm32h7xx_hal_i2c.o
    0x08001020   0x08001020   0x00000002   Code   RO         2517    i.HAL_I2C_ListenCpltCallback  stm32h7xx_hal_i2c.o
    0x08001022   0x08001022   0x00000002   PAD
    0x08001024   0x08001024   0x00000164   Code   RO         2533    i.HAL_I2C_Mem_Read  stm32h7xx_hal_i2c.o
    0x08001188   0x08001188   0x00000158   Code   RO         2536    i.HAL_I2C_Mem_Write  stm32h7xx_hal_i2c.o
    0x080012e0   0x080012e0   0x000000ac   Code   RO          362    i.HAL_I2C_MspInit   i2c.o
    0x0800138c   0x0800138c   0x00000002   Code   RO         2541    i.HAL_I2C_SlaveRxCpltCallback  stm32h7xx_hal_i2c.o
    0x0800138e   0x0800138e   0x00000002   Code   RO         2542    i.HAL_I2C_SlaveTxCpltCallback  stm32h7xx_hal_i2c.o
    0x08001390   0x08001390   0x00000010   Code   RO         2217    i.HAL_IncTick       stm32h7xx_hal.o
    0x080013a0   0x080013a0   0x0000005c   Code   RO         2218    i.HAL_Init          stm32h7xx_hal.o
    0x080013fc   0x080013fc   0x0000008c   Code   RO          651    i.HAL_InitTick      stm32h7xx_hal_timebase_tim.o
    0x08001488   0x08001488   0x00000024   Code   RO          627    i.HAL_MspInit       stm32h7xx_hal_msp.o
    0x080014ac   0x080014ac   0x0000001a   Code   RO          696    i.HAL_NVIC_ClearPendingIRQ  stm32h7xx_hal_cortex.o
    0x080014c6   0x080014c6   0x0000001a   Code   RO          698    i.HAL_NVIC_EnableIRQ  stm32h7xx_hal_cortex.o
    0x080014e0   0x080014e0   0x00000040   Code   RO          704    i.HAL_NVIC_SetPriority  stm32h7xx_hal_cortex.o
    0x08001520   0x08001520   0x00000024   Code   RO          705    i.HAL_NVIC_SetPriorityGrouping  stm32h7xx_hal_cortex.o
    0x08001544   0x08001544   0x00000054   Code   RO         1939    i.HAL_PWREx_ConfigSupply  stm32h7xx_hal_pwr_ex.o
    0x08001598   0x08001598   0x00000024   Code   RO          959    i.HAL_RCCEx_GetD3PCLK1Freq  stm32h7xx_hal_rcc_ex.o
    0x080015bc   0x080015bc   0x00000144   Code   RO          961    i.HAL_RCCEx_GetPLL2ClockFreq  stm32h7xx_hal_rcc_ex.o
    0x08001700   0x08001700   0x00000144   Code   RO          962    i.HAL_RCCEx_GetPLL3ClockFreq  stm32h7xx_hal_rcc_ex.o
    0x08001844   0x08001844   0x000009ac   Code   RO          968    i.HAL_RCCEx_PeriphCLKConfig  stm32h7xx_hal_rcc_ex.o
    0x080021f0   0x080021f0   0x0000025c   Code   RO          844    i.HAL_RCC_ClockConfig  stm32h7xx_hal_rcc.o
    0x0800244c   0x0800244c   0x0000005c   Code   RO          848    i.HAL_RCC_GetClockConfig  stm32h7xx_hal_rcc.o
    0x080024a8   0x080024a8   0x00000044   Code   RO          849    i.HAL_RCC_GetHCLKFreq  stm32h7xx_hal_rcc.o
    0x080024ec   0x080024ec   0x00000024   Code   RO          851    i.HAL_RCC_GetPCLK1Freq  stm32h7xx_hal_rcc.o
    0x08002510   0x08002510   0x00000024   Code   RO          852    i.HAL_RCC_GetPCLK2Freq  stm32h7xx_hal_rcc.o
    0x08002534   0x08002534   0x00000138   Code   RO          853    i.HAL_RCC_GetSysClockFreq  stm32h7xx_hal_rcc.o
    0x0800266c   0x0800266c   0x00000002   Code   RO         3818    i.HAL_TIMEx_Break2Callback  stm32h7xx_hal_tim_ex.o
    0x0800266e   0x0800266e   0x00000002   Code   RO         3819    i.HAL_TIMEx_BreakCallback  stm32h7xx_hal_tim_ex.o
    0x08002670   0x08002670   0x00000002   Code   RO         3820    i.HAL_TIMEx_CommutCallback  stm32h7xx_hal_tim_ex.o
    0x08002672   0x08002672   0x00000002   PAD
    0x08002674   0x08002674   0x000000a4   Code   RO         3840    i.HAL_TIMEx_MasterConfigSynchronization  stm32h7xx_hal_tim_ex.o
    0x08002718   0x08002718   0x00000062   Code   RO         3104    i.HAL_TIM_Base_Init  stm32h7xx_hal_tim.o
    0x0800277a   0x0800277a   0x00000002   PAD
    0x0800277c   0x0800277c   0x0000003c   Code   RO          422    i.HAL_TIM_Base_MspInit  tim.o
    0x080027b8   0x080027b8   0x0000008c   Code   RO         3109    i.HAL_TIM_Base_Start_IT  stm32h7xx_hal_tim.o
    0x08002844   0x08002844   0x00000002   Code   RO         3138    i.HAL_TIM_IC_CaptureCallback  stm32h7xx_hal_tim.o
    0x08002846   0x08002846   0x00000148   Code   RO         3152    i.HAL_TIM_IRQHandler  stm32h7xx_hal_tim.o
    0x0800298e   0x0800298e   0x00000002   Code   RO         3155    i.HAL_TIM_OC_DelayElapsedCallback  stm32h7xx_hal_tim.o
    0x08002990   0x08002990   0x00000002   Code   RO         3182    i.HAL_TIM_PWM_PulseFinishedCallback  stm32h7xx_hal_tim.o
    0x08002992   0x08002992   0x00000002   PAD
    0x08002994   0x08002994   0x0000002c   Code   RO           14    i.HAL_TIM_PeriodElapsedCallback  main.o
    0x080029c0   0x080029c0   0x00000002   Code   RO         3195    i.HAL_TIM_TriggerCallback  stm32h7xx_hal_tim.o
    0x080029c2   0x080029c2   0x00000040   Code   RO         4529    i.HAL_UARTEx_DisableFifoMode  stm32h7xx_hal_uart_ex.o
    0x08002a02   0x08002a02   0x00000002   Code   RO         4118    i.HAL_UARTEx_RxEventCallback  stm32h7xx_hal_uart.o
    0x08002a04   0x08002a04   0x00000002   Code   RO         4537    i.HAL_UARTEx_RxFifoFullCallback  stm32h7xx_hal_uart_ex.o
    0x08002a06   0x08002a06   0x0000004c   Code   RO         4538    i.HAL_UARTEx_SetRxFifoThreshold  stm32h7xx_hal_uart_ex.o
    0x08002a52   0x08002a52   0x0000004c   Code   RO         4539    i.HAL_UARTEx_SetTxFifoThreshold  stm32h7xx_hal_uart_ex.o
    0x08002a9e   0x08002a9e   0x00000002   Code   RO         4541    i.HAL_UARTEx_TxFifoEmptyCallback  stm32h7xx_hal_uart_ex.o
    0x08002aa0   0x08002aa0   0x00000002   Code   RO         4542    i.HAL_UARTEx_WakeupCallback  stm32h7xx_hal_uart_ex.o
    0x08002aa2   0x08002aa2   0x00000002   Code   RO         4134    i.HAL_UART_ErrorCallback  stm32h7xx_hal_uart.o
    0x08002aa4   0x08002aa4   0x00000388   Code   RO         4137    i.HAL_UART_IRQHandler  stm32h7xx_hal_uart.o
    0x08002e2c   0x08002e2c   0x0000006a   Code   RO         4138    i.HAL_UART_Init     stm32h7xx_hal_uart.o
    0x08002e96   0x08002e96   0x00000002   PAD
    0x08002e98   0x08002e98   0x00000108   Code   RO          464    i.HAL_UART_MspInit  usart.o
    0x08002fa0   0x08002fa0   0x000000e8   Code   RO         4141    i.HAL_UART_Receive  stm32h7xx_hal_uart.o
    0x08003088   0x08003088   0x000000b0   Code   RO         4147    i.HAL_UART_Transmit  stm32h7xx_hal_uart.o
    0x08003138   0x08003138   0x00000002   Code   RO         4150    i.HAL_UART_TxCpltCallback  stm32h7xx_hal_uart.o
    0x0800313a   0x0800313a   0x00000002   Code   RO          535    i.HardFault_Handler  stm32h7xx_it.o
    0x0800313c   0x0800313c   0x0000000c   Code   RO          536    i.I2C4_ER_IRQHandler  stm32h7xx_it.o
    0x08003148   0x08003148   0x0000000c   Code   RO          537    i.I2C4_EV_IRQHandler  stm32h7xx_it.o
    0x08003154   0x08003154   0x00000014   Code   RO         2554    i.I2C_DMAAbort      stm32h7xx_hal_i2c.o
    0x08003168   0x08003168   0x00000060   Code   RO         2560    i.I2C_Disable_IRQ   stm32h7xx_hal_i2c.o
    0x080031c8   0x080031c8   0x0000001c   Code   RO         7089    i.I2C_EE_BufferRead  i2c4.o
    0x080031e4   0x080031e4   0x00000088   Code   RO         7090    i.I2C_EE_BufferWrite  i2c4.o
    0x0800326c   0x0800326c   0x00000048   Code   RO         7093    i.I2C_EE_PageWrite  i2c4.o
    0x080032b4   0x080032b4   0x00000022   Code   RO         2562    i.I2C_Flush_TXDR    stm32h7xx_hal_i2c.o
    0x080032d6   0x080032d6   0x00000094   Code   RO         2563    i.I2C_ITAddrCplt    stm32h7xx_hal_i2c.o
    0x0800336a   0x0800336a   0x00000002   PAD
    0x0800336c   0x0800336c   0x00000120   Code   RO         2564    i.I2C_ITError       stm32h7xx_hal_i2c.o
    0x0800348c   0x0800348c   0x00000064   Code   RO         2565    i.I2C_ITListenCplt  stm32h7xx_hal_i2c.o
    0x080034f0   0x080034f0   0x00000250   Code   RO         2568    i.I2C_ITSlaveCplt   stm32h7xx_hal_i2c.o
    0x08003740   0x08003740   0x00000072   Code   RO         2569    i.I2C_ITSlaveSeqCplt  stm32h7xx_hal_i2c.o
    0x080037b2   0x080037b2   0x00000002   PAD
    0x080037b4   0x080037b4   0x00000110   Code   RO         2570    i.I2C_IsErrorOccurred  stm32h7xx_hal_i2c.o
    0x080038c4   0x080038c4   0x00000064   Code   RO         2575    i.I2C_RequestMemoryRead  stm32h7xx_hal_i2c.o
    0x08003928   0x08003928   0x00000064   Code   RO         2576    i.I2C_RequestMemoryWrite  stm32h7xx_hal_i2c.o
    0x0800398c   0x0800398c   0x00000118   Code   RO         2578    i.I2C_Slave_ISR_IT  stm32h7xx_hal_i2c.o
    0x08003aa4   0x08003aa4   0x0000014c   Code   RO         7094    i.I2C_Test          i2c4.o
    0x08003bf0   0x08003bf0   0x00000030   Code   RO         2579    i.I2C_TransferConfig  stm32h7xx_hal_i2c.o
    0x08003c20   0x08003c20   0x0000002a   Code   RO         2580    i.I2C_TreatErrorCallback  stm32h7xx_hal_i2c.o
    0x08003c4a   0x08003c4a   0x0000007c   Code   RO         2581    i.I2C_WaitOnFlagUntilTimeout  stm32h7xx_hal_i2c.o
    0x08003cc6   0x08003cc6   0x00000058   Code   RO         2583    i.I2C_WaitOnSTOPFlagUntilTimeout  stm32h7xx_hal_i2c.o
    0x08003d1e   0x08003d1e   0x0000005c   Code   RO         2584    i.I2C_WaitOnTXISFlagUntilTimeout  stm32h7xx_hal_i2c.o
    0x08003d7a   0x08003d7a   0x0000000c   Code   RO         6893    i.MB_Slave_Task_Entry  mb_slave_task.o
    0x08003d86   0x08003d86   0x00000002   PAD
    0x08003d88   0x08003d88   0x00000068   Code   RO          275    i.MX_FREERTOS_Init  freertos.o
    0x08003df0   0x08003df0   0x00000090   Code   RO          246    i.MX_GPIO_Init      gpio.o
    0x08003e80   0x08003e80   0x00000058   Code   RO          363    i.MX_I2C4_Init      i2c.o
    0x08003ed8   0x08003ed8   0x00000048   Code   RO          423    i.MX_TIM7_Init      tim.o
    0x08003f20   0x08003f20   0x00000068   Code   RO          465    i.MX_UART5_Init     usart.o
    0x08003f88   0x08003f88   0x00000068   Code   RO          466    i.MX_USART1_UART_Init  usart.o
    0x08003ff0   0x08003ff0   0x00000002   Code   RO          538    i.MemManage_Handler  stm32h7xx_it.o
    0x08003ff2   0x08003ff2   0x00000002   Code   RO          539    i.NMI_Handler       stm32h7xx_it.o
    0x08003ff4   0x08003ff4   0x000000d0   Code   RO          467    i.Print_CPU_INFO    usart.o
    0x080040c4   0x080040c4   0x00000120   Code   RO          971    i.RCCEx_PLL2_Config  stm32h7xx_hal_rcc_ex.o
    0x080041e4   0x080041e4   0x00000120   Code   RO          972    i.RCCEx_PLL3_Config  stm32h7xx_hal_rcc_ex.o
    0x08004304   0x08004304   0x00000008   Code   RO          276    i.StartDefaultTask  freertos.o
    0x0800430c   0x0800430c   0x0000000a   Code   RO          277    i.StartTask02       freertos.o
    0x08004316   0x08004316   0x0000000a   Code   RO          278    i.StartTask03       freertos.o
    0x08004320   0x08004320   0x0000000a   Code   RO          279    i.StartTask04       freertos.o
    0x0800432a   0x0800432a   0x0000001a   Code   RO         5794    i.SysTick_Handler   cmsis_os2.o
    0x08004344   0x08004344   0x00000070   Code   RO           15    i.SystemClock_Config  main.o
    0x080043b4   0x080043b4   0x000000dc   Code   RO         4648    i.SystemInit        system_stm32h7xx.o
    0x08004490   0x08004490   0x0000000c   Code   RO          540    i.TIM6_DAC_IRQHandler  stm32h7xx_it.o
    0x0800449c   0x0800449c   0x0000000c   Code   RO          541    i.TIM7_IRQHandler   stm32h7xx_it.o
    0x080044a8   0x080044a8   0x000000d0   Code   RO         3197    i.TIM_Base_SetConfig  stm32h7xx_hal_tim.o
    0x08004578   0x08004578   0x00000038   Code   RO          542    i.UART5_IRQHandler  stm32h7xx_it.o
    0x080045b0   0x080045b0   0x00000044   Code   RO         4543    i.UARTEx_SetNbDataToProcess  stm32h7xx_hal_uart_ex.o
    0x080045f4   0x080045f4   0x000000c8   Code   RO         4152    i.UART_AdvFeatureConfig  stm32h7xx_hal_uart.o
    0x080046bc   0x080046bc   0x000000aa   Code   RO         4153    i.UART_CheckIdleState  stm32h7xx_hal_uart.o
    0x08004766   0x08004766   0x00000014   Code   RO         4154    i.UART_DMAAbortOnError  stm32h7xx_hal_uart.o
    0x0800477a   0x0800477a   0x00000002   PAD
    0x0800477c   0x0800477c   0x00000054   Code   RO         4164    i.UART_EndRxTransfer  stm32h7xx_hal_uart.o
    0x080047d0   0x080047d0   0x000003ac   Code   RO         4170    i.UART_SetConfig    stm32h7xx_hal_uart.o
    0x08004b7c   0x08004b7c   0x00000094   Code   RO         4177    i.UART_WaitOnFlagUntilTimeout  stm32h7xx_hal_uart.o
    0x08004c10   0x08004c10   0x0000000c   Code   RO          543    i.USART1_IRQHandler  stm32h7xx_it.o
    0x08004c1c   0x08004c1c   0x00000002   Code   RO          544    i.UsageFault_Handler  stm32h7xx_it.o
    0x08004c1e   0x08004c1e   0x00000002   PAD
    0x08004c20   0x08004c20   0x00000020   Code   RO         7372    i.__0printf$8       mc_w.l(printf8.o)
    0x08004c40   0x08004c40   0x00000022   Code   RO          711    i.__NVIC_SetPriority  stm32h7xx_hal_cortex.o
    0x08004c62   0x08004c62   0x0000000e   Code   RO         7468    i.__scatterload_copy  mc_w.l(handlers.o)
    0x08004c70   0x08004c70   0x00000002   Code   RO         7469    i.__scatterload_null  mc_w.l(handlers.o)
    0x08004c72   0x08004c72   0x0000000e   Code   RO         7470    i.__scatterload_zeroinit  mc_w.l(handlers.o)
    0x08004c80   0x08004c80   0x00000404   Code   RO         7379    i._printf_core      mc_w.l(printf8.o)
    0x08005084   0x08005084   0x00000024   Code   RO         7380    i._printf_post_padding  mc_w.l(printf8.o)
    0x080050a8   0x080050a8   0x0000002e   Code   RO         7381    i._printf_pre_padding  mc_w.l(printf8.o)
    0x080050d6   0x080050d6   0x00000002   PAD
    0x080050d8   0x080050d8   0x00000020   Code   RO         6456    i.eMBEnable         mb.o
    0x080050f8   0x080050f8   0x00000074   Code   RO         6655    i.eMBFuncReadCoils  mbfunccoils.o
    0x0800516c   0x0800516c   0x00000074   Code   RO         6696    i.eMBFuncReadDiscreteInputs  mbfuncdisc.o
    0x080051e0   0x080051e0   0x0000005a   Code   RO         6720    i.eMBFuncReadHoldingRegister  mbfuncholding.o
    0x0800523a   0x0800523a   0x0000005e   Code   RO         6762    i.eMBFuncReadInputRegister  mbfuncinput.o
    0x08005298   0x08005298   0x000000aa   Code   RO         6721    i.eMBFuncReadWriteMultipleHoldingRegister  mbfuncholding.o
    0x08005342   0x08005342   0x00000002   PAD
    0x08005344   0x08005344   0x00000024   Code   RO         6786    i.eMBFuncReportSlaveID  mbfuncother.o
    0x08005368   0x08005368   0x00000052   Code   RO         6656    i.eMBFuncWriteCoil  mbfunccoils.o
    0x080053ba   0x080053ba   0x0000002e   Code   RO         6722    i.eMBFuncWriteHoldingRegister  mbfuncholding.o
    0x080053e8   0x080053e8   0x00000060   Code   RO         6657    i.eMBFuncWriteMultipleCoils  mbfunccoils.o
    0x08005448   0x08005448   0x0000004e   Code   RO         6723    i.eMBFuncWriteMultipleHoldingRegister  mbfuncholding.o
    0x08005496   0x08005496   0x00000002   PAD
    0x08005498   0x08005498   0x00000080   Code   RO         6457    i.eMBInit           mb.o
    0x08005518   0x08005518   0x000000b4   Code   RO         6458    i.eMBPoll           mb.o
    0x080055cc   0x080055cc   0x00000048   Code   RO         6558    i.eMBRTUInit        mbrtu.o
    0x08005614   0x08005614   0x0000005c   Code   RO         6559    i.eMBRTUReceive     mbrtu.o
    0x08005670   0x08005670   0x00000074   Code   RO         6560    i.eMBRTUSend        mbrtu.o
    0x080056e4   0x080056e4   0x00000024   Code   RO         6561    i.eMBRTUStart       mbrtu.o
    0x08005708   0x08005708   0x0000001c   Code   RO         6562    i.eMBRTUStop        mbrtu.o
    0x08005724   0x08005724   0x00000074   Code   RO         6894    i.eMBRegCoilsCB     mb_slave_task.o
    0x08005798   0x08005798   0x00000050   Code   RO         6895    i.eMBRegDiscreteCB  mb_slave_task.o
    0x080057e8   0x080057e8   0x00000074   Code   RO         6896    i.eMBRegHoldingCB   mb_slave_task.o
    0x0800585c   0x0800585c   0x0000004c   Code   RO         6897    i.eMBRegInputCB     mb_slave_task.o
    0x080058a8   0x080058a8   0x00000018   Code   RO          469    i.fputc             usart.o
    0x080058c0   0x080058c0   0x000000cc   Code   RO           16    i.main              main.o
    0x0800598c   0x0800598c   0x0000001c   Code   RO         5796    i.osDelay           cmsis_os2.o
    0x080059a8   0x080059a8   0x00000024   Code   RO         5810    i.osKernelInitialize  cmsis_os2.o
    0x080059cc   0x080059cc   0x00000038   Code   RO         5813    i.osKernelStart     cmsis_os2.o
    0x08005a04   0x08005a04   0x00000090   Code   RO         5855    i.osThreadNew       cmsis_os2.o
    0x08005a94   0x08005a94   0x0000005c   Code   RO         5255    i.prvAddCurrentTaskToDelayedList  tasks.o
    0x08005af0   0x08005af0   0x000000d0   Code   RO         5256    i.prvAddNewTaskToReadyList  tasks.o
    0x08005bc0   0x08005bc0   0x00000058   Code   RO         5620    i.prvCheckForValidListAndQueue  timers.o
    0x08005c18   0x08005c18   0x00000026   Code   RO         4852    i.prvCopyDataFromQueue  queue.o
    0x08005c3e   0x08005c3e   0x0000006c   Code   RO         4853    i.prvCopyDataToQueue  queue.o
    0x08005caa   0x08005caa   0x00000034   Code   RO         5257    i.prvDeleteTCB      tasks.o
    0x08005cde   0x08005cde   0x00000002   PAD
    0x08005ce0   0x08005ce0   0x00000050   Code   RO         6319    i.prvHeapInit       heap_4.o
    0x08005d30   0x08005d30   0x00000064   Code   RO         5258    i.prvIdleTask       tasks.o
    0x08005d94   0x08005d94   0x00000022   Code   RO         4855    i.prvInitialiseNewQueue  queue.o
    0x08005db6   0x08005db6   0x000000b0   Code   RO         5259    i.prvInitialiseNewTask  tasks.o
    0x08005e66   0x08005e66   0x00000002   PAD
    0x08005e68   0x08005e68   0x0000004c   Code   RO         6320    i.prvInsertBlockIntoFreeList  heap_4.o
    0x08005eb4   0x08005eb4   0x0000003c   Code   RO         5622    i.prvInsertTimerInActiveList  timers.o
    0x08005ef0   0x08005ef0   0x0000001c   Code   RO         4856    i.prvIsQueueEmpty   queue.o
    0x08005f0c   0x08005f0c   0x000000f8   Code   RO         5623    i.prvProcessReceivedCommands  timers.o
    0x08006004   0x08006004   0x000000c0   Code   RO         5624    i.prvProcessTimerOrBlockTask  timers.o
    0x080060c4   0x080060c4   0x00000020   Code   RO         5261    i.prvResetNextTaskUnblockTime  tasks.o
    0x080060e4   0x080060e4   0x00000028   Code   RO         5625    i.prvSampleTimeNow  timers.o
    0x0800610c   0x0800610c   0x0000006c   Code   RO         5626    i.prvSwitchTimerLists  timers.o
    0x08006178   0x08006178   0x00000028   Code   RO         6375    i.prvTaskExitError  port.o
    0x080061a0   0x080061a0   0x00000024   Code   RO         5627    i.prvTimerTask      timers.o
    0x080061c4   0x080061c4   0x0000006a   Code   RO         4857    i.prvUnlockQueue    queue.o
    0x0800622e   0x0800622e   0x00000018   Code   RO         6819    i.prveMBError2Exception  mbutils.o
    0x08006246   0x08006246   0x00000002   PAD
    0x08006248   0x08006248   0x0000000c   Code   RO         7047    i.prvvTIMERExpiredISR  porttimer.o
    0x08006254   0x08006254   0x0000000c   Code   RO         6983    i.prvvUARTRxISR     portserial.o
    0x08006260   0x08006260   0x0000000c   Code   RO         6984    i.prvvUARTTxReadyISR  portserial.o
    0x0800626c   0x0800626c   0x000000dc   Code   RO         6321    i.pvPortMalloc      heap_4.o
    0x08006348   0x08006348   0x00000030   Code   RO         6376    i.pxPortInitialiseStack  port.o
    0x08006378   0x08006378   0x0000002c   Code   RO         6855    i.usMBCRC16         mbcrc.o
    0x080063a4   0x080063a4   0x00000026   Code   RO         4812    i.uxListRemove      list.o
    0x080063ca   0x080063ca   0x00000002   PAD
    0x080063cc   0x080063cc   0x00000018   Code   RO         5867    i.vApplicationGetIdleTaskMemory  cmsis_os2.o
    0x080063e4   0x080063e4   0x00000018   Code   RO         5868    i.vApplicationGetTimerTaskMemory  cmsis_os2.o
    0x080063fc   0x080063fc   0x00000002   Code   RO          280    i.vApplicationIdleHook  freertos.o
    0x080063fe   0x080063fe   0x00000002   Code   RO          281    i.vApplicationTickHook  freertos.o
    0x08006400   0x08006400   0x00000016   Code   RO         4813    i.vListInitialise   list.o
    0x08006416   0x08006416   0x00000006   Code   RO         4814    i.vListInitialiseItem  list.o
    0x0800641c   0x0800641c   0x00000030   Code   RO         4815    i.vListInsert       list.o
    0x0800644c   0x0800644c   0x00000018   Code   RO         4816    i.vListInsertEnd    list.o
    0x08006464   0x08006464   0x00000030   Code   RO         6985    i.vMBPortSerialEnable  portserial.o
    0x08006494   0x08006494   0x0000003c   Code   RO         7048    i.vMBPortTimersDisable  porttimer.o
    0x080064d0   0x080064d0   0x0000002c   Code   RO         7049    i.vMBPortTimersEnable  porttimer.o
    0x080064fc   0x080064fc   0x00000040   Code   RO         6378    i.vPortEnterCritical  port.o
    0x0800653c   0x0800653c   0x00000028   Code   RO         6379    i.vPortExitCritical  port.o
    0x08006564   0x08006564   0x00000064   Code   RO         6322    i.vPortFree         heap_4.o
    0x080065c8   0x080065c8   0x00000024   Code   RO         6380    i.vPortSetupTimerInterrupt  port.o
    0x080065ec   0x080065ec   0x00000054   Code   RO         6381    i.vPortValidateInterruptPriority  port.o
    0x08006640   0x08006640   0x00000028   Code   RO         4863    i.vQueueAddToRegistry  queue.o
    0x08006668   0x08006668   0x00000044   Code   RO         4867    i.vQueueWaitForMessageRestricted  queue.o
    0x080066ac   0x080066ac   0x0000004c   Code   RO         5274    i.vTaskDelay        tasks.o
    0x080066f8   0x080066f8   0x00000010   Code   RO         5279    i.vTaskInternalSetTimeOutState  tasks.o
    0x08006708   0x08006708   0x0000000c   Code   RO         5280    i.vTaskMissedYield  tasks.o
    0x08006714   0x08006714   0x00000030   Code   RO         5282    i.vTaskPlaceOnEventList  tasks.o
    0x08006744   0x08006744   0x00000038   Code   RO         5283    i.vTaskPlaceOnEventListRestricted  tasks.o
    0x0800677c   0x0800677c   0x00000088   Code   RO         5291    i.vTaskStartScheduler  tasks.o
    0x08006804   0x08006804   0x00000010   Code   RO         5293    i.vTaskSuspendAll   tasks.o
    0x08006814   0x08006814   0x00000064   Code   RO         5294    i.vTaskSwitchContext  tasks.o
    0x08006878   0x08006878   0x00000020   Code   RO         6945    i.xMBPortEventGet   portevent.o
    0x08006898   0x08006898   0x00000010   Code   RO         6946    i.xMBPortEventInit  portevent.o
    0x080068a8   0x080068a8   0x00000010   Code   RO         6947    i.xMBPortEventPost  portevent.o
    0x080068b8   0x080068b8   0x0000001c   Code   RO         6986    i.xMBPortSerialGetByte  portserial.o
    0x080068d4   0x080068d4   0x00000004   Code   RO         6987    i.xMBPortSerialInit  portserial.o
    0x080068d8   0x080068d8   0x0000001c   Code   RO         6988    i.xMBPortSerialPutByte  portserial.o
    0x080068f4   0x080068f4   0x00000004   Code   RO         7050    i.xMBPortTimersInit  porttimer.o
    0x080068f8   0x080068f8   0x00000064   Code   RO         6563    i.xMBRTUReceiveFSM  mbrtu.o
    0x0800695c   0x0800695c   0x00000040   Code   RO         6564    i.xMBRTUTimerT35Expired  mbrtu.o
    0x0800699c   0x0800699c   0x0000005c   Code   RO         6565    i.xMBRTUTransmitFSM  mbrtu.o
    0x080069f8   0x080069f8   0x00000022   Code   RO         6820    i.xMBUtilGetBits    mbutils.o
    0x08006a1a   0x08006a1a   0x00000036   Code   RO         6821    i.xMBUtilSetBits    mbutils.o
    0x08006a50   0x08006a50   0x000000f4   Code   RO         6382    i.xPortStartScheduler  port.o
    0x08006b44   0x08006b44   0x0000002c   Code   RO         6383    i.xPortSysTickHandler  port.o
    0x08006b70   0x08006b70   0x00000066   Code   RO         4873    i.xQueueGenericCreateStatic  queue.o
    0x08006bd6   0x08006bd6   0x00000002   PAD
    0x08006bd8   0x08006bd8   0x00000094   Code   RO         4874    i.xQueueGenericReset  queue.o
    0x08006c6c   0x08006c6c   0x00000160   Code   RO         4875    i.xQueueGenericSend  queue.o
    0x08006dcc   0x08006dcc   0x000000be   Code   RO         4876    i.xQueueGenericSendFromISR  queue.o
    0x08006e8a   0x08006e8a   0x00000002   PAD
    0x08006e8c   0x08006e8c   0x0000013c   Code   RO         4885    i.xQueueReceive     queue.o
    0x08006fc8   0x08006fc8   0x00000078   Code   RO         5296    i.xTaskCheckForTimeOut  tasks.o
    0x08007040   0x08007040   0x0000005a   Code   RO         5297    i.xTaskCreate       tasks.o
    0x0800709a   0x0800709a   0x00000056   Code   RO         5298    i.xTaskCreateStatic  tasks.o
    0x080070f0   0x080070f0   0x0000001c   Code   RO         5302    i.xTaskGetSchedulerState  tasks.o
    0x0800710c   0x0800710c   0x0000000c   Code   RO         5303    i.xTaskGetTickCount  tasks.o
    0x08007118   0x08007118   0x000000d8   Code   RO         5305    i.xTaskIncrementTick  tasks.o
    0x080071f0   0x080071f0   0x0000007c   Code   RO         5308    i.xTaskPriorityDisinherit  tasks.o
    0x0800726c   0x0800726c   0x00000070   Code   RO         5310    i.xTaskRemoveFromEventList  tasks.o
    0x080072dc   0x080072dc   0x000000c4   Code   RO         5311    i.xTaskResumeAll    tasks.o
    0x080073a0   0x080073a0   0x00000060   Code   RO         5636    i.xTimerCreateTimerTask  timers.o
    0x08007400   0x08007400   0x00000068   Code   RO         5637    i.xTimerGenericCommand  timers.o
    0x08007468   0x08007468   0x000000b4   Data   RO          290    .constdata          freertos.o
    0x0800751c   0x0800751c   0x00000018   Data   RO         4178    .constdata          stm32h7xx_hal_uart.o
    0x08007534   0x08007534   0x00000010   Data   RO         4544    .constdata          stm32h7xx_hal_uart_ex.o
    0x08007544   0x08007544   0x00000010   Data   RO         4649    .constdata          system_stm32h7xx.o
    0x08007554   0x08007554   0x00000200   Data   RO         6856    .constdata          mbcrc.o
    0x08007754   0x08007754   0x00000040   Data   RO          291    .conststring        freertos.o
    0x08007794   0x08007794   0x00000020   Data   RO         7466    Region$$Table       anon$$obj.o


    Execution Region RW_IRAM1 (Exec base: 0x20000000, Load base: 0x080077b4, Size: 0x00000000, Max: 0x00020000, ABSOLUTE)

    **** No section assigned to this execution region ****


    Execution Region RW_IRAM2 (Exec base: 0x24000000, Load base: 0x080077b4, Size: 0x000075c0, Max: 0x00080000, ABSOLUTE, COMPRESSED[0x00000050])

    Exec Addr    Load Addr    Size         Type   Attr      Idx    E Section Name        Object

    0x24000000   COMPRESSED   0x00000014   Data   RW          292    .data               freertos.o
    0x24000014   COMPRESSED   0x0000000c   Data   RW         2240    .data               stm32h7xx_hal.o
    0x24000020   COMPRESSED   0x00000008   Data   RW         4650    .data               system_stm32h7xx.o
    0x24000028   COMPRESSED   0x0000003c   Data   RW         5314    .data               tasks.o
    0x24000064   COMPRESSED   0x00000014   Data   RW         5645    .data               timers.o
    0x24000078   COMPRESSED   0x00000004   Data   RW         5872    .data               cmsis_os2.o
    0x2400007c   COMPRESSED   0x00000020   Data   RW         6328    .data               heap_4.o
    0x2400009c   COMPRESSED   0x0000000c   Data   RW         6384    .data               port.o
    0x240000a8   COMPRESSED   0x000000ac   Data   RW         6460    .data               mb.o
    0x24000154   COMPRESSED   0x0000000c   Data   RW         6567    .data               mbrtu.o
    0x24000160   COMPRESSED   0x00000002   Data   RW         6789    .data               mbfuncother.o
    0x24000162   COMPRESSED   0x00000014   Data   RW         6899    .data               mb_slave_task.o
    0x24000176   COMPRESSED   0x00000002   Data   RW         6948    .data               portevent.o
    0x24000178   COMPRESSED   0x00000004   Data   RW         7442    .data               mc_w.l(stdout.o)
    0x2400017c        -       0x00000800   Zero   RW          282    .bss                freertos.o
    0x2400097c        -       0x0000005c   Zero   RW          283    .bss                freertos.o
    0x240009d8        -       0x00000800   Zero   RW          284    .bss                freertos.o
    0x240011d8        -       0x0000005c   Zero   RW          285    .bss                freertos.o
    0x24001234        -       0x00000800   Zero   RW          286    .bss                freertos.o
    0x24001a34        -       0x0000005c   Zero   RW          287    .bss                freertos.o
    0x24001a90        -       0x00000800   Zero   RW          288    .bss                freertos.o
    0x24002290        -       0x0000005c   Zero   RW          289    .bss                freertos.o
    0x240022ec        -       0x00000054   Zero   RW          364    .bss                i2c.o
    0x24002340        -       0x0000004c   Zero   RW          424    .bss                tim.o
    0x2400238c        -       0x00000128   Zero   RW          470    .bss                usart.o
    0x240024b4        -       0x0000004c   Zero   RW          654    .bss                stm32h7xx_hal_timebase_tim.o
    0x24002500        -       0x00000040   Zero   RW         4889    .bss                queue.o
    0x24002540        -       0x000004c4   Zero   RW         5313    .bss                tasks.o
    0x24002a04        -       0x00000118   Zero   RW         5644    .bss                timers.o
    0x24002b1c        -       0x000006b8   Zero   RW         5871    .bss                cmsis_os2.o
    0x240031d4        -       0x00003c00   Zero   RW         6327    .bss                heap_4.o
    0x24006dd4        -       0x00000100   Zero   RW         6566    .bss                mbrtu.o
    0x24006ed4        -       0x00000020   Zero   RW         6788    .bss                mbfuncother.o
    0x24006ef4        -       0x000000c8   Zero   RW         6898    .bss                mb_slave_task.o
    0x24006fbc        -       0x00000200   Zero   RW         7095    .bss                i2c4.o
    0x240071bc   COMPRESSED   0x00000004   PAD
    0x240071c0        -       0x00000400   Zero   RW            1    STACK               startup_stm32h743xx.o


==============================================================================

Image component sizes


      Code (inc. data)   RO Data    RW Data    ZI Data      Debug   Object Name

       338         22          0          4       1720      71139   cmsis_os2.o
         0          0          0          0          0      19416   event_groups.o
       146         30        244         20       8560       5229   freertos.o
       144         14          0          0          0       1051   gpio.o
       476         24          0         32      15360       4999   heap_4.o
       260         26          0          0         84       1921   i2c.o
       568        208          0          0        512       3618   i2c4.o
       138          0          0          0          0       3690   list.o
       364         28          0          0          0    1349316   main.o
       340         40          0        172          0      10204   mb.o
       400         28          0         20        200       5016   mb_slave_task.o
        44          4        512          0          0       1332   mbcrc.o
       294          0          0          0          0       3886   mbfunccoils.o
       116          0          0          0          0       1680   mbfuncdisc.o
       384          0          0          0          0       5327   mbfuncholding.o
        94          0          0          0          0       1667   mbfuncinput.o
        36         10          0          2         32       1479   mbfuncother.o
       600         50          0         12        256       7219   mbrtu.o
       112          0          0          0          0       2790   mbutils.o
       790         84          0         12          0      11661   port.o
        64         16          0          2          0       2376   portevent.o
       132         24          0          0          0       5118   portserial.o
       120         18          0          0          0       1971   porttimer.o
      1530         22          0          0         64      17628   queue.o
        36          8        664          0       1024        836   startup_stm32h743xx.o
       120         28          0         12          0      21570   stm32h7xx_hal.o
       186         12          0          0          0      39533   stm32h7xx_hal_cortex.o
      1514         70          0          0          0       4518   stm32h7xx_hal_dma.o
       566         50          0          0          0       2320   stm32h7xx_hal_gpio.o
      3824        120          0          0          0      27061   stm32h7xx_hal_i2c.o
       172          0          0          0          0       2099   stm32h7xx_hal_i2c_ex.o
        36          4          0          0          0        954   stm32h7xx_hal_msp.o
        84          6          0          0          0        793   stm32h7xx_hal_pwr_ex.o
      1148        102          0          0          0       5677   stm32h7xx_hal_rcc.o
      3736        118          0          0          0       7901   stm32h7xx_hal_rcc_ex.o
       782         66          0          0          0       7173   stm32h7xx_hal_tim.o
       170         30          0          0          0       3256   stm32h7xx_hal_tim_ex.o
       140         20          0          0         76       1611   stm32h7xx_hal_timebase_tim.o
      2986        138         24          0          0      32535   stm32h7xx_hal_uart.o
       290          6         16          0          0       5546   stm32h7xx_hal_uart_ex.o
       128         36          0          0          0       5698   stm32h7xx_it.o
         0          0          0          0          0        392   stream_buffer.o
       220         40         16          8          0       1506   system_stm32h7xx.o
      2104        164          0         60       1220      27124   tasks.o
       132         20          0          0         76       1750   tim.o
       972         84          0         20        280      32247   timers.o
       704        196          0          0        296       5118   usart.o

    ----------------------------------------------------------------------
     27584       1966       1508        376      29764    1776951   Object Totals
         0          0         32          0          0          0   (incl. Generated)
        44          0          0          0          4          0   (incl. Padding)

    ----------------------------------------------------------------------

      Code (inc. data)   RO Data    RW Data    ZI Data      Debug   Library Member Name

        86          0          0          0          0          0   __dczerorl2.o
         0          0          0          0          0          0   entry.o
         0          0          0          0          0          0   entry10a.o
         0          0          0          0          0          0   entry11a.o
         4          0          0          0          0          0   entry12b.o
         8          4          0          0          0          0   entry2.o
         4          0          0          0          0          0   entry5.o
         0          0          0          0          0          0   entry7b.o
         0          0          0          0          0          0   entry8b.o
         8          4          0          0          0          0   entry9a.o
        30          0          0          0          0          0   handlers.o
        36          8          0          0          0         68   init.o
        30          0          0          0          0         68   llshl.o
        32          0          0          0          0         68   llushr.o
        36          0          0          0          0         68   memcpya.o
        36          0          0          0          0        108   memseta.o
      1142         54          0          0          0        352   printf8.o
         0          0          0          4          0          0   stdout.o
        98          0          0          0          0         92   uldiv.o

    ----------------------------------------------------------------------
      1552         70          0          4          0        824   Library Totals
         2          0          0          0          0          0   (incl. Padding)

    ----------------------------------------------------------------------

      Code (inc. data)   RO Data    RW Data    ZI Data      Debug   Library Name

      1550         70          0          4          0        824   mc_w.l

    ----------------------------------------------------------------------
      1552         70          0          4          0        824   Library Totals

    ----------------------------------------------------------------------

==============================================================================


      Code (inc. data)   RO Data    RW Data    ZI Data      Debug   

     29136       2036       1508        380      29764    1754395   Grand Totals
     29136       2036       1508         80      29764    1754395   ELF Image Totals (compressed)
     29136       2036       1508         80          0          0   ROM Totals

==============================================================================

    Total RO  Size (Code + RO Data)                30644 (  29.93kB)
    Total RW  Size (RW Data + ZI Data)             30144 (  29.44kB)
    Total ROM Size (Code + RO Data + RW Data)      30724 (  30.00kB)

==============================================================================

