Component: ARM Compiler 5.06 update 7 (build 960) Tool: armlink [4d3601]

==============================================================================

Section Cross References

    startup_stm32h743xx.o(RESET) refers to startup_stm32h743xx.o(STACK) for __initial_sp
    startup_stm32h743xx.o(RESET) refers to startup_stm32h743xx.o(.text) for Reset_Handler
    startup_stm32h743xx.o(RESET) refers to stm32h7xx_it.o(i.NMI_Handler) for NMI_Handler
    startup_stm32h743xx.o(RESET) refers to stm32h7xx_it.o(i.HardFault_Handler) for HardFault_Handler
    startup_stm32h743xx.o(RESET) refers to stm32h7xx_it.o(i.MemManage_Handler) for MemManage_Handler
    startup_stm32h743xx.o(RESET) refers to stm32h7xx_it.o(i.BusFault_Handler) for BusFault_Handler
    startup_stm32h743xx.o(RESET) refers to stm32h7xx_it.o(i.UsageFault_Handler) for UsageFault_Handler
    startup_stm32h743xx.o(RESET) refers to port.o(.emb_text) for SVC_Handler
    startup_stm32h743xx.o(RESET) refers to stm32h7xx_it.o(i.DebugMon_Handler) for DebugMon_Handler
    startup_stm32h743xx.o(RESET) refers to cmsis_os2.o(i.SysTick_Handler) for SysTick_Handler
    startup_stm32h743xx.o(RESET) refers to stm32h7xx_it.o(i.USART1_IRQHandler) for USART1_IRQHandler
    startup_stm32h743xx.o(RESET) refers to stm32h7xx_it.o(i.TIM6_DAC_IRQHandler) for TIM6_DAC_IRQHandler
    startup_stm32h743xx.o(RESET) refers to stm32h7xx_it.o(i.I2C4_EV_IRQHandler) for I2C4_EV_IRQHandler
    startup_stm32h743xx.o(RESET) refers to stm32h7xx_it.o(i.I2C4_ER_IRQHandler) for I2C4_ER_IRQHandler
    startup_stm32h743xx.o(.text) refers to system_stm32h7xx.o(i.SystemInit) for SystemInit
    startup_stm32h743xx.o(.text) refers to entry.o(.ARM.Collect$$$$00000000) for __main
    main.o(i.HAL_TIM_PeriodElapsedCallback) refers to stm32h7xx_hal.o(i.HAL_IncTick) for HAL_IncTick
    main.o(i.SystemClock_Config) refers to memseta.o(.text) for __aeabi_memclr4
    main.o(i.SystemClock_Config) refers to stm32h7xx_hal_pwr_ex.o(i.HAL_PWREx_ConfigSupply) for HAL_PWREx_ConfigSupply
    main.o(i.SystemClock_Config) refers to stm32h7xx_hal_rcc.o(i.HAL_RCC_OscConfig) for HAL_RCC_OscConfig
    main.o(i.SystemClock_Config) refers to stm32h7xx_hal_rcc.o(i.HAL_RCC_ClockConfig) for HAL_RCC_ClockConfig
    main.o(i.main) refers to stm32h7xx_hal.o(i.HAL_Init) for HAL_Init
    main.o(i.main) refers to main.o(i.SystemClock_Config) for SystemClock_Config
    main.o(i.main) refers to gpio.o(i.MX_GPIO_Init) for MX_GPIO_Init
    main.o(i.main) refers to usart.o(i.MX_USART1_UART_Init) for MX_USART1_UART_Init
    main.o(i.main) refers to i2c.o(i.MX_I2C4_Init) for MX_I2C4_Init
    main.o(i.main) refers to i2c4.o(i.I2C_Test) for I2C_Test
    main.o(i.main) refers to usart.o(i.Print_CPU_INFO) for Print_CPU_INFO
    main.o(i.main) refers to cmsis_os2.o(i.osKernelInitialize) for osKernelInitialize
    main.o(i.main) refers to freertos.o(i.MX_FREERTOS_Init) for MX_FREERTOS_Init
    main.o(i.main) refers to cmsis_os2.o(i.osKernelStart) for osKernelStart
    gpio.o(i.MX_GPIO_Init) refers to memseta.o(.text) for __aeabi_memclr4
    gpio.o(i.MX_GPIO_Init) refers to stm32h7xx_hal_gpio.o(i.HAL_GPIO_WritePin) for HAL_GPIO_WritePin
    gpio.o(i.MX_GPIO_Init) refers to stm32h7xx_hal_gpio.o(i.HAL_GPIO_Init) for HAL_GPIO_Init
    freertos.o(i.MX_FREERTOS_Init) refers to cmsis_os2.o(i.osThreadNew) for osThreadNew
    freertos.o(i.MX_FREERTOS_Init) refers to freertos.o(.constdata) for .constdata
    freertos.o(i.MX_FREERTOS_Init) refers to freertos.o(i.StartDefaultTask) for StartDefaultTask
    freertos.o(i.MX_FREERTOS_Init) refers to freertos.o(.data) for .data
    freertos.o(i.MX_FREERTOS_Init) refers to freertos.o(i.StartTask02) for StartTask02
    freertos.o(i.MX_FREERTOS_Init) refers to freertos.o(i.StartTask03) for StartTask03
    freertos.o(i.MX_FREERTOS_Init) refers to freertos.o(i.StartTask04) for StartTask04
    freertos.o(i.StartDefaultTask) refers to cmsis_os2.o(i.osDelay) for osDelay
    freertos.o(i.StartTask02) refers to cmsis_os2.o(i.osDelay) for osDelay
    freertos.o(i.StartTask03) refers to cmsis_os2.o(i.osDelay) for osDelay
    freertos.o(i.StartTask04) refers to cmsis_os2.o(i.osDelay) for osDelay
    freertos.o(.constdata) refers to freertos.o(.conststring) for .conststring
    freertos.o(.constdata) refers to freertos.o(.bss) for myTask02ControlBlock
    freertos.o(.constdata) refers to freertos.o(.bss) for myTask02Buffer
    freertos.o(.constdata) refers to freertos.o(.bss) for myTask03ControlBlock
    freertos.o(.constdata) refers to freertos.o(.bss) for myTask03Buffer
    freertos.o(.constdata) refers to freertos.o(.bss) for myTask04ControlBlock
    freertos.o(.constdata) refers to freertos.o(.bss) for myTask04Buffer
    i2c.o(i.HAL_I2C_MspDeInit) refers to stm32h7xx_hal_gpio.o(i.HAL_GPIO_DeInit) for HAL_GPIO_DeInit
    i2c.o(i.HAL_I2C_MspDeInit) refers to stm32h7xx_hal_cortex.o(i.HAL_NVIC_DisableIRQ) for HAL_NVIC_DisableIRQ
    i2c.o(i.HAL_I2C_MspInit) refers to memseta.o(.text) for __aeabi_memclr4
[...]
    i.osDelay                                0x0800538c   Section        0  cmsis_os2.o(i.osDelay)
    i.osKernelInitialize                     0x080053a8   Section        0  cmsis_os2.o(i.osKernelInitialize)
    i.osKernelStart                          0x080053cc   Section        0  cmsis_os2.o(i.osKernelStart)
    i.osThreadNew                            0x08005404   Section        0  cmsis_os2.o(i.osThreadNew)
    i.prvAddCurrentTaskToDelayedList         0x08005494   Section        0  tasks.o(i.prvAddCurrentTaskToDelayedList)
    prvAddCurrentTaskToDelayedList           0x08005495   Thumb Code    84  tasks.o(i.prvAddCurrentTaskToDelayedList)
    i.prvAddNewTaskToReadyList               0x080054f0   Section        0  tasks.o(i.prvAddNewTaskToReadyList)
    prvAddNewTaskToReadyList                 0x080054f1   Thumb Code   190  tasks.o(i.prvAddNewTaskToReadyList)
    i.prvCheckForValidListAndQueue           0x080055c0   Section        0  timers.o(i.prvCheckForValidListAndQueue)
    prvCheckForValidListAndQueue             0x080055c1   Thumb Code    72  timers.o(i.prvCheckForValidListAndQueue)
    i.prvCopyDataFromQueue                   0x08005618   Section        0  queue.o(i.prvCopyDataFromQueue)
    prvCopyDataFromQueue                     0x08005619   Thumb Code    38  queue.o(i.prvCopyDataFromQueue)
    i.prvCopyDataToQueue                     0x0800563e   Section        0  queue.o(i.prvCopyDataToQueue)
    prvCopyDataToQueue                       0x0800563f   Thumb Code   108  queue.o(i.prvCopyDataToQueue)
    i.prvDeleteTCB                           0x080056aa   Section        0  tasks.o(i.prvDeleteTCB)
    prvDeleteTCB                             0x080056ab   Thumb Code    52  tasks.o(i.prvDeleteTCB)
    i.prvHeapInit                            0x080056e0   Section        0  heap_4.o(i.prvHeapInit)
    prvHeapInit                              0x080056e1   Thumb Code    70  heap_4.o(i.prvHeapInit)
    i.prvIdleTask                            0x08005730   Section        0  tasks.o(i.prvIdleTask)
    prvIdleTask                              0x08005731   Thumb Code    86  tasks.o(i.prvIdleTask)
    i.prvInitialiseNewQueue                  0x08005794   Section        0  queue.o(i.prvInitialiseNewQueue)
    prvInitialiseNewQueue                    0x08005795   Thumb Code    34  queue.o(i.prvInitialiseNewQueue)
    i.prvInitialiseNewTask                   0x080057b6   Section        0  tasks.o(i.prvInitialiseNewTask)
    prvInitialiseNewTask                     0x080057b7   Thumb Code   176  tasks.o(i.prvInitialiseNewTask)
    i.prvInsertBlockIntoFreeList             0x08005868   Section        0  heap_4.o(i.prvInsertBlockIntoFreeList)
    prvInsertBlockIntoFreeList               0x08005869   Thumb Code    72  heap_4.o(i.prvInsertBlockIntoFreeList)
    i.prvInsertTimerInActiveList             0x080058b4   Section        0  timers.o(i.prvInsertTimerInActiveList)
    prvInsertTimerInActiveList               0x080058b5   Thumb Code    54  timers.o(i.prvInsertTimerInActiveList)
    i.prvIsQueueEmpty                        0x080058f0   Section        0  queue.o(i.prvIsQueueEmpty)
    prvIsQueueEmpty                          0x080058f1   Thumb Code    28  queue.o(i.prvIsQueueEmpty)
    i.prvProcessReceivedCommands             0x0800590c   Section        0  timers.o(i.prvProcessReceivedCommands)
    prvProcessReceivedCommands               0x0800590d   Thumb Code   242  timers.o(i.prvProcessReceivedCommands)
    i.prvProcessTimerOrBlockTask             0x08005a04   Section        0  timers.o(i.prvProcessTimerOrBlockTask)
    prvProcessTimerOrBlockTask               0x08005a05   Thumb Code   182  timers.o(i.prvProcessTimerOrBlockTask)
    i.prvResetNextTaskUnblockTime            0x08005ac4   Section        0  tasks.o(i.prvResetNextTaskUnblockTime)
    prvResetNextTaskUnblockTime              0x08005ac5   Thumb Code    26  tasks.o(i.prvResetNextTaskUnblockTime)
    i.prvSampleTimeNow                       0x08005ae4   Section        0  timers.o(i.prvSampleTimeNow)
    prvSampleTimeNow                         0x08005ae5   Thumb Code    36  timers.o(i.prvSampleTimeNow)
    i.prvSwitchTimerLists                    0x08005b0c   Section        0  timers.o(i.prvSwitchTimerLists)
    prvSwitchTimerLists                      0x08005b0d   Thumb Code   104  timers.o(i.prvSwitchTimerLists)
    i.prvTaskExitError                       0x08005b78   Section        0  port.o(i.prvTaskExitError)
    prvTaskExitError                         0x08005b79   Thumb Code    36  port.o(i.prvTaskExitError)
    i.prvTimerTask                           0x08005ba0   Section        0  timers.o(i.prvTimerTask)
    prvTimerTask                             0x08005ba1   Thumb Code    32  timers.o(i.prvTimerTask)
    i.prvUnlockQueue                         0x08005bc4   Section        0  queue.o(i.prvUnlockQueue)
    prvUnlockQueue                           0x08005bc5   Thumb Code   106  queue.o(i.prvUnlockQueue)
    i.pvPortMalloc                           0x08005c30   Section        0  heap_4.o(i.pvPortMalloc)
    i.pxPortInitialiseStack                  0x08005d0c   Section        0  port.o(i.pxPortInitialiseStack)
    i.uxListRemove                           0x08005d3c   Section        0  list.o(i.uxListRemove)
    i.vApplicationGetIdleTaskMemory          0x08005d64   Section        0  cmsis_os2.o(i.vApplicationGetIdleTaskMemory)
    i.vApplicationGetTimerTaskMemory         0x08005d7c   Section        0  cmsis_os2.o(i.vApplicationGetTimerTaskMemory)
    i.vApplicationIdleHook                   0x08005d94   Section        0  freertos.o(i.vApplicationIdleHook)
    i.vApplicationTickHook                   0x08005d96   Section        0  freertos.o(i.vApplicationTickHook)
    i.vListInitialise                        0x08005d98   Section        0  list.o(i.vListInitialise)
    i.vListInitialiseItem                    0x08005dae   Section        0  list.o(i.vListInitialiseItem)
    i.vListInsert                            0x08005db4   Section        0  list.o(i.vListInsert)
    i.vListInsertEnd                         0x08005de4   Section        0  list.o(i.vListInsertEnd)
    i.vPortEnterCritical                     0x08005dfc   Section        0  port.o(i.vPortEnterCritical)
    i.vPortExitCritical                      0x08005e3c   Section        0  port.o(i.vPortExitCritical)
    i.vPortFree                              0x08005e64   Section        0  heap_4.o(i.vPortFree)
    i.vPortSetupTimerInterrupt               0x08005ec8   Section        0  port.o(i.vPortSetupTimerInterrupt)
    i.vPortValidateInterruptPriority         0x08005eec   Section        0  port.o(i.vPortValidateInterruptPriority)
    i.vQueueAddToRegistry                    0x08005f40   Section        0  queue.o(i.vQueueAddToRegistry)
    i.vQueueWaitForMessageRestricted         0x08005f68   Section        0  queue.o(i.vQueueWaitForMessageRestricted)
    i.vTaskDelay                             0x08005fac   Section        0  tasks.o(i.vTaskDelay)
    i.vTaskInternalSetTimeOutState           0x08005ff8   Section        0  tasks.o(i.vTaskInternalSetTimeOutState)
    i.vTaskMissedYield                       0x08006008   Section        0  tasks.o(i.vTaskMissedYield)
    i.vTaskPlaceOnEventList                  0x08006014   Section        0  tasks.o(i.vTaskPlaceOnEventList)
    i.vTaskPlaceOnEventListRestricted        0x08006044   Section        0  tasks.o(i.vTaskPlaceOnEventListRestricted)
    i.vTaskStartScheduler                    0x0800607c   Section        0  tasks.o(i.vTaskStartScheduler)
    i.vTaskSuspendAll                        0x08006104   Section        0  tasks.o(i.vTaskSuspendAll)
    i.vTaskSwitchContext                     0x08006114   Section        0  tasks.o(i.vTaskSwitchContext)
    i.xPortStartScheduler                    0x08006178   Section        0  port.o(i.xPortStartScheduler)
    i.xPortSysTickHandler                    0x0800626c   Section        0  port.o(i.xPortSysTickHandler)
    i.xQueueGenericCreateStatic              0x08006298   Section        0  queue.o(i.xQueueGenericCreateStatic)
    i.xQueueGenericReset                     0x08006300   Section        0  queue.o(i.xQueueGenericReset)
    i.xQueueGenericSend                      0x08006394   Section        0  queue.o(i.xQueueGenericSend)
    i.xQueueGenericSendFromISR               0x080064f4   Section        0  queue.o(i.xQueueGenericSendFromISR)
    i.xQueueReceive                          0x080065b4   Section        0  queue.o(i.xQueueReceive)
    i.xTaskCheckForTimeOut                   0x080066f0   Section        0  tasks.o(i.xTaskCheckForTimeOut)
    i.xTaskCreate                            0x08006768   Section        0  tasks.o(i.xTaskCreate)
    i.xTaskCreateStatic                      0x080067c2   Section        0  tasks.o(i.xTaskCreateStatic)
    i.xTaskGetSchedulerState                 0x08006818   Section        0  tasks.o(i.xTaskGetSchedulerState)
    i.xTaskGetTickCount                      0x08006834   Section        0  tasks.o(i.xTaskGetTickCount)
    i.xTaskIncrementTick                     0x08006840   Section        0  tasks.o(i.xTaskIncrementTick)
    i.xTaskPriorityDisinherit                0x08006918   Section        0  tasks.o(i.xTaskPriorityDisinherit)
    i.xTaskRemoveFromEventList               0x08006994   Section        0  tasks.o(i.xTaskRemoveFromEventList)
    i.xTaskResumeAll                         0x08006a04   Section        0  tasks.o(i.xTaskResumeAll)
    i.xTimerCreateTimerTask                  0x08006ac8   Section        0  timers.o(i.xTimerCreateTimerTask)
    i.xTimerGenericCommand                   0x08006b28   Section        0  timers.o(i.xTimerGenericCommand)
    .constdata                               0x08006b90   Section      144  freertos.o(.constdata)
    .constdata                               0x08006c20   Section       24  stm32h7xx_hal_uart.o(.constdata)
    .constdata                               0x08006c38   Section       16  stm32h7xx_hal_uart_ex.o(.constdata)
    numerator                                0x08006c38   Data           8  stm32h7xx_hal_uart_ex.o(.constdata)
    denominator                              0x08006c40   Data           8  stm32h7xx_hal_uart_ex.o(.constdata)
    .constdata                               0x08006c48   Section       16  system_stm32h7xx.o(.constdata)
    .conststring                             0x08006c58   Section       48  freertos.o(.conststring)
    .data                                    0x24000000   Section       16  freertos.o(.data)
    .data                                    0x24000010   Section       12  stm32h7xx_hal.o(.data)
    .data                                    0x2400001c   Section        8  system_stm32h7xx.o(.data)
    .data                                    0x24000024   Section       60  tasks.o(.data)
    uxDeletedTasksWaitingCleanUp             0x24000028   Data           4  tasks.o(.data)
    uxCurrentNumberOfTasks                   0x2400002c   Data           4  tasks.o(.data)
    xTickCount                               0x24000030   Data           4  tasks.o(.data)
    uxTopReadyPriority                       0x24000034   Data           4  tasks.o(.data)
    xSchedulerRunning                        0x24000038   Data           4  tasks.o(.data)
    xPendedTicks                             0x2400003c   Data           4  tasks.o(.data)
    xYieldPending                            0x24000040   Data           4  tasks.o(.data)
    xNumOfOverflows                          0x24000044   Data           4  tasks.o(.data)
    uxTaskNumber                             0x24000048   Data           4  tasks.o(.data)
    xNextTaskUnblockTime                     0x2400004c   Data           4  tasks.o(.data)
    xIdleTaskHandle                          0x24000050   Data           4  tasks.o(.data)
    uxSchedulerSuspended                     0x24000054   Data           4  tasks.o(.data)
    pxDelayedTaskList                        0x24000058   Data           4  tasks.o(.data)
    pxOverflowDelayedTaskList                0x2400005c   Data           4  tasks.o(.data)
    .data                                    0x24000060   Section       20  timers.o(.data)
    xTimerQueue                              0x24000060   Data           4  timers.o(.data)
    xTimerTaskHandle                         0x24000064   Data           4  timers.o(.data)
    xLastTime                                0x24000068   Data           4  timers.o(.data)
    pxCurrentTimerList                       0x2400006c   Data           4  timers.o(.data)
    pxOverflowTimerList                      0x24000070   Data           4  timers.o(.data)
    .data                                    0x24000074   Section        4  cmsis_os2.o(.data)
    KernelState                              0x24000074   Data           4  cmsis_os2.o(.data)
    .data                                    0x24000078   Section       32  heap_4.o(.data)
    pxEnd                                    0x24000078   Data           4  heap_4.o(.data)
    xFreeBytesRemaining                      0x2400007c   Data           4  heap_4.o(.data)
    xMinimumEverFreeBytesRemaining           0x24000080   Data           4  heap_4.o(.data)
    xNumberOfSuccessfulAllocations           0x24000084   Data           4  heap_4.o(.data)
    xNumberOfSuccessfulFrees                 0x24000088   Data           4  heap_4.o(.data)
    xBlockAllocatedBit                       0x2400008c   Data           4  heap_4.o(.data)
    xStart                                   0x24000090   Data           8  heap_4.o(.data)
    .data                                    0x24000098   Section       12  port.o(.data)
    ucMaxSysCallPriority                     0x24000098   Data           1  port.o(.data)
    uxCriticalNesting                        0x2400009c   Data           4  port.o(.data)
    ulMaxPRIGROUPValue                       0x240000a0   Data           4  port.o(.data)
    .data                                    0x240000a4   Section        4  stdout.o(.data)
    .bss                                     0x240000a8   Section     2048  freertos.o(.bss)
    .bss                                     0x240008a8   Section       92  freertos.o(.bss)
    .bss                                     0x24000904   Section     2048  freertos.o(.bss)
    .bss                                     0x24001104   Section       92  freertos.o(.bss)
    .bss                                     0x24001160   Section     2048  freertos.o(.bss)
    .bss                                     0x24001960   Section       92  freertos.o(.bss)
    .bss                                     0x240019bc   Section       84  i2c.o(.bss)
    .bss                                     0x24001a10   Section      148  usart.o(.bss)
    .bss                                     0x24001aa4   Section       76  stm32h7xx_hal_timebase_tim.o(.bss)
    .bss                                     0x24001af0   Section       64  queue.o(.bss)
    .bss                                     0x24001b30   Section     1220  tasks.o(.bss)
    pxReadyTasksLists                        0x24001b30   Data        1120  tasks.o(.bss)
    xDelayedTaskList1                        0x24001f90   Data          20  tasks.o(.bss)
    xDelayedTaskList2                        0x24001fa4   Data          20  tasks.o(.bss)
    xPendingReadyList                        0x24001fb8   Data          20  tasks.o(.bss)
    xTasksWaitingTermination                 0x24001fcc   Data          20  tasks.o(.bss)
    xSuspendedTaskList                       0x24001fe0   Data          20  tasks.o(.bss)
    .bss                                     0x24001ff4   Section      280  timers.o(.bss)
    xStaticTimerQueue                        0x24001ff4   Data          80  timers.o(.bss)
    ucStaticTimerQueueStorage                0x24002044   Data         160  timers.o(.bss)
    xActiveTimerList1                        0x240020e4   Data          20  timers.o(.bss)
    xActiveTimerList2                        0x240020f8   Data          20  timers.o(.bss)
    .bss                                     0x2400210c   Section     1720  cmsis_os2.o(.bss)
    Idle_TCB                                 0x2400210c   Data          92  cmsis_os2.o(.bss)
    Idle_Stack                               0x24002168   Data         512  cmsis_os2.o(.bss)
    Timer_TCB                                0x24002368   Data          92  cmsis_os2.o(.bss)
    Timer_Stack                              0x240023c4   Data        1024  cmsis_os2.o(.bss)
    .bss                                     0x240027c4   Section    15360  heap_4.o(.bss)
    ucHeap                                   0x240027c4   Data       15360  heap_4.o(.bss)
    .bss                                     0x240063c4   Section      512  i2c4.o(.bss)
    STACK                                    0x240065c8   Section     1024  startup_stm32h743xx.o(STACK)

    Global Symbols

    Symbol Name                              Value     Ov Type        Size  Object(Section)

    BuildAttributes$$THM_ISAv4$E$P$D$K$B$S$7EM$VFPv5_D16$PE$PLD8$A:L22UL41UL21$X:L11$S22US41US21$IEEE1$IW$USESV6$~STKCKD$USESV7$~SHL$OSPACE$ROPI$EBA8$MICROLIB$REQ8$PRES8$EABIv2 0x00000000   Number         0  anon$$obj.o ABSOLUTE
    __ARM_use_no_argv                        0x00000000   Number         0  main.o ABSOLUTE
    _printf_a                                0x00000000   Number         0  stubs.o ABSOLUTE
    _printf_c                                0x00000000   Number         0  stubs.o ABSOLUTE
    _printf_charcount                        0x00000000   Number         0  stubs.o ABSOLUTE
    _printf_d                                0x00000000   Number         0  stubs.o ABSOLUTE
    _printf_e                                0x00000000   Number         0  stubs.o ABSOLUTE
    _printf_f                                0x00000000   Number         0  stubs.o ABSOLUTE
    _printf_flags                            0x00000000   Number         0  stubs.o ABSOLUTE
    _printf_fp_dec                           0x00000000   Number         0  stubs.o ABSOLUTE
    _printf_fp_hex                           0x00000000   Number         0  stubs.o ABSOLUTE
    _printf_g                                0x00000000   Number         0  stubs.o ABSOLUTE
    _printf_i                                0x00000000   Number         0  stubs.o ABSOLUTE
    _printf_int_dec                          0x00000000   Number         0  stubs.o ABSOLUTE
    _printf_l                                0x00000000   Number         0  stubs.o ABSOLUTE
    _printf_lc                               0x00000000   Number         0  stubs.o ABSOLUTE
    _printf_ll                               0x00000000   Number         0  stubs.o ABSOLUTE
    _printf_lld                              0x00000000   Number         0  stubs.o ABSOLUTE
    _printf_lli                              0x00000000   Number         0  stubs.o ABSOLUTE
    _printf_llo                              0x00000000   Number         0  stubs.o ABSOLUTE
    _printf_llu                              0x00000000   Number         0  stubs.o ABSOLUTE
    _printf_llx                              0x00000000   Number         0  stubs.o ABSOLUTE
    _printf_longlong_dec                     0x00000000   Number         0  stubs.o ABSOLUTE
    _printf_longlong_hex                     0x00000000   Number         0  stubs.o ABSOLUTE
    _printf_longlong_oct                     0x00000000   Number         0  stubs.o ABSOLUTE
    _printf_ls                               0x00000000   Number         0  stubs.o ABSOLUTE
    _printf_mbtowc                           0x00000000   Number         0  stubs.o ABSOLUTE
    _printf_n                                0x00000000   Number         0  stubs.o ABSOLUTE
    _printf_o                                0x00000000   Number         0  stubs.o ABSOLUTE
    _printf_p                                0x00000000   Number         0  stubs.o ABSOLUTE
    _printf_percent                          0x00000000   Number         0  stubs.o ABSOLUTE
    _printf_pre_padding                      0x00000000   Number         0  stubs.o ABSOLUTE
    _printf_return_value                     0x00000000   Number         0  stubs.o ABSOLUTE
    _printf_s                                0x00000000   Number         0  stubs.o ABSOLUTE
    _printf_sizespec                         0x00000000   Number         0  stubs.o ABSOLUTE
    _printf_str                              0x00000000   Number         0  stubs.o ABSOLUTE
    _printf_truncate_signed                  0x00000000   Number         0  stubs.o ABSOLUTE
    _printf_truncate_unsigned                0x00000000   Number         0  stubs.o ABSOLUTE
    _printf_u                                0x00000000   Number         0  stubs.o ABSOLUTE
    _printf_wc                               0x00000000   Number         0  stubs.o ABSOLUTE
    _printf_wctomb                           0x00000000   Number         0  stubs.o ABSOLUTE
    _printf_widthprec                        0x00000000   Number         0  stubs.o ABSOLUTE
    _printf_x                                0x00000000   Number         0  stubs.o ABSOLUTE
    __arm_fini_                               - Undefined Weak Reference
    __cpp_initialize__aeabi_                  - Undefined Weak Reference
    __cxa_finalize                            - Undefined Weak Reference
    __decompress                              - Undefined Weak Reference
    _clock_init                               - Undefined Weak Reference
    _microlib_exit                            - Undefined Weak Reference
    __Vectors_Size                           0x00000298   Number         0  startup_stm32h743xx.o ABSOLUTE
    __Vectors                                0x08000000   Data           4  startup_stm32h743xx.o(RESET)
    __Vectors_End                            0x08000298   Data           0  startup_stm32h743xx.o(RESET)
    __main                                   0x08000299   Thumb Code     0  entry.o(.ARM.Collect$$$$00000000)
    _main_stk                                0x08000299   Thumb Code     0  entry2.o(.ARM.Collect$$$$00000001)
    _main_scatterload                        0x0800029d   Thumb Code     0  entry5.o(.ARM.Collect$$$$00000004)
    __main_after_scatterload                 0x080002a1   Thumb Code     0  entry5.o(.ARM.Collect$$$$00000004)
    _main_clock                              0x080002a1   Thumb Code     0  entry7b.o(.ARM.Collect$$$$00000008)
    _main_cpp_init                           0x080002a1   Thumb Code     0  entry8b.o(.ARM.Collect$$$$0000000A)
    _main_init                               0x080002a1   Thumb Code     0  entry9a.o(.ARM.Collect$$$$0000000B)
    __rt_lib_shutdown_fini                   0x080002a9   Thumb Code     0  entry12b.o(.ARM.Collect$$$$0000000E)
    __rt_final_cpp                           0x080002ad   Thumb Code     0  entry10a.o(.ARM.Collect$$$$0000000F)
    __rt_final_exit                          0x080002ad   Thumb Code     0  entry11a.o(.ARM.Collect$$$$00000011)
    SVC_Handler                              0x080002b1   Thumb Code    28  port.o(.emb_text)
    __asm___6_port_c_39a90d8d__prvStartFirstTask 0x080002d1   Thumb Code    36  port.o(.emb_text)
    __asm___6_port_c_39a90d8d__prvEnableVFP  0x080002f9   Thumb Code    16  port.o(.emb_text)
    PendSV_Handler                           0x0800030d   Thumb Code    88  port.o(.emb_text)
    vPortGetIPSR                             0x08000369   Thumb Code     6  port.o(.emb_text)
    Reset_Handler                            0x08000371   Thumb Code     8  startup_stm32h743xx.o(.text)
    ADC3_IRQHandler                          0x0800038b   Thumb Code     0  startup_stm32h743xx.o(.text)
    ADC_IRQHandler                           0x0800038b   Thumb Code     0  startup_stm32h743xx.o(.text)
    BDMA_Channel0_IRQHandler                 0x0800038b   Thumb Code     0  startup_stm32h743xx.o(.text)
    BDMA_Channel1_IRQHandler                 0x0800038b   Thumb Code     0  startup_stm32h743xx.o(.text)
    BDMA_Channel2_IRQHandler                 0x0800038b   Thumb Code     0  startup_stm32h743xx.o(.text)
    BDMA_Channel3_IRQHandler                 0x0800038b   Thumb Code     0  startup_stm32h743xx.o(.text)
    BDMA_Channel4_IRQHandler                 0x0800038b   Thumb Code     0  startup_stm32h743xx.o(.text)
    BDMA_Channel5_IRQHandler                 0x0800038b   Thumb Code     0  startup_stm32h743xx.o(.text)
    BDMA_Channel6_IRQHandler                 0x0800038b   Thumb Code     0  startup_stm32h743xx.o(.text)
    BDMA_Channel7_IRQHandler                 0x0800038b   Thumb Code     0  startup_stm32h743xx.o(.text)
    CEC_IRQHandler                           0x0800038b   Thumb Code     0  startup_stm32h743xx.o(.text)
    COMP1_IRQHandler                         0x0800038b   Thumb Code     0  startup_stm32h743xx.o(.text)
    CRS_IRQHandler                           0x0800038b   Thumb Code     0  startup_stm32h743xx.o(.text)
    DCMI_IRQHandler                          0x0800038b   Thumb Code     0  startup_stm32h743xx.o(.text)
    DFSDM1_FLT0_IRQHandler                   0x0800038b   Thumb Code     0  startup_stm32h743xx.o(.text)
    DFSDM1_FLT1_IRQHandler                   0x0800038b   Thumb Code     0  startup_stm32h743xx.o(.text)
    DFSDM1_FLT2_IRQHandler                   0x0800038b   Thumb Code     0  startup_stm32h743xx.o(.text)
    DFSDM1_FLT3_IRQHandler                   0x0800038b   Thumb Code     0  startup_stm32h743xx.o(.text)
    DMA1_Stream0_IRQHandler                  0x0800038b   Thumb Code     0  startup_stm32h743xx.o(.text)
    DMA1_Stream1_IRQHandler                  0x0800038b   Thumb Code     0  startup_stm32h743xx.o(.text)
    DMA1_Stream2_IRQHandler                  0x0800038b   Thumb Code     0  startup_stm32h743xx.o(.text)
    DMA1_Stream3_IRQHandler                  0x0800038b   Thumb Code     0  startup_stm32h743xx.o(.text)
    DMA1_Stream4_IRQHandler                  0x0800038b   Thumb Code     0  startup_stm32h743xx.o(.text)
    DMA1_Stream5_IRQHandler                  0x0800038b   Thumb Code     0  startup_stm32h743xx.o(.text)
    DMA1_Stream6_IRQHandler                  0x0800038b   Thumb Code     0  startup_stm32h743xx.o(.text)
    DMA1_Stream7_IRQHandler                  0x0800038b   Thumb Code     0  startup_stm32h743xx.o(.text)
    DMA2D_IRQHandler                         0x0800038b   Thumb Code     0  startup_stm32h743xx.o(.text)
    DMA2_Stream0_IRQHandler                  0x0800038b   Thumb Code     0  startup_stm32h743xx.o(.text)
    DMA2_Stream1_IRQHandler                  0x0800038b   Thumb Code     0  startup_stm32h743xx.o(.text)
    DMA2_Stream2_IRQHandler                  0x0800038b   Thumb Code     0  startup_stm32h743xx.o(.text)
    DMA2_Stream3_IRQHandler                  0x0800038b   Thumb Code     0  startup_stm32h743xx.o(.text)
    DMA2_Stream4_IRQHandler                  0x0800038b   Thumb Code     0  startup_stm32h743xx.o(.text)
    DMA2_Stream5_IRQHandler                  0x0800038b   Thumb Code     0  startup_stm32h743xx.o(.text)
    DMA2_Stream6_IRQHandler                  0x0800038b   Thumb Code     0  startup_stm32h743xx.o(.text)
    DMA2_Stream7_IRQHandler                  0x0800038b   Thumb Code     0  startup_stm32h743xx.o(.text)
    DMAMUX1_OVR_IRQHandler                   0x0800038b   Thumb Code     0  startup_stm32h743xx.o(.text)
    DMAMUX2_OVR_IRQHandler                   0x0800038b   Thumb Code     0  startup_stm32h743xx.o(.text)
    ECC_IRQHandler                           0x0800038b   Thumb Code     0  startup_stm32h743xx.o(.text)
    ETH_IRQHandler                           0x0800038b   Thumb Code     0  startup_stm32h743xx.o(.text)
    ETH_WKUP_IRQHandler                      0x0800038b   Thumb Code     0  startup_stm32h743xx.o(.text)
    EXTI0_IRQHandler                         0x0800038b   Thumb Code     0  startup_stm32h743xx.o(.text)
    EXTI15_10_IRQHandler                     0x0800038b   Thumb Code     0  startup_stm32h743xx.o(.text)
    EXTI1_IRQHandler                         0x0800038b   Thumb Code     0  startup_stm32h743xx.o(.text)
    EXTI2_IRQHandler                         0x0800038b   Thumb Code     0  startup_stm32h743xx.o(.text)
    EXTI3_IRQHandler                         0x0800038b   Thumb Code     0  startup_stm32h743xx.o(.text)
    EXTI4_IRQHandler                         0x0800038b   Thumb Code     0  startup_stm32h743xx.o(.text)
    EXTI9_5_IRQHandler                       0x0800038b   Thumb Code     0  startup_stm32h743xx.o(.text)
    FDCAN1_IT0_IRQHandler                    0x0800038b   Thumb Code     0  startup_stm32h743xx.o(.text)
    FDCAN1_IT1_IRQHandler                    0x0800038b   Thumb Code     0  startup_stm32h743xx.o(.text)
    FDCAN2_IT0_IRQHandler                    0x0800038b   Thumb Code     0  startup_stm32h743xx.o(.text)
    FDCAN2_IT1_IRQHandler                    0x0800038b   Thumb Code     0  startup_stm32h743xx.o(.text)
    FDCAN_CAL_IRQHandler                     0x0800038b   Thumb Code     0  startup_stm32h743xx.o(.text)
    FLASH_IRQHandler                         0x0800038b   Thumb Code     0  startup_stm32h743xx.o(.text)
    FMC_IRQHandler                           0x0800038b   Thumb Code     0  startup_stm32h743xx.o(.text)
    FPU_IRQHandler                           0x0800038b   Thumb Code     0  startup_stm32h743xx.o(.text)
    HRTIM1_FLT_IRQHandler                    0x0800038b   Thumb Code     0  startup_stm32h743xx.o(.text)
    HRTIM1_Master_IRQHandler                 0x0800038b   Thumb Code     0  startup_stm32h743xx.o(.text)
    HRTIM1_TIMA_IRQHandler                   0x0800038b   Thumb Code     0  startup_stm32h743xx.o(.text)
    HRTIM1_TIMB_IRQHandler                   0x0800038b   Thumb Code     0  startup_stm32h743xx.o(.text)
    HRTIM1_TIMC_IRQHandler                   0x0800038b   Thumb Code     0  startup_stm32h743xx.o(.text)
    HRTIM1_TIMD_IRQHandler                   0x0800038b   Thumb Code     0  startup_stm32h743xx.o(.text)
    HRTIM1_TIME_IRQHandler                   0x0800038b   Thumb Code     0  startup_stm32h743xx.o(.text)
    HSEM1_IRQHandler                         0x0800038b   Thumb Code     0  startup_stm32h743xx.o(.text)
    I2C1_ER_IRQHandler                       0x0800038b   Thumb Code     0  startup_stm32h743xx.o(.text)
    I2C1_EV_IRQHandler                       0x0800038b   Thumb Code     0  startup_stm32h743xx.o(.text)
    I2C2_ER_IRQHandler                       0x0800038b   Thumb Code     0  startup_stm32h743xx.o(.text)
    I2C2_EV_IRQHandler                       0x0800038b   Thumb Code     0  startup_stm32h743xx.o(.text)
    I2C3_ER_IRQHandler                       0x0800038b   Thumb Code     0  startup_stm32h743xx.o(.text)
    I2C3_EV_IRQHandler                       0x0800038b   Thumb Code     0  startup_stm32h743xx.o(.text)
    JPEG_IRQHandler                          0x0800038b   Thumb Code     0  startup_stm32h743xx.o(.text)
    LPTIM1_IRQHandler                        0x0800038b   Thumb Code     0  startup_stm32h743xx.o(.text)
    LPTIM2_IRQHandler                        0x0800038b   Thumb Code     0  startup_stm32h743xx.o(.text)
    LPTIM3_IRQHandler                        0x0800038b   Thumb Code     0  startup_stm32h743xx.o(.text)
    LPTIM4_IRQHandler                        0x0800038b   Thumb Code     0  startup_stm32h743xx.o(.text)
    LPTIM5_IRQHandler                        0x0800038b   Thumb Code     0  startup_stm32h743xx.o(.text)
    LPUART1_IRQHandler                       0x0800038b   Thumb Code     0  startup_stm32h743xx.o(.text)
    LTDC_ER_IRQHandler                       0x0800038b   Thumb Code     0  startup_stm32h743xx.o(.text)
    LTDC_IRQHandler                          0x0800038b   Thumb Code     0  startup_stm32h743xx.o(.text)
    MDIOS_IRQHandler                         0x0800038b   Thumb Code     0  startup_stm32h743xx.o(.text)
    MDIOS_WKUP_IRQHandler                    0x0800038b   Thumb Code     0  startup_stm32h743xx.o(.text)
    MDMA_IRQHandler                          0x0800038b   Thumb Code     0  startup_stm32h743xx.o(.text)
    OTG_FS_EP1_IN_IRQHandler                 0x0800038b   Thumb Code     0  startup_stm32h743xx.o(.text)
    OTG_FS_EP1_OUT_IRQHandler                0x0800038b   Thumb Code     0  startup_stm32h743xx.o(.text)
    OTG_FS_IRQHandler                        0x0800038b   Thumb Code     0  startup_stm32h743xx.o(.text)
    OTG_FS_WKUP_IRQHandler                   0x0800038b   Thumb Code     0  startup_stm32h743xx.o(.text)
    OTG_HS_EP1_IN_IRQHandler                 0x0800038b   Thumb Code     0  startup_stm32h743xx.o(.text)
    OTG_HS_EP1_OUT_IRQHandler                0x0800038b   Thumb Code     0  startup_stm32h743xx.o(.text)
    OTG_HS_IRQHandler                        0x0800038b   Thumb Code     0  startup_stm32h743xx.o(.text)
    OTG_HS_WKUP_IRQHandler                   0x0800038b   Thumb Code     0  startup_stm32h743xx.o(.text)
    PVD_AVD_IRQHandler                       0x0800038b   Thumb Code     0  startup_stm32h743xx.o(.text)
    QUADSPI_IRQHandler                       0x0800038b   Thumb Code     0  startup_stm32h743xx.o(.text)
    RCC_IRQHandler                           0x0800038b   Thumb Code     0  startup_stm32h743xx.o(.text)
    RNG_IRQHandler                           0x0800038b   Thumb Code     0  startup_stm32h743xx.o(.text)
    RTC_Alarm_IRQHandler                     0x0800038b   Thumb Code     0  startup_stm32h743xx.o(.text)
    RTC_WKUP_IRQHandler                      0x0800038b   Thumb Code     0  startup_stm32h743xx.o(.text)
    SAI1_IRQHandler                          0x0800038b   Thumb Code     0  startup_stm32h743xx.o(.text)
    SAI2_IRQHandler                          0x0800038b   Thumb Code     0  startup_stm32h743xx.o(.text)
    SAI3_IRQHandler                          0x0800038b   Thumb Code     0  startup_stm32h743xx.o(.text)
    SAI4_IRQHandler                          0x0800038b   Thumb Code     0  startup_stm32h743xx.o(.text)
    SDMMC1_IRQHandler                        0x0800038b   Thumb Code     0  startup_stm32h743xx.o(.text)
    SDMMC2_IRQHandler                        0x0800038b   Thumb Code     0  startup_stm32h743xx.o(.text)
    SPDIF_RX_IRQHandler                      0x0800038b   Thumb Code     0  startup_stm32h743xx.o(.text)
    SPI1_IRQHandler                          0x0800038b   Thumb Code     0  startup_stm32h743xx.o(.text)
    SPI2_IRQHandler                          0x0800038b   Thumb Code     0  startup_stm32h743xx.o(.text)
    SPI3_IRQHandler                          0x0800038b   Thumb Code     0  startup_stm32h743xx.o(.text)
    SPI4_IRQHandler                          0x0800038b   Thumb Code     0  startup_stm32h743xx.o(.text)
    SPI5_IRQHandler                          0x0800038b   Thumb Code     0  startup_stm32h743xx.o(.text)
    SPI6_IRQHandler                          0x0800038b   Thumb Code     0  startup_stm32h743xx.o(.text)
    SWPMI1_IRQHandler                        0x0800038b   Thumb Code     0  startup_stm32h743xx.o(.text)
    TAMP_STAMP_IRQHandler                    0x0800038b   Thumb Code     0  startup_stm32h743xx.o(.text)
    TIM15_IRQHandler                         0x0800038b   Thumb Code     0  startup_stm32h743xx.o(.text)
    TIM16_IRQHandler                         0x0800038b   Thumb Code     0  startup_stm32h743xx.o(.text)
    TIM17_IRQHandler                         0x0800038b   Thumb Code     0  startup_stm32h743xx.o(.text)
    TIM1_BRK_IRQHandler                      0x0800038b   Thumb Code     0  startup_stm32h743xx.o(.text)
    TIM1_CC_IRQHandler                       0x0800038b   Thumb Code     0  startup_stm32h743xx.o(.text)
    TIM1_TRG_COM_IRQHandler                  0x0800038b   Thumb Code     0  startup_stm32h743xx.o(.text)
    TIM1_UP_IRQHandler                       0x0800038b   Thumb Code     0  startup_stm32h743xx.o(.text)
    TIM2_IRQHandler                          0x0800038b   Thumb Code     0  startup_stm32h743xx.o(.text)
    TIM3_IRQHandler                          0x0800038b   Thumb Code     0  startup_stm32h743xx.o(.text)
    TIM4_IRQHandler                          0x0800038b   Thumb Code     0  startup_stm32h743xx.o(.text)
    TIM5_IRQHandler                          0x0800038b   Thumb Code     0  startup_stm32h743xx.o(.text)
    TIM7_IRQHandler                          0x0800038b   Thumb Code     0  startup_stm32h743xx.o(.text)
    TIM8_BRK_TIM12_IRQHandler                0x0800038b   Thumb Code     0  startup_stm32h743xx.o(.text)
    TIM8_CC_IRQHandler                       0x0800038b   Thumb Code     0  startup_stm32h743xx.o(.text)
    TIM8_TRG_COM_TIM14_IRQHandler            0x0800038b   Thumb Code     0  startup_stm32h743xx.o(.text)
    TIM8_UP_TIM13_IRQHandler                 0x0800038b   Thumb Code     0  startup_stm32h743xx.o(.text)
    UART4_IRQHandler                         0x0800038b   Thumb Code     0  startup_stm32h743xx.o(.text)
    UART5_IRQHandler                         0x0800038b   Thumb Code     0  startup_stm32h743xx.o(.text)
    UART7_IRQHandler                         0x0800038b   Thumb Code     0  startup_stm32h743xx.o(.text)
    UART8_IRQHandler                         0x0800038b   Thumb Code     0  startup_stm32h743xx.o(.text)
    USART2_IRQHandler                        0x0800038b   Thumb Code     0  startup_stm32h743xx.o(.text)
    USART3_IRQHandler                        0x0800038b   Thumb Code     0  startup_stm32h743xx.o(.text)
    USART6_IRQHandler                        0x0800038b   Thumb Code     0  startup_stm32h743xx.o(.text)
    WAKEUP_PIN_IRQHandler                    0x0800038b   Thumb Code     0  startup_stm32h743xx.o(.text)
    WWDG_IRQHandler                          0x0800038b   Thumb Code     0  startup_stm32h743xx.o(.text)
    __aeabi_uldivmod                         0x08000395   Thumb Code    98  uldiv.o(.text)
    __aeabi_memcpy                           0x080003f7   Thumb Code    36  memcpya.o(.text)
    __aeabi_memcpy4                          0x080003f7   Thumb Code     0  memcpya.o(.text)
    __aeabi_memcpy8                          0x080003f7   Thumb Code     0  memcpya.o(.text)
    __aeabi_memset                           0x0800041b   Thumb Code    14  memseta.o(.text)
    __aeabi_memset4                          0x0800041b   Thumb Code     0  memseta.o(.text)
    __aeabi_memset8                          0x0800041b   Thumb Code     0  memseta.o(.text)
    __aeabi_memclr                           0x08000429   Thumb Code     4  memseta.o(.text)
    __aeabi_memclr4                          0x08000429   Thumb Code     0  memseta.o(.text)
    __aeabi_memclr8                          0x08000429   Thumb Code     0  memseta.o(.text)
    memset                                   0x0800042d   Thumb Code    18  memseta.o(.text)
    __aeabi_llsl                             0x0800043f   Thumb Code    30  llshl.o(.text)
    _ll_shift_l                              0x0800043f   Thumb Code     0  llshl.o(.text)
    __aeabi_llsr                             0x0800045d   Thumb Code    32  llushr.o(.text)
    _ll_ushift_r                             0x0800045d   Thumb Code     0  llushr.o(.text)
    __scatterload                            0x0800047d   Thumb Code    28  init.o(.text)
    __scatterload_rt2                        0x0800047d   Thumb Code     0  init.o(.text)
    BusFault_Handler                         0x080004a1   Thumb Code     2  stm32h7xx_it.o(i.BusFault_Handler)
    DebugMon_Handler                         0x080004a3   Thumb Code     2  stm32h7xx_it.o(i.DebugMon_Handler)
    Error_Handler                            0x080004a5   Thumb Code     4  main.o(i.Error_Handler)
    HAL_DMA_Abort                            0x080004a9   Thumb Code   836  stm32h7xx_hal_dma.o(i.HAL_DMA_Abort)
    HAL_DMA_Abort_IT                         0x08000809   Thumb Code   602  stm32h7xx_hal_dma.o(i.HAL_DMA_Abort_IT)
    HAL_DMA_GetState                         0x08000a8d   Thumb Code     6  stm32h7xx_hal_dma.o(i.HAL_DMA_GetState)
    HAL_GPIO_Init                            0x08000a95   Thumb Code   506  stm32h7xx_hal_gpio.o(i.HAL_GPIO_Init)
    HAL_GPIO_WritePin                        0x08000cc1   Thumb Code    10  stm32h7xx_hal_gpio.o(i.HAL_GPIO_WritePin)
    HAL_GetREVID                             0x08000ccd   Thumb Code     8  stm32h7xx_hal.o(i.HAL_GetREVID)
    HAL_GetTick                              0x08000cd9   Thumb Code     6  stm32h7xx_hal.o(i.HAL_GetTick)
    HAL_I2CEx_ConfigAnalogFilter             0x08000ce5   Thumb Code    88  stm32h7xx_hal_i2c_ex.o(i.HAL_I2CEx_ConfigAnalogFilter)
    HAL_I2CEx_ConfigDigitalFilter            0x08000d3d   Thumb Code    84  stm32h7xx_hal_i2c_ex.o(i.HAL_I2CEx_ConfigDigitalFilter)
    HAL_I2C_AbortCpltCallback                0x08000d91   Thumb Code     2  stm32h7xx_hal_i2c.o(i.HAL_I2C_AbortCpltCallback)
    HAL_I2C_AddrCallback                     0x08000d93   Thumb Code     2  stm32h7xx_hal_i2c.o(i.HAL_I2C_AddrCallback)
    HAL_I2C_ER_IRQHandler                    0x08000d95   Thumb Code   104  stm32h7xx_hal_i2c.o(i.HAL_I2C_ER_IRQHandler)
    HAL_I2C_EV_IRQHandler                    0x08000dfd   Thumb Code    16  stm32h7xx_hal_i2c.o(i.HAL_I2C_EV_IRQHandler)
    HAL_I2C_ErrorCallback                    0x08000e0d   Thumb Code     2  stm32h7xx_hal_i2c.o(i.HAL_I2C_ErrorCallback)
    HAL_I2C_GetState                         0x08000e0f   Thumb Code     6  stm32h7xx_hal_i2c.o(i.HAL_I2C_GetState)
    HAL_I2C_Init                             0x08000e15   Thumb Code   186  stm32h7xx_hal_i2c.o(i.HAL_I2C_Init)
    HAL_I2C_IsDeviceReady                    0x08000ed5   Thumb Code   238  stm32h7xx_hal_i2c.o(i.HAL_I2C_IsDeviceReady)
    HAL_I2C_ListenCpltCallback               0x08000fd5   Thumb Code     2  stm32h7xx_hal_i2c.o(i.HAL_I2C_ListenCpltCallback)
    HAL_I2C_Mem_Read                         0x08000fd9   Thumb Code   346  stm32h7xx_hal_i2c.o(i.HAL_I2C_Mem_Read)
    HAL_I2C_Mem_Write                        0x0800113d   Thumb Code   340  stm32h7xx_hal_i2c.o(i.HAL_I2C_Mem_Write)
    HAL_I2C_MspInit                          0x08001295   Thumb Code   158  i2c.o(i.HAL_I2C_MspInit)
    HAL_I2C_SlaveRxCpltCallback              0x08001341   Thumb Code     2  stm32h7xx_hal_i2c.o(i.HAL_I2C_SlaveRxCpltCallback)
    HAL_I2C_SlaveTxCpltCallback              0x08001343   Thumb Code     2  stm32h7xx_hal_i2c.o(i.HAL_I2C_SlaveTxCpltCallback)
    HAL_IncTick                              0x08001345   Thumb Code    12  stm32h7xx_hal.o(i.HAL_IncTick)
    HAL_Init                                 0x08001355   Thumb Code    74  stm32h7xx_hal.o(i.HAL_Init)
    HAL_InitTick                             0x080013b1   Thumb Code   120  stm32h7xx_hal_timebase_tim.o(i.HAL_InitTick)
    HAL_MspInit                              0x0800143d   Thumb Code    32  stm32h7xx_hal_msp.o(i.HAL_MspInit)
    HAL_NVIC_EnableIRQ                       0x08001461   Thumb Code    26  stm32h7xx_hal_cortex.o(i.HAL_NVIC_EnableIRQ)
    HAL_NVIC_SetPriority                     0x0800147d   Thumb Code    60  stm32h7xx_hal_cortex.o(i.HAL_NVIC_SetPriority)
    HAL_NVIC_SetPriorityGrouping             0x080014bd   Thumb Code    28  stm32h7xx_hal_cortex.o(i.HAL_NVIC_SetPriorityGrouping)
    HAL_PWREx_ConfigSupply                   0x080014e1   Thumb Code    78  stm32h7xx_hal_pwr_ex.o(i.HAL_PWREx_ConfigSupply)
    HAL_RCCEx_GetD3PCLK1Freq                 0x08001535   Thumb Code    26  stm32h7xx_hal_rcc_ex.o(i.HAL_RCCEx_GetD3PCLK1Freq)
    HAL_RCCEx_GetPLL2ClockFreq               0x08001559   Thumb Code   296  stm32h7xx_hal_rcc_ex.o(i.HAL_RCCEx_GetPLL2ClockFreq)
    HAL_RCCEx_GetPLL3ClockFreq               0x0800169d   Thumb Code   296  stm32h7xx_hal_rcc_ex.o(i.HAL_RCCEx_GetPLL3ClockFreq)
    HAL_RCCEx_PeriphCLKConfig                0x080017e1   Thumb Code  2472  stm32h7xx_hal_rcc_ex.o(i.HAL_RCCEx_PeriphCLKConfig)
    HAL_RCC_ClockConfig                      0x0800218d   Thumb Code   580  stm32h7xx_hal_rcc.o(i.HAL_RCC_ClockConfig)
    HAL_RCC_GetClockConfig                   0x080023e9   Thumb Code    84  stm32h7xx_hal_rcc.o(i.HAL_RCC_GetClockConfig)
    HAL_RCC_GetHCLKFreq                      0x08002445   Thumb Code    52  stm32h7xx_hal_rcc.o(i.HAL_RCC_GetHCLKFreq)
    HAL_RCC_GetPCLK1Freq                     0x08002489   Thumb Code    26  stm32h7xx_hal_rcc.o(i.HAL_RCC_GetPCLK1Freq)
    HAL_RCC_GetPCLK2Freq                     0x080024ad   Thumb Code    26  stm32h7xx_hal_rcc.o(i.HAL_RCC_GetPCLK2Freq)
    HAL_RCC_GetSysClockFreq                  0x080024d1   Thumb Code   278  stm32h7xx_hal_rcc.o(i.HAL_RCC_GetSysClockFreq)
    HAL_RCC_OscConfig                        0x08002609   Thumb Code  1410  stm32h7xx_hal_rcc.o(i.HAL_RCC_OscConfig)
    HAL_TIMEx_Break2Callback                 0x08002b8b   Thumb Code     2  stm32h7xx_hal_tim_ex.o(i.HAL_TIMEx_Break2Callback)
    HAL_TIMEx_BreakCallback                  0x08002b8d   Thumb Code     2  stm32h7xx_hal_tim_ex.o(i.HAL_TIMEx_BreakCallback)
    HAL_TIMEx_CommutCallback                 0x08002b8f   Thumb Code     2  stm32h7xx_hal_tim_ex.o(i.HAL_TIMEx_CommutCallback)
    HAL_TIM_Base_Init                        0x08002b91   Thumb Code    98  stm32h7xx_hal_tim.o(i.HAL_TIM_Base_Init)
    HAL_TIM_Base_MspInit                     0x08002bf3   Thumb Code     2  stm32h7xx_hal_tim.o(i.HAL_TIM_Base_MspInit)
    HAL_TIM_Base_Start_IT                    0x08002bf5   Thumb Code   106  stm32h7xx_hal_tim.o(i.HAL_TIM_Base_Start_IT)
    HAL_TIM_IC_CaptureCallback               0x08002c81   Thumb Code     2  stm32h7xx_hal_tim.o(i.HAL_TIM_IC_CaptureCallback)
    HAL_TIM_IRQHandler                       0x08002c83   Thumb Code   328  stm32h7xx_hal_tim.o(i.HAL_TIM_IRQHandler)
    HAL_TIM_OC_DelayElapsedCallback          0x08002dcb   Thumb Code     2  stm32h7xx_hal_tim.o(i.HAL_TIM_OC_DelayElapsedCallback)
    HAL_TIM_PWM_PulseFinishedCallback        0x08002dcd   Thumb Code     2  stm32h7xx_hal_tim.o(i.HAL_TIM_PWM_PulseFinishedCallback)
    HAL_TIM_PeriodElapsedCallback            0x08002dd1   Thumb Code    14  main.o(i.HAL_TIM_PeriodElapsedCallback)
    HAL_TIM_TriggerCallback                  0x08002de5   Thumb Code     2  stm32h7xx_hal_tim.o(i.HAL_TIM_TriggerCallback)
    HAL_UARTEx_DisableFifoMode               0x08002de7   Thumb Code    64  stm32h7xx_hal_uart_ex.o(i.HAL_UARTEx_DisableFifoMode)
    HAL_UARTEx_RxEventCallback               0x08002e27   Thumb Code     2  stm32h7xx_hal_uart.o(i.HAL_UARTEx_RxEventCallback)
    HAL_UARTEx_RxFifoFullCallback            0x08002e29   Thumb Code     2  stm32h7xx_hal_uart_ex.o(i.HAL_UARTEx_RxFifoFullCallback)
    HAL_UARTEx_SetRxFifoThreshold            0x08002e2b   Thumb Code    76  stm32h7xx_hal_uart_ex.o(i.HAL_UARTEx_SetRxFifoThreshold)
    HAL_UARTEx_SetTxFifoThreshold            0x08002e77   Thumb Code    76  stm32h7xx_hal_uart_ex.o(i.HAL_UARTEx_SetTxFifoThreshold)
    HAL_UARTEx_TxFifoEmptyCallback           0x08002ec3   Thumb Code     2  stm32h7xx_hal_uart_ex.o(i.HAL_UARTEx_TxFifoEmptyCallback)
    HAL_UARTEx_WakeupCallback                0x08002ec5   Thumb Code     2  stm32h7xx_hal_uart_ex.o(i.HAL_UARTEx_WakeupCallback)
    HAL_UART_ErrorCallback                   0x08002ec7   Thumb Code     2  stm32h7xx_hal_uart.o(i.HAL_UART_ErrorCallback)
    HAL_UART_IRQHandler                      0x08002ec9   Thumb Code   878  stm32h7xx_hal_uart.o(i.HAL_UART_IRQHandler)
    HAL_UART_Init                            0x08003251   Thumb Code   106  stm32h7xx_hal_uart.o(i.HAL_UART_Init)
    HAL_UART_MspInit                         0x080032bd   Thumb Code   142  usart.o(i.HAL_UART_MspInit)
    HAL_UART_Transmit                        0x08003359   Thumb Code   176  stm32h7xx_hal_uart.o(i.HAL_UART_Transmit)
    HAL_UART_TxCpltCallback                  0x08003409   Thumb Code     2  stm32h7xx_hal_uart.o(i.HAL_UART_TxCpltCallback)
    HardFault_Handler                        0x0800340b   Thumb Code     2  stm32h7xx_it.o(i.HardFault_Handler)
    I2C4_ER_IRQHandler                       0x0800340d   Thumb Code     6  stm32h7xx_it.o(i.I2C4_ER_IRQHandler)
    I2C4_EV_IRQHandler                       0x08003419   Thumb Code     6  stm32h7xx_it.o(i.I2C4_EV_IRQHandler)
    I2C_EE_BufferRead                        0x08003499   Thumb Code    24  i2c4.o(i.I2C_EE_BufferRead)
    I2C_EE_BufferWrite                       0x080034b5   Thumb Code   136  i2c4.o(i.I2C_EE_BufferWrite)
    I2C_EE_PageWrite                         0x0800353d   Thumb Code    66  i2c4.o(i.I2C_EE_PageWrite)
    I2C_Test                                 0x08003d75   Thumb Code   134  i2c4.o(i.I2C_Test)
    MX_FREERTOS_Init                         0x0800404d   Thumb Code    60  freertos.o(i.MX_FREERTOS_Init)
    MX_GPIO_Init                             0x080040a1   Thumb Code   130  gpio.o(i.MX_GPIO_Init)
    MX_I2C4_Init                             0x08004131   Thumb Code    76  i2c.o(i.MX_I2C4_Init)
    MX_USART1_UART_Init                      0x08004189   Thumb Code    94  usart.o(i.MX_USART1_UART_Init)
    MemManage_Handler                        0x080041f1   Thumb Code     2  stm32h7xx_it.o(i.MemManage_Handler)
    NMI_Handler                              0x080041f3   Thumb Code     2  stm32h7xx_it.o(i.NMI_Handler)
    Print_CPU_INFO                           0x080041f5   Thumb Code    58  usart.o(i.Print_CPU_INFO)
    StartDefaultTask                         0x08004505   Thumb Code     8  freertos.o(i.StartDefaultTask)
    StartTask02                              0x0800450d   Thumb Code    10  freertos.o(i.StartTask02)
    StartTask03                              0x08004517   Thumb Code    10  freertos.o(i.StartTask03)
    StartTask04                              0x08004521   Thumb Code    10  freertos.o(i.StartTask04)
    SysTick_Handler                          0x0800452b   Thumb Code    26  cmsis_os2.o(i.SysTick_Handler)
    SystemClock_Config                       0x08004545   Thumb Code   154  main.o(i.SystemClock_Config)
    SystemInit                               0x080045e9   Thumb Code   180  system_stm32h7xx.o(i.SystemInit)
    TIM6_DAC_IRQHandler                      0x080046c5   Thumb Code     6  stm32h7xx_it.o(i.TIM6_DAC_IRQHandler)
    TIM_Base_SetConfig                       0x080046d1   Thumb Code   176  stm32h7xx_hal_tim.o(i.TIM_Base_SetConfig)
    UART_AdvFeatureConfig                    0x080047e5   Thumb Code   200  stm32h7xx_hal_uart.o(i.UART_AdvFeatureConfig)
    UART_CheckIdleState                      0x080048ad   Thumb Code   170  stm32h7xx_hal_uart.o(i.UART_CheckIdleState)
    UART_SetConfig                           0x080049c1   Thumb Code   876  stm32h7xx_hal_uart.o(i.UART_SetConfig)
    UART_WaitOnFlagUntilTimeout              0x08004d6d   Thumb Code   148  stm32h7xx_hal_uart.o(i.UART_WaitOnFlagUntilTimeout)
    USART1_IRQHandler                        0x08004e01   Thumb Code     6  stm32h7xx_it.o(i.USART1_IRQHandler)
    UsageFault_Handler                       0x08004e0d   Thumb Code     2  stm32h7xx_it.o(i.UsageFault_Handler)
    __0printf$8                              0x08004e11   Thumb Code    22  printf8.o(i.__0printf$8)
    __1printf$8                              0x08004e11   Thumb Code     0  printf8.o(i.__0printf$8)
    __2printf                                0x08004e11   Thumb Code     0  printf8.o(i.__0printf$8)
    __scatterload_copy                       0x08004e53   Thumb Code    14  handlers.o(i.__scatterload_copy)
    __scatterload_null                       0x08004e61   Thumb Code     2  handlers.o(i.__scatterload_null)
    __scatterload_zeroinit                   0x08004e63   Thumb Code    14  handlers.o(i.__scatterload_zeroinit)
    fputc                                    0x080052c9   Thumb Code    20  usart.o(i.fputc)
    main                                     0x080052e1   Thumb Code   164  main.o(i.main)
    osDelay                                  0x0800538d   Thumb Code    28  cmsis_os2.o(i.osDelay)
    osKernelInitialize                       0x080053a9   Thumb Code    32  cmsis_os2.o(i.osKernelInitialize)
    osKernelStart                            0x080053cd   Thumb Code    48  cmsis_os2.o(i.osKernelStart)
    osThreadNew                              0x08005405   Thumb Code   144  cmsis_os2.o(i.osThreadNew)
    pvPortMalloc                             0x08005c31   Thumb Code   216  heap_4.o(i.pvPortMalloc)
    pxPortInitialiseStack                    0x08005d0d   Thumb Code    42  port.o(i.pxPortInitialiseStack)
    uxListRemove                             0x08005d3d   Thumb Code    38  list.o(i.uxListRemove)
    vApplicationGetIdleTaskMemory            0x08005d65   Thumb Code    18  cmsis_os2.o(i.vApplicationGetIdleTaskMemory)
    vApplicationGetTimerTaskMemory           0x08005d7d   Thumb Code    20  cmsis_os2.o(i.vApplicationGetTimerTaskMemory)
    vApplicationIdleHook                     0x08005d95   Thumb Code     2  freertos.o(i.vApplicationIdleHook)
    vApplicationTickHook                     0x08005d97   Thumb Code     2  freertos.o(i.vApplicationTickHook)
    vListInitialise                          0x08005d99   Thumb Code    22  list.o(i.vListInitialise)
    vListInitialiseItem                      0x08005daf   Thumb Code     6  list.o(i.vListInitialiseItem)
    vListInsert                              0x08005db5   Thumb Code    48  list.o(i.vListInsert)
    vListInsertEnd                           0x08005de5   Thumb Code    24  list.o(i.vListInsertEnd)
    vPortEnterCritical                       0x08005dfd   Thumb Code    54  port.o(i.vPortEnterCritical)
    vPortExitCritical                        0x08005e3d   Thumb Code    34  port.o(i.vPortExitCritical)
    vPortFree                                0x08005e65   Thumb Code    94  heap_4.o(i.vPortFree)
    vPortSetupTimerInterrupt                 0x08005ec9   Thumb Code    32  port.o(i.vPortSetupTimerInterrupt)
    vPortValidateInterruptPriority           0x08005eed   Thumb Code    74  port.o(i.vPortValidateInterruptPriority)
    vQueueAddToRegistry                      0x08005f41   Thumb Code    34  queue.o(i.vQueueAddToRegistry)
    vQueueWaitForMessageRestricted           0x08005f69   Thumb Code    68  queue.o(i.vQueueWaitForMessageRestricted)
    vTaskDelay                               0x08005fad   Thumb Code    66  tasks.o(i.vTaskDelay)
    vTaskInternalSetTimeOutState             0x08005ff9   Thumb Code    12  tasks.o(i.vTaskInternalSetTimeOutState)
    vTaskMissedYield                         0x08006009   Thumb Code     8  tasks.o(i.vTaskMissedYield)
    vTaskPlaceOnEventList                    0x08006015   Thumb Code    44  tasks.o(i.vTaskPlaceOnEventList)
    vTaskPlaceOnEventListRestricted          0x08006045   Thumb Code    52  tasks.o(i.vTaskPlaceOnEventListRestricted)
    vTaskStartScheduler                      0x0800607d   Thumb Code   118  tasks.o(i.vTaskStartScheduler)
    vTaskSuspendAll                          0x08006105   Thumb Code    10  tasks.o(i.vTaskSuspendAll)
    vTaskSwitchContext                       0x08006115   Thumb Code    90  tasks.o(i.vTaskSwitchContext)
    xPortStartScheduler                      0x08006179   Thumb Code   222  port.o(i.xPortStartScheduler)
    xPortSysTickHandler                      0x0800626d   Thumb Code    38  port.o(i.xPortSysTickHandler)
    xQueueGenericCreateStatic                0x08006299   Thumb Code   102  queue.o(i.xQueueGenericCreateStatic)
    xQueueGenericReset                       0x08006301   Thumb Code   144  queue.o(i.xQueueGenericReset)
    xQueueGenericSend                        0x08006395   Thumb Code   346  queue.o(i.xQueueGenericSend)
    xQueueGenericSendFromISR                 0x080064f5   Thumb Code   190  queue.o(i.xQueueGenericSendFromISR)
    xQueueReceive                            0x080065b5   Thumb Code   310  queue.o(i.xQueueReceive)
    xTaskCheckForTimeOut                     0x080066f1   Thumb Code   116  tasks.o(i.xTaskCheckForTimeOut)
    xTaskCreate                              0x08006769   Thumb Code    90  tasks.o(i.xTaskCreate)
    xTaskCreateStatic                        0x080067c3   Thumb Code    86  tasks.o(i.xTaskCreateStatic)
    xTaskGetSchedulerState                   0x08006819   Thumb Code    22  tasks.o(i.xTaskGetSchedulerState)
    xTaskGetTickCount                        0x08006835   Thumb Code     6  tasks.o(i.xTaskGetTickCount)
    xTaskIncrementTick                       0x08006841   Thumb Code   206  tasks.o(i.xTaskIncrementTick)
    xTaskPriorityDisinherit                  0x08006919   Thumb Code   116  tasks.o(i.xTaskPriorityDisinherit)
    xTaskRemoveFromEventList                 0x08006995   Thumb Code   100  tasks.o(i.xTaskRemoveFromEventList)
    xTaskResumeAll                           0x08006a05   Thumb Code   184  tasks.o(i.xTaskResumeAll)
    xTimerCreateTimerTask                    0x08006ac9   Thumb Code    78  timers.o(i.xTimerCreateTimerTask)
    xTimerGenericCommand                     0x08006b29   Thumb Code    98  timers.o(i.xTimerGenericCommand)
    defaultTask_attributes                   0x08006b90   Data          36  freertos.o(.constdata)
    myTask02_attributes                      0x08006bb4   Data          36  freertos.o(.constdata)
    myTask03_attributes                      0x08006bd8   Data          36  freertos.o(.constdata)
    myTask04_attributes                      0x08006bfc   Data          36  freertos.o(.constdata)
    UARTPrescTable                           0x08006c20   Data          24  stm32h7xx_hal_uart.o(.constdata)
    D1CorePrescTable                         0x08006c48   Data          16  system_stm32h7xx.o(.constdata)
    Region$$Table$$Base                      0x08006c88   Number         0  anon$$obj.o(Region$$Table)
    Region$$Table$$Limit                     0x08006ca8   Number         0  anon$$obj.o(Region$$Table)
    defaultTaskHandle                        0x24000000   Data           4  freertos.o(.data)
    myTask02Handle                           0x24000004   Data           4  freertos.o(.data)
    myTask03Handle                           0x24000008   Data           4  freertos.o(.data)
    myTask04Handle                           0x2400000c   Data           4  freertos.o(.data)
    uwTickFreq                               0x24000010   Data           1  stm32h7xx_hal.o(.data)
    uwTickPrio                               0x24000014   Data           4  stm32h7xx_hal.o(.data)
    uwTick                                   0x24000018   Data           4  stm32h7xx_hal.o(.data)
    SystemCoreClock                          0x2400001c   Data           4  system_stm32h7xx.o(.data)
    SystemD2Clock                            0x24000020   Data           4  system_stm32h7xx.o(.data)
    pxCurrentTCB                             0x24000024   Data           4  tasks.o(.data)
    __stdout                                 0x240000a4   Data           4  stdout.o(.data)
    myTask02Buffer                           0x240000a8   Data        2048  freertos.o(.bss)
    myTask02ControlBlock                     0x240008a8   Data          92  freertos.o(.bss)
    myTask03Buffer                           0x24000904   Data        2048  freertos.o(.bss)
    myTask03ControlBlock                     0x24001104   Data          92  freertos.o(.bss)
    myTask04Buffer                           0x24001160   Data        2048  freertos.o(.bss)
    myTask04ControlBlock                     0x24001960   Data          92  freertos.o(.bss)
    hi2c4                                    0x240019bc   Data          84  i2c.o(.bss)
    huart1                                   0x24001a10   Data         148  usart.o(.bss)
    htim6                                    0x24001aa4   Data          76  stm32h7xx_hal_timebase_tim.o(.bss)
    xQueueRegistry                           0x24001af0   Data          64  queue.o(.bss)
    I2c_Buf_Write                            0x240063c4   Data         256  i2c4.o(.bss)
    I2c_Buf_Read                             0x240064c4   Data         256  i2c4.o(.bss)
    __initial_sp                             0x240069c8   Data           0  startup_stm32h743xx.o(STACK)



==============================================================================

Memory Map of the image

  Image Entry point : 0x08000299

  Load Region LR_IROM1 (Base: 0x08000000, Size: 0x00006d50, Max: 0x00200000, ABSOLUTE)

    Execution Region ER_IROM1 (Exec base: 0x08000000, Load base: 0x08000000, Size: 0x00006ca8, Max: 0x00200000, ABSOLUTE)

    Exec Addr    Load Addr    Size         Type   Attr      Idx    E Section Name        Object

    0x08000000   0x08000000   0x00000298   Data   RO            3    RESET               startup_stm32h743xx.o
    0x08000298   0x08000298   0x00000000   Code   RO         6486  * .ARM.Collect$$$$00000000  mc_w.l(entry.o)
    0x08000298   0x08000298   0x00000004   Code   RO         6760    .ARM.Collect$$$$00000001  mc_w.l(entry2.o)
    0x0800029c   0x0800029c   0x00000004   Code   RO         6763    .ARM.Collect$$$$00000004  mc_w.l(entry5.o)
    0x080002a0   0x080002a0   0x00000000   Code   RO         6765    .ARM.Collect$$$$00000008  mc_w.l(entry7b.o)
    0x080002a0   0x080002a0   0x00000000   Code   RO         6767    .ARM.Collect$$$$0000000A  mc_w.l(entry8b.o)
    0x080002a0   0x080002a0   0x00000008   Code   RO         6768    .ARM.Collect$$$$0000000B  mc_w.l(entry9a.o)
    0x080002a8   0x080002a8   0x00000004   Code   RO         6775    .ARM.Collect$$$$0000000E  mc_w.l(entry12b.o)
    0x080002ac   0x080002ac   0x00000000   Code   RO         6770    .ARM.Collect$$$$0000000F  mc_w.l(entry10a.o)
    0x080002ac   0x080002ac   0x00000000   Code   RO         6772    .ARM.Collect$$$$00000011  mc_w.l(entry11a.o)
    0x080002ac   0x080002ac   0x00000004   Code   RO         6761    .ARM.Collect$$$$00002712  mc_w.l(entry2.o)
    0x080002b0   0x080002b0   0x000000be   Code   RO         6345    .emb_text           port.o
    0x0800036e   0x0800036e   0x00000002   PAD
    0x08000370   0x08000370   0x00000024   Code   RO            4    .text               startup_stm32h743xx.o
    0x08000394   0x08000394   0x00000062   Code   RO         6489    .text               mc_w.l(uldiv.o)
    0x080003f6   0x080003f6   0x00000024   Code   RO         6491    .text               mc_w.l(memcpya.o)
    0x0800041a   0x0800041a   0x00000024   Code   RO         6495    .text               mc_w.l(memseta.o)
    0x0800043e   0x0800043e   0x0000001e   Code   RO         6779    .text               mc_w.l(llshl.o)
    0x0800045c   0x0800045c   0x00000020   Code   RO         6781    .text               mc_w.l(llushr.o)
    0x0800047c   0x0800047c   0x00000024   Code   RO         6794    .text               mc_w.l(init.o)
    0x080004a0   0x080004a0   0x00000002   Code   RO          451    i.BusFault_Handler  stm32h7xx_it.o
    0x080004a2   0x080004a2   0x00000002   Code   RO          452    i.DebugMon_Handler  stm32h7xx_it.o
    0x080004a4   0x080004a4   0x00000004   Code   RO           13    i.Error_Handler     main.o
    0x080004a8   0x080004a8   0x00000360   Code   RO         1396    i.HAL_DMA_Abort     stm32h7xx_hal_dma.o
    0x08000808   0x08000808   0x00000284   Code   RO         1397    i.HAL_DMA_Abort_IT  stm32h7xx_hal_dma.o
    0x08000a8c   0x08000a8c   0x00000006   Code   RO         1400    i.HAL_DMA_GetState  stm32h7xx_hal_dma.o
    0x08000a92   0x08000a92   0x00000002   PAD
    0x08000a94   0x08000a94   0x0000022c   Code   RO         1244    i.HAL_GPIO_Init     stm32h7xx_hal_gpio.o
    0x08000cc0   0x08000cc0   0x0000000a   Code   RO         1248    i.HAL_GPIO_WritePin  stm32h7xx_hal_gpio.o
    0x08000cca   0x08000cca   0x00000002   PAD
    0x08000ccc   0x08000ccc   0x0000000c   Code   RO         2116    i.HAL_GetREVID      stm32h7xx_hal.o
    0x08000cd8   0x08000cd8   0x0000000c   Code   RO         2117    i.HAL_GetTick       stm32h7xx_hal.o
    0x08000ce4   0x08000ce4   0x00000058   Code   RO         2882    i.HAL_I2CEx_ConfigAnalogFilter  stm32h7xx_hal_i2c_ex.o
    0x08000d3c   0x08000d3c   0x00000054   Code   RO         2883    i.HAL_I2CEx_ConfigDigitalFilter  stm32h7xx_hal_i2c_ex.o
    0x08000d90   0x08000d90   0x00000002   Code   RO         2410    i.HAL_I2C_AbortCpltCallback  stm32h7xx_hal_i2c.o
    0x08000d92   0x08000d92   0x00000002   Code   RO         2411    i.HAL_I2C_AddrCallback  stm32h7xx_hal_i2c.o
    0x08000d94   0x08000d94   0x00000068   Code   RO         2414    i.HAL_I2C_ER_IRQHandler  stm32h7xx_hal_i2c.o
    0x08000dfc   0x08000dfc   0x00000010   Code   RO         2415    i.HAL_I2C_EV_IRQHandler  stm32h7xx_hal_i2c.o
    0x08000e0c   0x08000e0c   0x00000002   Code   RO         2417    i.HAL_I2C_ErrorCallback  stm32h7xx_hal_i2c.o
    0x08000e0e   0x08000e0e   0x00000006   Code   RO         2420    i.HAL_I2C_GetState  stm32h7xx_hal_i2c.o
    0x08000e14   0x08000e14   0x000000c0   Code   RO         2421    i.HAL_I2C_Init      stm32h7xx_hal_i2c.o
    0x08000ed4   0x08000ed4   0x00000100   Code   RO         2422    i.HAL_I2C_IsDeviceReady  stm32h7xx_hal_i2c.o
    0x08000fd4   0x08000fd4   0x00000002   Code   RO         2423    i.HAL_I2C_ListenCpltCallback  stm32h7xx_hal_i2c.o
    0x08000fd6   0x08000fd6   0x00000002   PAD
    0x08000fd8   0x08000fd8   0x00000164   Code   RO         2439    i.HAL_I2C_Mem_Read  stm32h7xx_hal_i2c.o
    0x0800113c   0x0800113c   0x00000158   Code   RO         2442    i.HAL_I2C_Mem_Write  stm32h7xx_hal_i2c.o
    0x08001294   0x08001294   0x000000ac   Code   RO          328    i.HAL_I2C_MspInit   i2c.o
    0x08001340   0x08001340   0x00000002   Code   RO         2447    i.HAL_I2C_SlaveRxCpltCallback  stm32h7xx_hal_i2c.o
    0x08001342   0x08001342   0x00000002   Code   RO         2448    i.HAL_I2C_SlaveTxCpltCallback  stm32h7xx_hal_i2c.o
    0x08001344   0x08001344   0x00000010   Code   RO         2123    i.HAL_IncTick       stm32h7xx_hal.o
    0x08001354   0x08001354   0x0000005c   Code   RO         2124    i.HAL_Init          stm32h7xx_hal.o
    0x080013b0   0x080013b0   0x0000008c   Code   RO          557    i.HAL_InitTick      stm32h7xx_hal_timebase_tim.o
    0x0800143c   0x0800143c   0x00000024   Code   RO          533    i.HAL_MspInit       stm32h7xx_hal_msp.o
    0x08001460   0x08001460   0x0000001a   Code   RO          604    i.HAL_NVIC_EnableIRQ  stm32h7xx_hal_cortex.o
    0x0800147a   0x0800147a   0x00000002   PAD
    0x0800147c   0x0800147c   0x00000040   Code   RO          610    i.HAL_NVIC_SetPriority  stm32h7xx_hal_cortex.o
    0x080014bc   0x080014bc   0x00000024   Code   RO          611    i.HAL_NVIC_SetPriorityGrouping  stm32h7xx_hal_cortex.o
    0x080014e0   0x080014e0   0x00000054   Code   RO         1845    i.HAL_PWREx_ConfigSupply  stm32h7xx_hal_pwr_ex.o
    0x08001534   0x08001534   0x00000024   Code   RO          865    i.HAL_RCCEx_GetD3PCLK1Freq  stm32h7xx_hal_rcc_ex.o
    0x08001558   0x08001558   0x00000144   Code   RO          867    i.HAL_RCCEx_GetPLL2ClockFreq  stm32h7xx_hal_rcc_ex.o
    0x0800169c   0x0800169c   0x00000144   Code   RO          868    i.HAL_RCCEx_GetPLL3ClockFreq  stm32h7xx_hal_rcc_ex.o
    0x080017e0   0x080017e0   0x000009ac   Code   RO          874    i.HAL_RCCEx_PeriphCLKConfig  stm32h7xx_hal_rcc_ex.o
    0x0800218c   0x0800218c   0x0000025c   Code   RO          750    i.HAL_RCC_ClockConfig  stm32h7xx_hal_rcc.o
    0x080023e8   0x080023e8   0x0000005c   Code   RO          754    i.HAL_RCC_GetClockConfig  stm32h7xx_hal_rcc.o
    0x08002444   0x08002444   0x00000044   Code   RO          755    i.HAL_RCC_GetHCLKFreq  stm32h7xx_hal_rcc.o
    0x08002488   0x08002488   0x00000024   Code   RO          757    i.HAL_RCC_GetPCLK1Freq  stm32h7xx_hal_rcc.o
    0x080024ac   0x080024ac   0x00000024   Code   RO          758    i.HAL_RCC_GetPCLK2Freq  stm32h7xx_hal_rcc.o
    0x080024d0   0x080024d0   0x00000138   Code   RO          759    i.HAL_RCC_GetSysClockFreq  stm32h7xx_hal_rcc.o
    0x08002608   0x08002608   0x00000582   Code   RO          762    i.HAL_RCC_OscConfig  stm32h7xx_hal_rcc.o
    0x08002b8a   0x08002b8a   0x00000002   Code   RO         3789    i.HAL_TIMEx_Break2Callback  stm32h7xx_hal_tim_ex.o
    0x08002b8c   0x08002b8c   0x00000002   Code   RO         3790    i.HAL_TIMEx_BreakCallback  stm32h7xx_hal_tim_ex.o
    0x08002b8e   0x08002b8e   0x00000002   Code   RO         3791    i.HAL_TIMEx_CommutCallback  stm32h7xx_hal_tim_ex.o
    0x08002b90   0x08002b90   0x00000062   Code   RO         3075    i.HAL_TIM_Base_Init  stm32h7xx_hal_tim.o
    0x08002bf2   0x08002bf2   0x00000002   Code   RO         3077    i.HAL_TIM_Base_MspInit  stm32h7xx_hal_tim.o
    0x08002bf4   0x08002bf4   0x0000008c   Code   RO         3080    i.HAL_TIM_Base_Start_IT  stm32h7xx_hal_tim.o
    0x08002c80   0x08002c80   0x00000002   Code   RO         3109    i.HAL_TIM_IC_CaptureCallback  stm32h7xx_hal_tim.o
    0x08002c82   0x08002c82   0x00000148   Code   RO         3123    i.HAL_TIM_IRQHandler  stm32h7xx_hal_tim.o
    0x08002dca   0x08002dca   0x00000002   Code   RO         3126    i.HAL_TIM_OC_DelayElapsedCallback  stm32h7xx_hal_tim.o
    0x08002dcc   0x08002dcc   0x00000002   Code   RO         3153    i.HAL_TIM_PWM_PulseFinishedCallback  stm32h7xx_hal_tim.o
    0x08002dce   0x08002dce   0x00000002   PAD
    0x08002dd0   0x08002dd0   0x00000014   Code   RO           14    i.HAL_TIM_PeriodElapsedCallback  main.o
    0x08002de4   0x08002de4   0x00000002   Code   RO         3166    i.HAL_TIM_TriggerCallback  stm32h7xx_hal_tim.o
    0x08002de6   0x08002de6   0x00000040   Code   RO         4500    i.HAL_UARTEx_DisableFifoMode  stm32h7xx_hal_uart_ex.o
    0x08002e26   0x08002e26   0x00000002   Code   RO         4089    i.HAL_UARTEx_RxEventCallback  stm32h7xx_hal_uart.o
    0x08002e28   0x08002e28   0x00000002   Code   RO         4508    i.HAL_UARTEx_RxFifoFullCallback  stm32h7xx_hal_uart_ex.o
    0x08002e2a   0x08002e2a   0x0000004c   Code   RO         4509    i.HAL_UARTEx_SetRxFifoThreshold  stm32h7xx_hal_uart_ex.o
    0x08002e76   0x08002e76   0x0000004c   Code   RO         4510    i.HAL_UARTEx_SetTxFifoThreshold  stm32h7xx_hal_uart_ex.o
    0x08002ec2   0x08002ec2   0x00000002   Code   RO         4512    i.HAL_UARTEx_TxFifoEmptyCallback  stm32h7xx_hal_uart_ex.o
    0x08002ec4   0x08002ec4   0x00000002   Code   RO         4513    i.HAL_UARTEx_WakeupCallback  stm32h7xx_hal_uart_ex.o
    0x08002ec6   0x08002ec6   0x00000002   Code   RO         4105    i.HAL_UART_ErrorCallback  stm32h7xx_hal_uart.o
    0x08002ec8   0x08002ec8   0x00000388   Code   RO         4108    i.HAL_UART_IRQHandler  stm32h7xx_hal_uart.o
    0x08003250   0x08003250   0x0000006a   Code   RO         4109    i.HAL_UART_Init     stm32h7xx_hal_uart.o
    0x080032ba   0x080032ba   0x00000002   PAD
    0x080032bc   0x080032bc   0x0000009c   Code   RO          388    i.HAL_UART_MspInit  usart.o
    0x08003358   0x08003358   0x000000b0   Code   RO         4118    i.HAL_UART_Transmit  stm32h7xx_hal_uart.o
    0x08003408   0x08003408   0x00000002   Code   RO         4121    i.HAL_UART_TxCpltCallback  stm32h7xx_hal_uart.o
    0x0800340a   0x0800340a   0x00000002   Code   RO          453    i.HardFault_Handler  stm32h7xx_it.o
    0x0800340c   0x0800340c   0x0000000c   Code   RO          454    i.I2C4_ER_IRQHandler  stm32h7xx_it.o
    0x08003418   0x08003418   0x0000000c   Code   RO          455    i.I2C4_EV_IRQHandler  stm32h7xx_it.o
    0x08003424   0x08003424   0x00000014   Code   RO         2460    i.I2C_DMAAbort      stm32h7xx_hal_i2c.o
    0x08003438   0x08003438   0x00000060   Code   RO         2466    i.I2C_Disable_IRQ   stm32h7xx_hal_i2c.o
    0x08003498   0x08003498   0x0000001c   Code   RO         6425    i.I2C_EE_BufferRead  i2c4.o
    0x080034b4   0x080034b4   0x00000088   Code   RO         6426    i.I2C_EE_BufferWrite  i2c4.o
    0x0800353c   0x0800353c   0x00000048   Code   RO         6429    i.I2C_EE_PageWrite  i2c4.o
    0x08003584   0x08003584   0x00000022   Code   RO         2468    i.I2C_Flush_TXDR    stm32h7xx_hal_i2c.o
    0x080035a6   0x080035a6   0x00000094   Code   RO         2469    i.I2C_ITAddrCplt    stm32h7xx_hal_i2c.o
    0x0800363a   0x0800363a   0x00000002   PAD
    0x0800363c   0x0800363c   0x00000120   Code   RO         2470    i.I2C_ITError       stm32h7xx_hal_i2c.o
    0x0800375c   0x0800375c   0x00000064   Code   RO         2471    i.I2C_ITListenCplt  stm32h7xx_hal_i2c.o
    0x080037c0   0x080037c0   0x00000250   Code   RO         2474    i.I2C_ITSlaveCplt   stm32h7xx_hal_i2c.o
    0x08003a10   0x08003a10   0x00000072   Code   RO         2475    i.I2C_ITSlaveSeqCplt  stm32h7xx_hal_i2c.o
    0x08003a82   0x08003a82   0x00000002   PAD
    0x08003a84   0x08003a84   0x00000110   Code   RO         2476    i.I2C_IsErrorOccurred  stm32h7xx_hal_i2c.o
    0x08003b94   0x08003b94   0x00000064   Code   RO         2481    i.I2C_RequestMemoryRead  stm32h7xx_hal_i2c.o
    0x08003bf8   0x08003bf8   0x00000064   Code   RO         2482    i.I2C_RequestMemoryWrite  stm32h7xx_hal_i2c.o
    0x08003c5c   0x08003c5c   0x00000118   Code   RO         2484    i.I2C_Slave_ISR_IT  stm32h7xx_hal_i2c.o
    0x08003d74   0x08003d74   0x0000014c   Code   RO         6430    i.I2C_Test          i2c4.o
    0x08003ec0   0x08003ec0   0x00000030   Code   RO         2485    i.I2C_TransferConfig  stm32h7xx_hal_i2c.o
    0x08003ef0   0x08003ef0   0x0000002a   Code   RO         2486    i.I2C_TreatErrorCallback  stm32h7xx_hal_i2c.o
    0x08003f1a   0x08003f1a   0x0000007c   Code   RO         2487    i.I2C_WaitOnFlagUntilTimeout  stm32h7xx_hal_i2c.o
    0x08003f96   0x08003f96   0x00000058   Code   RO         2489    i.I2C_WaitOnSTOPFlagUntilTimeout  stm32h7xx_hal_i2c.o
    0x08003fee   0x08003fee   0x0000005c   Code   RO         2490    i.I2C_WaitOnTXISFlagUntilTimeout  stm32h7xx_hal_i2c.o
    0x0800404a   0x0800404a   0x00000002   PAD
    0x0800404c   0x0800404c   0x00000054   Code   RO          248    i.MX_FREERTOS_Init  freertos.o
    0x080040a0   0x080040a0   0x00000090   Code   RO          220    i.MX_GPIO_Init      gpio.o
    0x08004130   0x08004130   0x00000058   Code   RO          329    i.MX_I2C4_Init      i2c.o
    0x08004188   0x08004188   0x00000068   Code   RO          389    i.MX_USART1_UART_Init  usart.o
    0x080041f0   0x080041f0   0x00000002   Code   RO          456    i.MemManage_Handler  stm32h7xx_it.o
    0x080041f2   0x080041f2   0x00000002   Code   RO          457    i.NMI_Handler       stm32h7xx_it.o
    0x080041f4   0x080041f4   0x000000d0   Code   RO          390    i.Print_CPU_INFO    usart.o
    0x080042c4   0x080042c4   0x00000120   Code   RO          877    i.RCCEx_PLL2_Config  stm32h7xx_hal_rcc_ex.o
    0x080043e4   0x080043e4   0x00000120   Code   RO          878    i.RCCEx_PLL3_Config  stm32h7xx_hal_rcc_ex.o
    0x08004504   0x08004504   0x00000008   Code   RO          249    i.StartDefaultTask  freertos.o
    0x0800450c   0x0800450c   0x0000000a   Code   RO          250    i.StartTask02       freertos.o
    0x08004516   0x08004516   0x0000000a   Code   RO          251    i.StartTask03       freertos.o
    0x08004520   0x08004520   0x0000000a   Code   RO          252    i.StartTask04       freertos.o
    0x0800452a   0x0800452a   0x0000001a   Code   RO         5765    i.SysTick_Handler   cmsis_os2.o
    0x08004544   0x08004544   0x000000a4   Code   RO           15    i.SystemClock_Config  main.o
    0x080045e8   0x080045e8   0x000000dc   Code   RO         4619    i.SystemInit        system_stm32h7xx.o
    0x080046c4   0x080046c4   0x0000000c   Code   RO          458    i.TIM6_DAC_IRQHandler  stm32h7xx_it.o
    0x080046d0   0x080046d0   0x000000d0   Code   RO         3168    i.TIM_Base_SetConfig  stm32h7xx_hal_tim.o
    0x080047a0   0x080047a0   0x00000044   Code   RO         4514    i.UARTEx_SetNbDataToProcess  stm32h7xx_hal_uart_ex.o
    0x080047e4   0x080047e4   0x000000c8   Code   RO         4123    i.UART_AdvFeatureConfig  stm32h7xx_hal_uart.o
    0x080048ac   0x080048ac   0x000000aa   Code   RO         4124    i.UART_CheckIdleState  stm32h7xx_hal_uart.o
    0x08004956   0x08004956   0x00000014   Code   RO         4125    i.UART_DMAAbortOnError  stm32h7xx_hal_uart.o
    0x0800496a   0x0800496a   0x00000002   PAD
    0x0800496c   0x0800496c   0x00000054   Code   RO         4135    i.UART_EndRxTransfer  stm32h7xx_hal_uart.o
    0x080049c0   0x080049c0   0x000003ac   Code   RO         4141    i.UART_SetConfig    stm32h7xx_hal_uart.o
    0x08004d6c   0x08004d6c   0x00000094   Code   RO         4148    i.UART_WaitOnFlagUntilTimeout  stm32h7xx_hal_uart.o
    0x08004e00   0x08004e00   0x0000000c   Code   RO          459    i.USART1_IRQHandler  stm32h7xx_it.o
    0x08004e0c   0x08004e0c   0x00000002   Code   RO          460    i.UsageFault_Handler  stm32h7xx_it.o
    0x08004e0e   0x08004e0e   0x00000002   PAD
    0x08004e10   0x08004e10   0x00000020   Code   RO         6706    i.__0printf$8       mc_w.l(printf8.o)
    0x08004e30   0x08004e30   0x00000022   Code   RO          617    i.__NVIC_SetPriority  stm32h7xx_hal_cortex.o
    0x08004e52   0x08004e52   0x0000000e   Code   RO         6802    i.__scatterload_copy  mc_w.l(handlers.o)
    0x08004e60   0x08004e60   0x00000002   Code   RO         6803    i.__scatterload_null  mc_w.l(handlers.o)
    0x08004e62   0x08004e62   0x0000000e   Code   RO         6804    i.__scatterload_zeroinit  mc_w.l(handlers.o)
    0x08004e70   0x08004e70   0x00000404   Code   RO         6713    i._printf_core      mc_w.l(printf8.o)
    0x08005274   0x08005274   0x00000024   Code   RO         6714    i._printf_post_padding  mc_w.l(printf8.o)
    0x08005298   0x08005298   0x0000002e   Code   RO         6715    i._printf_pre_padding  mc_w.l(printf8.o)
    0x080052c6   0x080052c6   0x00000002   PAD
    0x080052c8   0x080052c8   0x00000018   Code   RO          392    i.fputc             usart.o
    0x080052e0   0x080052e0   0x000000ac   Code   RO           16    i.main              main.o
    0x0800538c   0x0800538c   0x0000001c   Code   RO         5767    i.osDelay           cmsis_os2.o
    0x080053a8   0x080053a8   0x00000024   Code   RO         5781    i.osKernelInitialize  cmsis_os2.o
    0x080053cc   0x080053cc   0x00000038   Code   RO         5784    i.osKernelStart     cmsis_os2.o
    0x08005404   0x08005404   0x00000090   Code   RO         5826    i.osThreadNew       cmsis_os2.o
    0x08005494   0x08005494   0x0000005c   Code   RO         5226    i.prvAddCurrentTaskToDelayedList  tasks.o
    0x080054f0   0x080054f0   0x000000d0   Code   RO         5227    i.prvAddNewTaskToReadyList  tasks.o
    0x080055c0   0x080055c0   0x00000058   Code   RO         5591    i.prvCheckForValidListAndQueue  timers.o
    0x08005618   0x08005618   0x00000026   Code   RO         4823    i.prvCopyDataFromQueue  queue.o
    0x0800563e   0x0800563e   0x0000006c   Code   RO         4824    i.prvCopyDataToQueue  queue.o
    0x080056aa   0x080056aa   0x00000034   Code   RO         5228    i.prvDeleteTCB      tasks.o
    0x080056de   0x080056de   0x00000002   PAD
    0x080056e0   0x080056e0   0x00000050   Code   RO         6290    i.prvHeapInit       heap_4.o
    0x08005730   0x08005730   0x00000064   Code   RO         5229    i.prvIdleTask       tasks.o
    0x08005794   0x08005794   0x00000022   Code   RO         4826    i.prvInitialiseNewQueue  queue.o
    0x080057b6   0x080057b6   0x000000b0   Code   RO         5230    i.prvInitialiseNewTask  tasks.o
    0x08005866   0x08005866   0x00000002   PAD
    0x08005868   0x08005868   0x0000004c   Code   RO         6291    i.prvInsertBlockIntoFreeList  heap_4.o
    0x080058b4   0x080058b4   0x0000003c   Code   RO         5593    i.prvInsertTimerInActiveList  timers.o
    0x080058f0   0x080058f0   0x0000001c   Code   RO         4827    i.prvIsQueueEmpty   queue.o
    0x0800590c   0x0800590c   0x000000f8   Code   RO         5594    i.prvProcessReceivedCommands  timers.o
    0x08005a04   0x08005a04   0x000000c0   Code   RO         5595    i.prvProcessTimerOrBlockTask  timers.o
    0x08005ac4   0x08005ac4   0x00000020   Code   RO         5232    i.prvResetNextTaskUnblockTime  tasks.o
    0x08005ae4   0x08005ae4   0x00000028   Code   RO         5596    i.prvSampleTimeNow  timers.o
    0x08005b0c   0x08005b0c   0x0000006c   Code   RO         5597    i.prvSwitchTimerLists  timers.o
    0x08005b78   0x08005b78   0x00000028   Code   RO         6346    i.prvTaskExitError  port.o
    0x08005ba0   0x08005ba0   0x00000024   Code   RO         5598    i.prvTimerTask      timers.o
    0x08005bc4   0x08005bc4   0x0000006a   Code   RO         4828    i.prvUnlockQueue    queue.o
    0x08005c2e   0x08005c2e   0x00000002   PAD
    0x08005c30   0x08005c30   0x000000dc   Code   RO         6292    i.pvPortMalloc      heap_4.o
    0x08005d0c   0x08005d0c   0x00000030   Code   RO         6347    i.pxPortInitialiseStack  port.o
    0x08005d3c   0x08005d3c   0x00000026   Code   RO         4783    i.uxListRemove      list.o
    0x08005d62   0x08005d62   0x00000002   PAD
    0x08005d64   0x08005d64   0x00000018   Code   RO         5838    i.vApplicationGetIdleTaskMemory  cmsis_os2.o
    0x08005d7c   0x08005d7c   0x00000018   Code   RO         5839    i.vApplicationGetTimerTaskMemory  cmsis_os2.o
    0x08005d94   0x08005d94   0x00000002   Code   RO          253    i.vApplicationIdleHook  freertos.o
    0x08005d96   0x08005d96   0x00000002   Code   RO          254    i.vApplicationTickHook  freertos.o
    0x08005d98   0x08005d98   0x00000016   Code   RO         4784    i.vListInitialise   list.o
    0x08005dae   0x08005dae   0x00000006   Code   RO         4785    i.vListInitialiseItem  list.o
    0x08005db4   0x08005db4   0x00000030   Code   RO         4786    i.vListInsert       list.o
    0x08005de4   0x08005de4   0x00000018   Code   RO         4787    i.vListInsertEnd    list.o
    0x08005dfc   0x08005dfc   0x00000040   Code   RO         6349    i.vPortEnterCritical  port.o
    0x08005e3c   0x08005e3c   0x00000028   Code   RO         6350    i.vPortExitCritical  port.o
    0x08005e64   0x08005e64   0x00000064   Code   RO         6293    i.vPortFree         heap_4.o
    0x08005ec8   0x08005ec8   0x00000024   Code   RO         6351    i.vPortSetupTimerInterrupt  port.o
    0x08005eec   0x08005eec   0x00000054   Code   RO         6352    i.vPortValidateInterruptPriority  port.o
    0x08005f40   0x08005f40   0x00000028   Code   RO         4834    i.vQueueAddToRegistry  queue.o
    0x08005f68   0x08005f68   0x00000044   Code   RO         4838    i.vQueueWaitForMessageRestricted  queue.o
    0x08005fac   0x08005fac   0x0000004c   Code   RO         5245    i.vTaskDelay        tasks.o
    0x08005ff8   0x08005ff8   0x00000010   Code   RO         5250    i.vTaskInternalSetTimeOutState  tasks.o
    0x08006008   0x08006008   0x0000000c   Code   RO         5251    i.vTaskMissedYield  tasks.o
    0x08006014   0x08006014   0x00000030   Code   RO         5253    i.vTaskPlaceOnEventList  tasks.o
    0x08006044   0x08006044   0x00000038   Code   RO         5254    i.vTaskPlaceOnEventListRestricted  tasks.o
    0x0800607c   0x0800607c   0x00000088   Code   RO         5262    i.vTaskStartScheduler  tasks.o
    0x08006104   0x08006104   0x00000010   Code   RO         5264    i.vTaskSuspendAll   tasks.o
    0x08006114   0x08006114   0x00000064   Code   RO         5265    i.vTaskSwitchContext  tasks.o
    0x08006178   0x08006178   0x000000f4   Code   RO         6353    i.xPortStartScheduler  port.o
    0x0800626c   0x0800626c   0x0000002c   Code   RO         6354    i.xPortSysTickHandler  port.o
    0x08006298   0x08006298   0x00000066   Code   RO         4844    i.xQueueGenericCreateStatic  queue.o
    0x080062fe   0x080062fe   0x00000002   PAD
    0x08006300   0x08006300   0x00000094   Code   RO         4845    i.xQueueGenericReset  queue.o
    0x08006394   0x08006394   0x00000160   Code   RO         4846    i.xQueueGenericSend  queue.o
    0x080064f4   0x080064f4   0x000000be   Code   RO         4847    i.xQueueGenericSendFromISR  queue.o
    0x080065b2   0x080065b2   0x00000002   PAD
    0x080065b4   0x080065b4   0x0000013c   Code   RO         4856    i.xQueueReceive     queue.o
    0x080066f0   0x080066f0   0x00000078   Code   RO         5267    i.xTaskCheckForTimeOut  tasks.o
    0x08006768   0x08006768   0x0000005a   Code   RO         5268    i.xTaskCreate       tasks.o
    0x080067c2   0x080067c2   0x00000056   Code   RO         5269    i.xTaskCreateStatic  tasks.o
    0x08006818   0x08006818   0x0000001c   Code   RO         5273    i.xTaskGetSchedulerState  tasks.o
    0x08006834   0x08006834   0x0000000c   Code   RO         5274    i.xTaskGetTickCount  tasks.o
    0x08006840   0x08006840   0x000000d8   Code   RO         5276    i.xTaskIncrementTick  tasks.o
    0x08006918   0x08006918   0x0000007c   Code   RO         5279    i.xTaskPriorityDisinherit  tasks.o
    0x08006994   0x08006994   0x00000070   Code   RO         5281    i.xTaskRemoveFromEventList  tasks.o
    0x08006a04   0x08006a04   0x000000c4   Code   RO         5282    i.xTaskResumeAll    tasks.o
    0x08006ac8   0x08006ac8   0x00000060   Code   RO         5607    i.xTimerCreateTimerTask  timers.o
    0x08006b28   0x08006b28   0x00000068   Code   RO         5608    i.xTimerGenericCommand  timers.o
    0x08006b90   0x08006b90   0x00000090   Data   RO          261    .constdata          freertos.o
    0x08006c20   0x08006c20   0x00000018   Data   RO         4149    .constdata          stm32h7xx_hal_uart.o
    0x08006c38   0x08006c38   0x00000010   Data   RO         4515    .constdata          stm32h7xx_hal_uart_ex.o
    0x08006c48   0x08006c48   0x00000010   Data   RO         4620    .constdata          system_stm32h7xx.o
    0x08006c58   0x08006c58   0x00000030   Data   RO          262    .conststring        freertos.o
    0x08006c88   0x08006c88   0x00000020   Data   RO         6800    Region$$Table       anon$$obj.o


    Execution Region RW_IRAM1 (Exec base: 0x20000000, Load base: 0x08006ca8, Size: 0x00000000, Max: 0x00020000, ABSOLUTE)

    **** No section assigned to this execution region ****


    Execution Region RW_IRAM2 (Exec base: 0x24000000, Load base: 0x08006ca8, Size: 0x000069c8, Max: 0x00080000, ABSOLUTE)

    Exec Addr    Load Addr    Size         Type   Attr      Idx    E Section Name        Object

    0x24000000   0x08006ca8   0x00000010   Data   RW          263    .data               freertos.o
    0x24000010   0x08006cb8   0x0000000c   Data   RW         2146    .data               stm32h7xx_hal.o
    0x2400001c   0x08006cc4   0x00000008   Data   RW         4621    .data               system_stm32h7xx.o
    0x24000024   0x08006ccc   0x0000003c   Data   RW         5285    .data               tasks.o
    0x24000060   0x08006d08   0x00000014   Data   RW         5616    .data               timers.o
    0x24000074   0x08006d1c   0x00000004   Data   RW         5843    .data               cmsis_os2.o
    0x24000078   0x08006d20   0x00000020   Data   RW         6299    .data               heap_4.o
    0x24000098   0x08006d40   0x0000000c   Data   RW         6355    .data               port.o
    0x240000a4   0x08006d4c   0x00000004   Data   RW         6776    .data               mc_w.l(stdout.o)
    0x240000a8        -       0x00000800   Zero   RW          255    .bss                freertos.o
    0x240008a8        -       0x0000005c   Zero   RW          256    .bss                freertos.o
    0x24000904        -       0x00000800   Zero   RW          257    .bss                freertos.o
    0x24001104        -       0x0000005c   Zero   RW          258    .bss                freertos.o
    0x24001160        -       0x00000800   Zero   RW          259    .bss                freertos.o
    0x24001960        -       0x0000005c   Zero   RW          260    .bss                freertos.o
    0x240019bc        -       0x00000054   Zero   RW          330    .bss                i2c.o
    0x24001a10        -       0x00000094   Zero   RW          393    .bss                usart.o
    0x24001aa4        -       0x0000004c   Zero   RW          560    .bss                stm32h7xx_hal_timebase_tim.o
    0x24001af0        -       0x00000040   Zero   RW         4860    .bss                queue.o
    0x24001b30        -       0x000004c4   Zero   RW         5284    .bss                tasks.o
    0x24001ff4        -       0x00000118   Zero   RW         5615    .bss                timers.o
    0x2400210c        -       0x000006b8   Zero   RW         5842    .bss                cmsis_os2.o
    0x240027c4        -       0x00003c00   Zero   RW         6298    .bss                heap_4.o
    0x240063c4        -       0x00000200   Zero   RW         6431    .bss                i2c4.o
    0x240065c4   0x08006d50   0x00000004   PAD
    0x240065c8        -       0x00000400   Zero   RW            1    STACK               startup_stm32h743xx.o


==============================================================================

Image component sizes


      Code (inc. data)   RO Data    RW Data    ZI Data      Debug   Object Name

       338         22          0          4       1720      71139   cmsis_os2.o
         0          0          0          0          0      19416   event_groups.o
       126         24        192         16       6420       4966   freertos.o
       144         14          0          0          0       1051   gpio.o
       476         24          0         32      15360       4999   heap_4.o
       260         26          0          0         84       1921   i2c.o
       568        208          0          0        512       3618   i2c4.o
       138          0          0          0          0       3690   list.o
       360         24          0          0          0    1345947   main.o
       790         84          0         12          0      11661   port.o
      1530         22          0          0         64      17628   queue.o
        36          8        664          0       1024        836   startup_stm32h743xx.o
       132         32          0         12          0      22109   stm32h7xx_hal.o
       160         12          0          0          0      38830   stm32h7xx_hal_cortex.o
      1514         70          0          0          0       4518   stm32h7xx_hal_dma.o
       566         50          0          0          0       2320   stm32h7xx_hal_gpio.o
      3824        120          0          0          0      27061   stm32h7xx_hal_i2c.o
       172          0          0          0          0    1014331   stm32h7xx_hal_i2c_ex.o
        36          4          0          0          0        954   stm32h7xx_hal_msp.o
        84          6          0          0          0        793   stm32h7xx_hal_pwr_ex.o
      2558        110          0          0          0       7901   stm32h7xx_hal_rcc.o
      3736        118          0          0          0       7901   stm32h7xx_hal_rcc_ex.o
       784         66          0          0          0       7716   stm32h7xx_hal_tim.o
         6          0          0          0          0       2332   stm32h7xx_hal_tim_ex.o
       140         20          0          0         76       1611   stm32h7xx_hal_timebase_tim.o
      2754        138         24          0          0      31256   stm32h7xx_hal_uart.o
       290          6         16          0          0       5546   stm32h7xx_hal_uart_ex.o
        60         24          0          0          0       4689   stm32h7xx_it.o
         0          0          0          0          0        392   stream_buffer.o
       220         40         16          8          0       1506   system_stm32h7xx.o
      2104        164          0         60       1220      27124   tasks.o
       972         84          0         20        280      32247   timers.o
       492        178          0          0        148       4347   usart.o

    ----------------------------------------------------------------------
     25406       1698        944        164      26912    2732356   Object Totals
         0          0         32          0          0          0   (incl. Generated)
        36          0          0          0          4          0   (incl. Padding)

    ----------------------------------------------------------------------

      Code (inc. data)   RO Data    RW Data    ZI Data      Debug   Library Member Name

         0          0          0          0          0          0   entry.o
         0          0          0          0          0          0   entry10a.o
         0          0          0          0          0          0   entry11a.o
         4          0          0          0          0          0   entry12b.o
         8          4          0          0          0          0   entry2.o
         4          0          0          0          0          0   entry5.o
         0          0          0          0          0          0   entry7b.o
         0          0          0          0          0          0   entry8b.o
         8          4          0          0          0          0   entry9a.o
        30          0          0          0          0          0   handlers.o
        36          8          0          0          0         68   init.o
        30          0          0          0          0         68   llshl.o
        32          0          0          0          0         68   llushr.o
        36          0          0          0          0         68   memcpya.o
        36          0          0          0          0        108   memseta.o
      1142         54          0          0          0        352   printf8.o
         0          0          0          4          0          0   stdout.o
        98          0          0          0          0         92   uldiv.o

    ----------------------------------------------------------------------
      1466         70          0          4          0        824   Library Totals
         2          0          0          0          0          0   (incl. Padding)

    ----------------------------------------------------------------------

      Code (inc. data)   RO Data    RW Data    ZI Data      Debug   Library Name

      1464         70          0          4          0        824   mc_w.l

    ----------------------------------------------------------------------
      1466         70          0          4          0        824   Library Totals

    ----------------------------------------------------------------------

==============================================================================


      Code (inc. data)   RO Data    RW Data    ZI Data      Debug   

     26872       1768        944        168      26912    2714520   Grand Totals
     26872       1768        944        168      26912    2714520   ELF Image Totals
     26872       1768        944        168          0          0   ROM Totals

==============================================================================

    Total RO  Size (Code + RO Data)                27816 (  27.16kB)
    Total RW  Size (RW Data + ZI Data)             27080 (  26.45kB)
    Total ROM Size (Code + RO Data + RW Data)      27984 (  27.33kB)

==============================================================================

